BL51 BANKED LINKER/LOCATER V6.22.2.0                                                    01/08/2020  10:58:16  PAGE 1


BL51 BANKED LINKER/LOCATER V6.22.2.0, INVOKED BY:
C:\KEIL_V5\C51\BIN\BL51.EXE .\hex\Principal_MF.obj, .\hex\wiegand.obj, .\hex\uart.obj, .\hex\display.obj TO .\hex\print_
>> wiegand_26 PRINT (.\print_wiegand_26.m51) RAMSIZE (256)


MEMORY MODEL: LARGE


INPUT MODULES INCLUDED:
  .\hex\Principal_MF.obj (PRINCIPAL_MF)
  .\hex\wiegand.obj (WIEGAND)
  .\hex\uart.obj (UART)
  .\hex\display.obj (DISPLAY)
  C:\KEIL_V5\C51\LIB\C51L.LIB (?C_STARTUP)
  C:\KEIL_V5\C51\LIB\C51L.LIB (?C?COPY)
  C:\KEIL_V5\C51\LIB\C51L.LIB (?C?CLDOPTR)
  C:\KEIL_V5\C51\LIB\C51L.LIB (?C?LSTXDATA)
  C:\KEIL_V5\C51\LIB\C51L.LIB (?C?LSTKXDATA)
  C:\KEIL_V5\C51\LIB\C51L.LIB (PRINTF)
  C:\KEIL_V5\C51\LIB\C51L.LIB (?C_INIT)
  C:\KEIL_V5\C51\LIB\C51L.LIB (?C?CLDPTR)
  C:\KEIL_V5\C51\LIB\C51L.LIB (?C?CSTPTR)
  C:\KEIL_V5\C51\LIB\C51L.LIB (?C?PLDIXDATA)
  C:\KEIL_V5\C51\LIB\C51L.LIB (?C?PSTXDATA)
  C:\KEIL_V5\C51\LIB\C51L.LIB (?C?CCASE)
  C:\KEIL_V5\C51\LIB\C51L.LIB (PUTCHAR)


LINK MAP OF MODULE:  .\hex\print_wiegand_26 (PRINCIPAL_MF)


            TYPE    BASE      LENGTH    RELOCATION   SEGMENT NAME
            -----------------------------------------------------

            * * * * * * *   D A T A   M E M O R Y   * * * * * * *
            REG     0000H     0008H     ABSOLUTE     "REG BANK 0"
            REG     0008H     0008H     ABSOLUTE     "REG BANK 1"
            DATA    0010H     0005H     UNIT         _DATA_GROUP_
                    0015H     000BH                  *** GAP ***
            BIT     0020H.0   0004H.6   UNIT         ?BI?PRINCIPAL_MF
            BIT     0024H.6   0001H.1   UNIT         _BIT_GROUP_
                    0025H.7   0000H.1                *** GAP ***
            IDATA   0026H     0001H     UNIT         ?STACK

            * * * * * * *  X D A T A   M E M O R Y  * * * * * * *
            XDATA   0000H     01FEH     UNIT         ?XD?PRINCIPAL_MF
            XDATA   01FEH     009BH     UNIT         _XDATA_GROUP_
            XDATA   0299H     0032H     UNIT         ?XD?WIEGAND
            XDATA   02CBH     0003H     UNIT         ?XD?_DEBUG_TXT_UART?UART
            XDATA   02CEH     0001H     UNIT         ?XD?_DEBUG_CHR_LCD?WIEGAND

            * * * * * * *   C O D E   M E M O R Y   * * * * * * *
            CODE    0000H     0003H     ABSOLUTE     
            CODE    0003H     0003H     ABSOLUTE     
            CODE    0006H     000CH     UNIT         ?PR?INICIA_WIEGAND?WIEGAND
            CODE    0012H     0001H     UNIT         ?PR?WAIT?DISPLAY
            CODE    0013H     0003H     ABSOLUTE     
            CODE    0016H     000CH     UNIT         ?PR?_LCD_TEXT?DISPLAY
BL51 BANKED LINKER/LOCATER V6.22.2.0                                                  01/08/2020  10:58:16  PAGE 2


                    0022H     0001H                  *** GAP ***
            CODE    0023H     0003H     ABSOLUTE     
            CODE    0026H     21F6H     UNIT         ?PR?MAIN?PRINCIPAL_MF
            CODE    221CH     1264H     UNIT         ?PR?ATENCCOMSOFT?PRINCIPAL_MF
            CODE    3480H     0450H     UNIT         ?PR?COM_ISR?UART
            CODE    38D0H     0365H     UNIT         ?PR?PRINTF?PRINTF
            CODE    3C35H     01D1H     UNIT         ?C?LIB_CODE
            CODE    3E06H     01ACH     UNIT         ?C_INITSEG
            CODE    3FB2H     011AH     UNIT         ?PR?RX_BUS?PRINCIPAL_MF
            CODE    40CCH     0104H     UNIT         ?CO?PRINCIPAL_MF
            CODE    41D0H     00D6H     UNIT         ?PR?_SENDMSG?PRINCIPAL_MF
            CODE    42A6H     00B7H     UNIT         ?PR?_BITS_WIEGAND_HEX?WIEGAND
            CODE    435DH     00A7H     UNIT         ?PR?_TX_BUS?PRINCIPAL_MF
            CODE    4404H     009EH     UNIT         ?PR?LCD_WIEGAND?WIEGAND
            CODE    44A2H     008CH     UNIT         ?C_C51STARTUP
            CODE    452EH     0074H     UNIT         ?PR?TR_WIEGAND_SOFT?WIEGAND
            CODE    45A2H     0073H     UNIT         ?PR?_SEND_DATACLK?PRINCIPAL_MF
            CODE    4615H     0047H     UNIT         ?PR?PRG_DISP?DISPLAY
            CODE    465CH     0043H     UNIT         ?PR?_DEBUG_CHR_LCD?WIEGAND
            CODE    469FH     0043H     UNIT         ?PR?LCD_DEBUGER?WIEGAND
            CODE    46E2H     003EH     UNIT         ?PR?_DEBUG_CHR_UART?UART
            CODE    4720H     003DH     UNIT         ?PR?EX0_ISR?WIEGAND
            CODE    475DH     003DH     UNIT         ?PR?EX1_ISR?WIEGAND
            CODE    479AH     0034H     UNIT         ?CO?WIEGAND
            CODE    47CEH     0033H     UNIT         ?PR?LIMPIA_DATA?WIEGAND
            CODE    4801H     002EH     UNIT         ?PR?RELAYIO?DISPLAY
            CODE    482FH     002BH     UNIT         ?PR?_VDATA_CLK?PRINCIPAL_MF
            CODE    485AH     002AH     UNIT         ?PR?_DEBUG_TXT_UART?UART
            CODE    4884H     002AH     UNIT         ?PR?_LCD_PUTS?DISPLAY
            CODE    48AEH     002AH     UNIT         ?PR?VE_DIR?DISPLAY
            CODE    48D8H     0028H     UNIT         ?PR?_SENDRTABUS?PRINCIPAL_MF
            CODE    4900H     0027H     UNIT         ?PR?_LCD_GOTOXY?DISPLAY
            CODE    4927H     0027H     UNIT         ?PR?PUTCHAR?PUTCHAR
            CODE    494EH     0024H     UNIT         ?PR?RELEVOS_AUX?PRINCIPAL_MF
            CODE    4972H     0022H     UNIT         ?PR?AJUSTA_CODE?WIEGAND
            CODE    4994H     0022H     UNIT         ?PR?AJUSTA_CODE_26?WIEGAND
            CODE    49B6H     001EH     UNIT         ?PR?ID_ACCESS?WIEGAND
            CODE    49D4H     001CH     UNIT         ?PR?ID_ACCESS_33?WIEGAND
            CODE    49F0H     001CH     UNIT         ?PR?_ESCRIBIRCADENASOFT?UART
            CODE    4A0CH     001AH     UNIT         ?PR?BORRALCD_L1?DISPLAY
            CODE    4A26H     001AH     UNIT         ?PR?BORRALCD_L2?DISPLAY
            CODE    4A40H     0019H     UNIT         ?PR?COM_INITIALIZE?UART
            CODE    4A59H     0019H     UNIT         ?PR?_VDATO?DISPLAY
            CODE    4A72H     0018H     UNIT         ?PR?AJUSTA_CODE_26_NORMAL?WIEGAND
            CODE    4A8AH     0017H     UNIT         ?PR?BORRA?DISPLAY
            CODE    4AA1H     0016H     UNIT         ?PR?PULSO?DISPLAY
            CODE    4AB7H     0016H     UNIT         ?PR?_CONT?DISPLAY
            CODE    4ACDH     0015H     UNIT         ?PR?_WAIT_LONG1?DISPLAY
            CODE    4AE2H     0015H     UNIT         ?PR?WAIT_LONG?DISPLAY
            CODE    4AF7H     0013H     UNIT         ?PR?PULSO_BUS?PRINCIPAL_MF
            CODE    4B0AH     0012H     UNIT         ?PR?WAIT_ANCHO?DISPLAY
            CODE    4B1CH     0008H     UNIT         ?PR?_TX_CHR?UART
            CODE    4B24H     0006H     UNIT         ?PR?BORRA_ALL?DISPLAY
            CODE    4B2AH     0005H     UNIT         ?PR?INI_EX0?WIEGAND
            CODE    4B2FH     0005H     UNIT         ?PR?INI_EX1?WIEGAND
            CODE    4B34H     0003H     UNIT         ?PR?ON_INI_EX0_EX1?WIEGAND
            CODE    4B37H     0003H     UNIT         ?PR?OFF_INI_EX0_EX1?WIEGAND
BL51 BANKED LINKER/LOCATER V6.22.2.0                                                  01/08/2020  10:58:16  PAGE 3





OVERLAY MAP OF MODULE:   .\hex\print_wiegand_26 (PRINCIPAL_MF)


SEGMENT                                      BIT_GROUP          DATA_GROUP          XDATA_GROUP
  +--> CALLED SEGMENT                     START    LENGTH     START    LENGTH     START    LENGTH
-------------------------------------------------------------------------------------------------
?PR?COM_ISR?UART                          -----    -----      -----    -----      -----    -----
  +--> ?PR?_TX_CHR?UART

*** NEW ROOT ***************************************************

?C_C51STARTUP                             -----    -----      -----    -----      -----    -----
  +--> ?PR?MAIN?PRINCIPAL_MF
  +--> ?C_INITSEG

?PR?MAIN?PRINCIPAL_MF                     -----    -----      -----    -----      01FEH    005BH
  +--> ?CO?PRINCIPAL_MF
  +--> ?PR?COM_INITIALIZE?UART
  +--> ?PR?INICIA_WIEGAND?WIEGAND
  +--> ?PR?PRG_DISP?DISPLAY
  +--> ?PR?_LCD_TEXT?DISPLAY
  +--> ?PR?_CONT?DISPLAY
  +--> ?PR?_LCD_PUTS?DISPLAY
  +--> ?PR?VE_DIR?DISPLAY
  +--> ?PR?ID_ACCESS?WIEGAND
  +--> ?PR?LIMPIA_DATA?WIEGAND
  +--> ?PR?_TX_BUS?PRINCIPAL_MF
  +--> ?PR?RX_BUS?PRINCIPAL_MF
  +--> ?PR?_VDATO?DISPLAY
  +--> ?PR?_WAIT_LONG1?DISPLAY
  +--> ?PR?_VDATA_CLK?PRINCIPAL_MF
  +--> ?PR?LCD_WIEGAND?WIEGAND
  +--> ?PR?BORRALCD_L1?DISPLAY
  +--> ?PR?BORRALCD_L2?DISPLAY
  +--> ?PR?_TX_CHR?UART
  +--> ?PR?ATENCCOMSOFT?PRINCIPAL_MF
  +--> ?PR?RELEVOS_AUX?PRINCIPAL_MF

?PR?INICIA_WIEGAND?WIEGAND                -----    -----      -----    -----      -----    -----
  +--> ?PR?INI_EX0?WIEGAND
  +--> ?PR?INI_EX1?WIEGAND
  +--> ?PR?ON_INI_EX0_EX1?WIEGAND
  +--> ?PR?LIMPIA_DATA?WIEGAND

?PR?PRG_DISP?DISPLAY                      -----    -----      -----    -----      -----    -----
  +--> ?PR?WAIT_LONG?DISPLAY
  +--> ?PR?PULSO?DISPLAY
  +--> ?PR?_CONT?DISPLAY
  +--> ?PR?BORRA?DISPLAY
  +--> ?PR?WAIT?DISPLAY
  +--> ?PR?RELAYIO?DISPLAY

?PR?WAIT_LONG?DISPLAY                     -----    -----      -----    -----      -----    -----
  +--> ?PR?WAIT?DISPLAY
BL51 BANKED LINKER/LOCATER V6.22.2.0                                                  01/08/2020  10:58:16  PAGE 4



?PR?PULSO?DISPLAY                         -----    -----      -----    -----      -----    -----
  +--> ?PR?RELAYIO?DISPLAY
  +--> ?PR?WAIT_LONG?DISPLAY

?PR?_CONT?DISPLAY                         -----    -----      -----    -----      -----    -----
  +--> ?PR?PULSO?DISPLAY

?PR?BORRA?DISPLAY                         -----    -----      -----    -----      -----    -----
  +--> ?PR?_CONT?DISPLAY
  +--> ?PR?WAIT?DISPLAY

?PR?_LCD_TEXT?DISPLAY                     -----    -----      -----    -----      -----    -----
  +--> ?PR?_LCD_GOTOXY?DISPLAY
  +--> ?PR?_LCD_PUTS?DISPLAY

?PR?_LCD_GOTOXY?DISPLAY                   -----    -----      -----    -----      -----    -----
  +--> ?PR?_CONT?DISPLAY

?PR?_LCD_PUTS?DISPLAY                     -----    -----      -----    -----      0276H    0003H
  +--> ?PR?_VDATO?DISPLAY

?PR?_VDATO?DISPLAY                        -----    -----      -----    -----      -----    -----
  +--> ?PR?WAIT?DISPLAY
  +--> ?PR?PULSO?DISPLAY

?PR?VE_DIR?DISPLAY                        -----    -----      -----    -----      -----    -----
  +--> ?PR?WAIT_LONG?DISPLAY
  +--> ?PR?_CONT?DISPLAY
  +--> ?PR?_VDATO?DISPLAY

?PR?ID_ACCESS?WIEGAND                     -----    -----      -----    -----      -----    -----
  +--> ?PR?AJUSTA_CODE_26_NORMAL?WIEGAND
  +--> ?PR?LCD_WIEGAND?WIEGAND

?PR?AJUSTA_CODE_26_NORMAL?WIEGAND         -----    -----      -----    -----      -----    -----
  +--> ?PR?_BITS_WIEGAND_HEX?WIEGAND

?PR?_BITS_WIEGAND_HEX?WIEGAND             -----    -----      -----    -----      0259H    001DH
  +--> ?CO?WIEGAND
  +--> ?PR?_CONT?DISPLAY
  +--> ?PR?_LCD_PUTS?DISPLAY

?PR?LCD_WIEGAND?WIEGAND                   -----    -----      -----    -----      0259H    0018H
  +--> ?CO?WIEGAND
  +--> ?PR?BORRA_ALL?DISPLAY
  +--> ?PR?_CONT?DISPLAY
  +--> ?PR?_LCD_PUTS?DISPLAY
  +--> ?PR?PRINTF?PRINTF
  +--> ?PR?_VDATO?DISPLAY

?PR?BORRA_ALL?DISPLAY                     -----    -----      -----    -----      -----    -----
  +--> ?PR?BORRALCD_L1?DISPLAY
  +--> ?PR?BORRALCD_L2?DISPLAY

?PR?BORRALCD_L1?DISPLAY                   -----    -----      -----    -----      -----    -----
  +--> ?PR?_CONT?DISPLAY
BL51 BANKED LINKER/LOCATER V6.22.2.0                                                  01/08/2020  10:58:16  PAGE 5


  +--> ?PR?_VDATO?DISPLAY

?PR?BORRALCD_L2?DISPLAY                   -----    -----      -----    -----      -----    -----
  +--> ?PR?_CONT?DISPLAY
  +--> ?PR?_VDATO?DISPLAY

?PR?PRINTF?PRINTF                         0024H.6  0001H.1    0010H    0005H      0271H    0028H
  +--> ?PR?PUTCHAR?PUTCHAR

?PR?_TX_BUS?PRINCIPAL_MF                  0024H.6  0000H.1    -----    -----      025CH    0006H
  +--> ?PR?PULSO_BUS?PRINCIPAL_MF
  +--> ?PR?WAIT_LONG?DISPLAY

?PR?PULSO_BUS?PRINCIPAL_MF                -----    -----      -----    -----      -----    -----
  +--> ?PR?WAIT_ANCHO?DISPLAY

?PR?WAIT_ANCHO?DISPLAY                    -----    -----      -----    -----      -----    -----
  +--> ?PR?WAIT?DISPLAY

?PR?RX_BUS?PRINCIPAL_MF                   -----    -----      -----    -----      0259H    0006H

?PR?_WAIT_LONG1?DISPLAY                   -----    -----      -----    -----      -----    -----
  +--> ?PR?WAIT?DISPLAY

?PR?_VDATA_CLK?PRINCIPAL_MF               -----    -----      -----    -----      0259H    0001H
  +--> ?PR?_VDATO?DISPLAY

?PR?ATENCCOMSOFT?PRINCIPAL_MF             -----    -----      -----    -----      0259H    0002H
  +--> ?PR?_TX_CHR?UART
  +--> ?PR?_TX_BUS?PRINCIPAL_MF
  +--> ?PR?_SEND_DATACLK?PRINCIPAL_MF
  +--> ?PR?_ESCRIBIRCADENASOFT?UART
  +--> ?PR?PRG_DISP?DISPLAY
  +--> ?PR?_CONT?DISPLAY
  +--> ?PR?_VDATO?DISPLAY
  +--> ?PR?_SENDMSG?PRINCIPAL_MF
  +--> ?PR?_SENDRTABUS?PRINCIPAL_MF

?PR?_SEND_DATACLK?PRINCIPAL_MF            -----    -----      -----    -----      025BH    0004H

?PR?_ESCRIBIRCADENASOFT?UART              -----    -----      -----    -----      -----    -----
  +--> ?PR?_TX_CHR?UART

?PR?_SENDMSG?PRINCIPAL_MF                 -----    -----      -----    -----      025BH    0001H
  +--> ?PR?_TX_BUS?PRINCIPAL_MF

?PR?_SENDRTABUS?PRINCIPAL_MF              -----    -----      -----    -----      025BH    0001H
  +--> ?PR?_TX_BUS?PRINCIPAL_MF



SYMBOL TABLE OF MODULE:  .\hex\print_wiegand_26 (PRINCIPAL_MF)

  VALUE           TYPE          NAME
  ----------------------------------

  -------         MODULE        PRINCIPAL_MF
BL51 BANKED LINKER/LOCATER V6.22.2.0                                                  01/08/2020  10:58:16  PAGE 6


  C:0000H         SYMBOL        _ICE_DUMMY_
  B:0020H.0       PUBLIC        Tx_Acceso
  X:0000H         PUBLIC        tarjeta_venc
  D:0080H         PUBLIC        P0
  D:0090H         PUBLIC        P1
  D:00A0H         PUBLIC        P2
  X:0011H         PUBLIC        err_in
  D:00B0H         PUBLIC        P3
  X:0022H         PUBLIC        Cod_Dcto
  C:45B9H         PUBLIC        _send_dataCLK
  X:0023H         PUBLIC        TimeOut_Codigo
  X:0025H         PUBLIC        err_out
  B:0020H.1       PUBLIC        toggle
  B:0020H.2       PUBLIC        rx_dat
  B:00A8H.7       PUBLIC        EA
  B:0020H.3       PUBLIC        notifyEVP
  X:0036H         PUBLIC        matchPlate
  X:0047H         PUBLIC        linea
  X:0058H         PUBLIC        Ini_Dcto
  B:0020H.4       PUBLIC        Send_Tipo_Veh
  X:0059H         PUBLIC        g_cRelevos
  B:0020H.5       PUBLIC        Dato_OffLine
  X:005AH         PUBLIC        buffer_wieLPR
  B:0020H.6       PUBLIC        SerieOK
  X:005EH         PUBLIC        err_gracia
  C:3FB2H         PUBLIC        rx_bus
  B:0020H.7       PUBLIC        Tiquete_Salida
  B:00B0H.4       PUBLIC        ready
  C:4365H         PUBLIC        _tx_bus
  X:006FH         PUBLIC        serie
  X:0080H         PUBLIC        err_Caja
  B:0021H.0       PUBLIC        Dif_Mot_Car
  X:0091H         PUBLIC        len_buffer
  X:0092H         PUBLIC        g_scArrDisplay
  X:00B2H         PUBLIC        err_sinpago
  C:4AF7H         PUBLIC        Pulso_Bus
  B:0021H.1       PUBLIC        Central_ID_OFFLINE
  X:00C3H         PUBLIC        err_mifare
  X:00D4H         PUBLIC        g_cContByteRx
  B:0021H.2       PUBLIC        Atascado
  C:0026H         PUBLIC        main
  B:0021H.3       PUBLIC        SalidaW
  B:0021H.4       PUBLIC        Tiquete_Placa
  X:00D5H         PUBLIC        NumDatosPlate
  X:00D6H         PUBLIC        buffer_bus
  B:0021H.5       PUBLIC        send_markCashierAut
  B:0021H.6       PUBLIC        OrigenTipoVeh
  B:0021H.7       PUBLIC        sendactive
  B:0090H.4       PUBLIC        ledv
  C:221CH         PUBLIC        AtencComSoft
  C:482FH         PUBLIC        _vdata_clk
  B:0022H.0       PUBLIC        RetryCmd
  B:0022H.1       PUBLIC        Send_Wiegand
  B:00B0H.7       PUBLIC        SignalAcceso
  C:41D0H         PUBLIC        _SendMsg
  C:494EH         PUBLIC        relevos_aux
  D:0089H         PUBLIC        TMOD
BL51 BANKED LINKER/LOCATER V6.22.2.0                                                  01/08/2020  10:58:16  PAGE 7


  X:00F4H         PUBLIC        g_cDirBoard
  X:00F5H         PUBLIC        temp
  X:00F6H         PUBLIC        TimeOutLinea
  B:0022H.2       PUBLIC        Off_Line_Salida
  B:0022H.3       PUBLIC        retry
  B:0022H.4       PUBLIC        lectura_wiegand
  X:00F7H         PUBLIC        NumChrTicket
  B:0022H.5       PUBLIC        bandera_rx_soft
  X:00F8H         PUBLIC        xTipo_Vehiculo
  B:0022H.6       PUBLIC        txACK
  X:00F9H         PUBLIC        seg
  X:00FAH         PUBLIC        TimeRetryCmd
  X:00FBH         PUBLIC        MonthIn
  C:417BH         SYMBOL        _?ix1000
  B:0022H.7       PUBLIC        inicio_wiegand
  X:00FCH         PUBLIC        Tipo_Vehiculo
  X:00FDH         PUBLIC        MonthOut
  C:418CH         SYMBOL        _?ix1001
  C:419DH         SYMBOL        _?ix1002
  B:00B0H.5       PUBLIC        busy
  C:41AEH         SYMBOL        _?ix1003
  B:0023H.0       PUBLIC        audio1
  C:41BFH         SYMBOL        _?ix1004
  B:0023H.1       PUBLIC        audio2
  X:00FEH         PUBLIC        err_data
  B:0023H.2       PUBLIC        audio3
  X:010FH         PUBLIC        MinutIn
  B:0023H.3       PUBLIC        audio4
  X:0110H         PUBLIC        MinutOut
  X:0111H         PUBLIC        sin_sensor
  B:0088H.5       PUBLIC        TF0
  X:0122H         PUBLIC        YearIn
  D:008CH         PUBLIC        TH0
  X:0123H         PUBLIC        YearOut
  B:0023H.4       PUBLIC        Dato_Placa
  B:0023H.5       PUBLIC        ACCESO_USE_LPR
  X:0124H         PUBLIC        num_data
  X:0125H         PUBLIC        g_cEstadoComSoft
  X:0126H         PUBLIC        Rechazo
  D:008AH         PUBLIC        TL0
  X:0127H         PUBLIC        g_scArrRxComSoft
  X:0163H         PUBLIC        g_scArrTxComSoft
  B:0023H.6       PUBLIC        msg_error
  B:0088H.4       PUBLIC        TR0
  X:0195H         PUBLIC        DayIn
  B:0023H.7       PUBLIC        Habilita_Lectura
  X:0196H         PUBLIC        HourIn
  X:0197H         PUBLIC        DayOut
  B:0024H.0       PUBLIC        ErrorTx
  B:0024H.1       PUBLIC        InhabilitaPulsoEvPOut
  X:0198H         PUBLIC        HourOut
  X:0199H         PUBLIC        MSGnegado
  X:01AAH         PUBLIC        Ini_Fecha
  X:01ABH         PUBLIC        Seg_OFF
  B:0090H.6       PUBLIC        lock1
  B:0090H.5       PUBLIC        lock2
  C:48D8H         PUBLIC        _SendRtaBus
BL51 BANKED LINKER/LOCATER V6.22.2.0                                                  01/08/2020  10:58:16  PAGE 8


  X:01ACH         PUBLIC        Num_Char_LPR
  B:0024H.2       PUBLIC        FueraLinea
  X:01ADH         PUBLIC        buffer_placa
  X:01B7H         PUBLIC        err_cod
  B:0024H.3       PUBLIC        rx_serie
  X:01C8H         PUBLIC        buffer_ticket
  X:01DCH         PUBLIC        NumDatRetry
  B:0090H.7       PUBLIC        automovil
  B:00B0H.6       PUBLIC        bus_clk
  B:0024H.4       PUBLIC        Flag_Dcto
  X:01DDH         PUBLIC        TimeOut_Send_Acceso
  X:01DFH         PUBLIC        k
  X:01E0H         PUBLIC        Max_Len_Placa
  X:01E1H         PUBLIC        TimeOut_Wiegand
  X:01E3H         PUBLIC        num_chr
  B:0024H.5       PUBLIC        datos_validos
  X:01E4H         PUBLIC        BufferRetry
  X:01F8H         PUBLIC        iTimeEsperaRtaLPR
  X:01FAH         PUBLIC        OpenMensual_Apx
  B:0080H.0       PUBLIC        msg1
  X:01FCH         PUBLIC        nbitsW
  B:0080H.1       PUBLIC        msg2
  X:01FDH         PUBLIC        g_cEstadoTxSoft
  B:0080H.2       PUBLIC        msg3
  B:0080H.3       PUBLIC        msg4
  -------         PROC          PULSO_BUS
  C:4AF7H         LINE#         253
  C:4AF7H         LINE#         254
  C:4AF7H         LINE#         255
  C:4AF9H         LINE#         256
  C:4AFCH         LINE#         257
  C:4AFFH         LINE#         258
  C:4B02H         LINE#         259
  C:4B04H         LINE#         260
  C:4B07H         LINE#         261
  -------         ENDPROC       PULSO_BUS
  C:435FH         SYMBOL        L?0756
  -------         PROC          L?0755
  -------         ENDPROC       L?0755
  C:435FH         SYMBOL        L?0756
  -------         PROC          _TX_BUS
  X:025CH         SYMBOL        num_chr
  -------         DO            
  X:025DH         SYMBOL        j
  X:025EH         SYMBOL        cont
  B:0024H.6       SYMBOL        timeOut
  -------         ENDDO         
  C:4365H         LINE#         265
  C:436AH         LINE#         266
  C:436AH         LINE#         271
  C:436CH         LINE#         272
  C:436EH         LINE#         273
  C:4370H         LINE#         274
  C:437AH         LINE#         276
  C:4380H         LINE#         277
  C:4380H         LINE#         278
  C:43A4H         LINE#         279
BL51 BANKED LINKER/LOCATER V6.22.2.0                                                  01/08/2020  10:58:16  PAGE 9


  C:43B8H         LINE#         280
  C:43B8H         LINE#         281
  C:43BAH         LINE#         282
  C:43BCH         LINE#         283
  C:43BEH         LINE#         284
  C:43C0H         LINE#         285
  C:43C0H         LINE#         286
  C:43C2H         LINE#         288
  C:43C5H         LINE#         289
  C:43C5H         LINE#         290
  C:43D6H         LINE#         291
  C:43D6H         LINE#         292
  C:43E3H         LINE#         293
  C:43E6H         LINE#         294
  C:43EEH         LINE#         296
  C:43EEH         LINE#         298
  C:43F0H         LINE#         300
  C:43F2H         LINE#         302
  C:43F5H         LINE#         303
  C:43F5H         LINE#         304
  C:43F8H         LINE#         305
  C:43FBH         LINE#         306
  C:43FEH         LINE#         307
  C:4401H         LINE#         309
  C:4401H         LINE#         310
  C:4403H         LINE#         311
  -------         ENDPROC       _TX_BUS
  C:45ACH         SYMBOL        L?0754
  -------         PROC          L?0753
  -------         ENDPROC       L?0753
  C:45ACH         SYMBOL        L?0754
  -------         PROC          _SEND_DATACLK
  D:0007H         SYMBOL        fc
  X:025BH         SYMBOL        dir
  -------         DO            
  X:025DH         SYMBOL        valor
  D:0006H         SYMBOL        centena
  D:0005H         SYMBOL        decena
  D:0004H         SYMBOL        unidad
  -------         ENDDO         
  C:45B9H         LINE#         317
  C:45C1H         LINE#         318
  C:45C1H         LINE#         321
  C:45C6H         LINE#         323
  C:45C7H         LINE#         324
  C:45C8H         LINE#         325
  C:45C9H         LINE#         327
  C:45D3H         LINE#         328
  C:45D3H         LINE#         329
  C:45D7H         LINE#         330
  C:45D8H         LINE#         331
  C:45DAH         LINE#         332
  C:45E4H         LINE#         333
  C:45E4H         LINE#         334
  C:45E8H         LINE#         335
  C:45E9H         LINE#         336
  C:45EBH         LINE#         337
BL51 BANKED LINKER/LOCATER V6.22.2.0                                                  01/08/2020  10:58:16  PAGE 10


  C:45EDH         LINE#         340
  C:4604H         LINE#         341
  C:4614H         LINE#         342
  -------         ENDPROC       _SEND_DATACLK
  -------         PROC          RELEVOS_AUX
  C:494EH         LINE#         345
  C:494EH         LINE#         346
  C:494EH         LINE#         347
  C:4957H         LINE#         348
  C:4960H         LINE#         349
  C:4969H         LINE#         350
  C:4971H         LINE#         351
  -------         ENDPROC       RELEVOS_AUX
  -------         PROC          RX_BUS
  -------         DO            
  X:0259H         SYMBOL        count
  X:025DH         SYMBOL        timeOut
  X:025EH         SYMBOL        j
  -------         ENDDO         
  C:3FB2H         LINE#         354
  C:3FB2H         LINE#         355
  C:3FB2H         LINE#         357
  C:3FB7H         LINE#         361
  C:3FB9H         LINE#         362
  C:3FBDH         LINE#         363
  C:3FC3H         LINE#         364
  C:3FC3H         LINE#         365
  C:3FC7H         LINE#         366
  C:3FC9H         LINE#         367
  C:3FDBH         LINE#         368
  C:3FDBH         LINE#         369
  C:3FE5H         LINE#         370
  C:3FF1H         LINE#         371
  C:3FF1H         LINE#         372
  C:4015H         LINE#         373
  C:4029H         LINE#         374
  C:4029H         LINE#         375
  C:402CH         LINE#         376
  C:4030H         LINE#         377
  C:4030H         LINE#         378
  C:4032H         LINE#         379
  C:4041H         LINE#         380
  C:4041H         LINE#         381
  C:404FH         LINE#         382
  C:4055H         LINE#         383
  C:405FH         LINE#         384
  C:4068H         LINE#         385
  C:4068H         LINE#         386
  C:4076H         LINE#         387
  C:409AH         LINE#         388
  C:40AEH         LINE#         389
  C:40AEH         LINE#         390
  C:40B1H         LINE#         391
  C:40B5H         LINE#         392
  C:40B5H         LINE#         393
  C:40B7H         LINE#         394
  C:40B7H         LINE#         395
BL51 BANKED LINKER/LOCATER V6.22.2.0                                                  01/08/2020  10:58:16  PAGE 11


  C:40BAH         LINE#         396
  C:40BAH         LINE#         397
  C:40C0H         LINE#         398
  C:40C0H         LINE#         399
  C:40C9H         LINE#         400
  C:40C9H         LINE#         401
  C:40CBH         LINE#         403
  -------         ENDPROC       RX_BUS
  -------         PROC          _VDATA_CLK
  X:0259H         SYMBOL        data_clk
  -------         DO            
  D:0006H         SYMBOL        temp
  -------         ENDDO         
  C:482FH         LINE#         409
  C:4834H         LINE#         410
  C:4834H         LINE#         414
  C:4836H         LINE#         415
  C:4839H         LINE#         416
  C:4846H         LINE#         417
  C:4849H         LINE#         418
  C:484CH         LINE#         420
  C:4852H         LINE#         421
  C:4854H         LINE#         422
  C:4857H         LINE#         423
  -------         ENDPROC       _VDATA_CLK
  -------         PROC          _SENDMSG
  D:0007H         SYMBOL        tipo
  -------         DO            
  X:025BH         SYMBOL        i
  -------         ENDDO         
  C:41D0H         LINE#         428
  C:41D0H         LINE#         429
  C:41D0H         LINE#         433
  C:41D6H         LINE#         434
  C:41DEH         LINE#         435
  C:41DEH         LINE#         436
  C:41DEH         LINE#         437
  C:41E4H         LINE#         439
  C:41E6H         LINE#         442
  C:41E6H         LINE#         443
  C:41ECH         LINE#         445
  C:41ECH         LINE#         446
  C:41ECH         LINE#         448
  C:41FFH         LINE#         449
  C:41FFH         LINE#         450
  C:4218H         LINE#         451
  C:4220H         LINE#         452
  C:4226H         LINE#         456
  C:4229H         LINE#         457
  C:4229H         LINE#         458
  C:4230H         LINE#         459
  C:4233H         LINE#         460
  C:4233H         LINE#         461
  C:4245H         LINE#         462
  C:4245H         LINE#         463
  C:425EH         LINE#         464
  C:4266H         LINE#         470
BL51 BANKED LINKER/LOCATER V6.22.2.0                                                  01/08/2020  10:58:16  PAGE 12


  C:4266H         LINE#         471
  C:4278H         LINE#         472
  C:4278H         LINE#         473
  C:4291H         LINE#         474
  C:4299H         LINE#         475
  C:429FH         LINE#         476
  C:42A5H         LINE#         478
  C:42A5H         LINE#         482
  -------         ENDPROC       _SENDMSG
  -------         PROC          _SENDRTABUS
  X:025BH         SYMBOL        Respuesta
  C:48D8H         LINE#         484
  C:48DDH         LINE#         485
  C:48DDH         LINE#         486
  C:48E0H         LINE#         487
  C:48E0H         LINE#         488
  C:48E1H         LINE#         489
  C:48E6H         LINE#         490
  C:48E9H         LINE#         491
  C:48E9H         LINE#         492
  C:48E9H         LINE#         493
  C:48E9H         LINE#         494
  C:48E9H         LINE#         495
  C:48E9H         LINE#         496
  C:48EBH         LINE#         498
  C:48EBH         LINE#         499
  C:48F1H         LINE#         500
  C:48F9H         LINE#         501
  C:48FFH         LINE#         502
  C:48FFH         LINE#         503
  -------         ENDPROC       _SENDRTABUS
  -------         PROC          ATENCCOMSOFT
  -------         DO            
  X:0259H         SYMBOL        i
  X:025AH         SYMBOL        longTx
  -------         ENDDO         
  C:221CH         LINE#         507
  C:221CH         LINE#         508
  C:221CH         LINE#         511
  C:222EH         LINE#         512
  C:222EH         LINE#         514
  C:222EH         LINE#         518
  C:2234H         LINE#         519
  C:2234H         LINE#         520
  C:2239H         LINE#         521
  C:223EH         LINE#         523
  C:2244H         LINE#         524
  C:2244H         LINE#         525
  C:224AH         LINE#         526
  C:224FH         LINE#         527
  C:224FH         LINE#         529
  C:224FH         LINE#         531
  C:225CH         LINE#         532
  C:225CH         LINE#         534
  C:2262H         LINE#         535
  C:2262H         LINE#         536
  C:2266H         LINE#         537
BL51 BANKED LINKER/LOCATER V6.22.2.0                                                  01/08/2020  10:58:16  PAGE 13


  C:227CH         LINE#         538
  C:22ADH         LINE#         540
  C:22CBH         LINE#         541
  C:22CBH         LINE#         542
  C:22F6H         LINE#         543
  C:22FEH         LINE#         544
  C:2317H         LINE#         545
  C:231AH         LINE#         546
  C:231AH         LINE#         547
  C:2338H         LINE#         548
  C:233AH         LINE#         550
  C:233AH         LINE#         551
  C:2353H         LINE#         552
  C:2353H         LINE#         555
  C:2359H         LINE#         556
  C:2359H         LINE#         557
  C:2361H         LINE#         558
  C:2361H         LINE#         559
  C:2376H         LINE#         560
  C:2379H         LINE#         561
  C:237DH         LINE#         562
  C:237DH         LINE#         563
  C:2391H         LINE#         564
  C:2394H         LINE#         565
  C:239CH         LINE#         566
  C:239CH         LINE#         567
  C:23B1H         LINE#         568
  C:23B4H         LINE#         569
  C:23B8H         LINE#         570
  C:23B8H         LINE#         571
  C:23CCH         LINE#         572
  C:23CFH         LINE#         574
  C:23CFH         LINE#         576
  C:23D2H         LINE#         577
  C:23D2H         LINE#         578
  C:23D5H         LINE#         579
  C:23D5H         LINE#         580
  C:23DEH         LINE#         581
  C:23DEH         LINE#         582
  C:23ECH         LINE#         583
  C:23FDH         LINE#         584
  C:23FFH         LINE#         586
  C:23FFH         LINE#         587
  C:2413H         LINE#         588
  C:2413H         LINE#         589
  C:2415H         LINE#         591
  C:2415H         LINE#         592
  C:2429H         LINE#         593
  C:2429H         LINE#         595
  C:2429H         LINE#         596
  C:242BH         LINE#         598
  C:242BH         LINE#         600
  C:242EH         LINE#         601
  C:242EH         LINE#         602
  C:2437H         LINE#         603
  C:2437H         LINE#         604
  C:2445H         LINE#         605
BL51 BANKED LINKER/LOCATER V6.22.2.0                                                  01/08/2020  10:58:16  PAGE 14


  C:2447H         LINE#         607
  C:2447H         LINE#         608
  C:245AH         LINE#         609
  C:245AH         LINE#         610
  C:245CH         LINE#         612
  C:245CH         LINE#         613
  C:2475H         LINE#         614
  C:2475H         LINE#         615
  C:2475H         LINE#         618
  C:248EH         LINE#         620
  C:2494H         LINE#         621
  C:2494H         LINE#         622
  C:2497H         LINE#         623
  C:249EH         LINE#         624
  C:24A4H         LINE#         625
  C:24ABH         LINE#         626
  C:24B1H         LINE#         627
  C:24B8H         LINE#         628
  C:24BEH         LINE#         629
  C:24C5H         LINE#         632
  C:24CBH         LINE#         633
  C:24CBH         LINE#         634
  C:24E1H         LINE#         635
  C:24E4H         LINE#         636
  C:24E4H         LINE#         638
  C:24EAH         LINE#         639
  C:24F1H         LINE#         640
  C:24F7H         LINE#         641
  C:24FEH         LINE#         642
  C:2504H         LINE#         643
  C:250BH         LINE#         644
  C:2511H         LINE#         645
  C:2518H         LINE#         646
  C:251EH         LINE#         647
  C:2525H         LINE#         648
  C:253BH         LINE#         650
  C:2554H         LINE#         652
  C:2554H         LINE#         653
  C:2554H         LINE#         654
  C:2554H         LINE#         656
  C:2557H         LINE#         658
  C:2557H         LINE#         659
  C:2570H         LINE#         660
  C:2589H         LINE#         661
  C:25A2H         LINE#         662
  C:25BBH         LINE#         663
  C:25D4H         LINE#         664
  C:25EDH         LINE#         665
  C:2606H         LINE#         666
  C:261FH         LINE#         667
  C:2638H         LINE#         668
  C:2651H         LINE#         670
  C:266AH         LINE#         671
  C:2688H         LINE#         672
  C:2688H         LINE#         673
  C:26B3H         LINE#         674
  C:26BBH         LINE#         675
BL51 BANKED LINKER/LOCATER V6.22.2.0                                                  01/08/2020  10:58:16  PAGE 15


  C:26D4H         LINE#         676
  C:26D4H         LINE#         677
  C:26D4H         LINE#         678
  C:26D4H         LINE#         680
  C:26D6H         LINE#         682
  C:26D6H         LINE#         683
  C:26EFH         LINE#         684
  C:26F3H         LINE#         685
  C:26F3H         LINE#         688
  C:26F6H         LINE#         690
  C:26F6H         LINE#         691
  C:26FCH         LINE#         693
  C:2703H         LINE#         694
  C:2703H         LINE#         695
  C:2711H         LINE#         696
  C:2713H         LINE#         698
  C:2713H         LINE#         699
  C:2718H         LINE#         700
  C:2718H         LINE#         703
  C:2720H         LINE#         704
  C:273DH         LINE#         705
  C:273DH         LINE#         706
  C:275BH         LINE#         707
  C:2763H         LINE#         708
  C:2779H         LINE#         710
  C:277CH         LINE#         711
  C:277CH         LINE#         712
  C:278DH         LINE#         713
  C:278FH         LINE#         715
  C:278FH         LINE#         716
  C:27A5H         LINE#         717
  C:27A5H         LINE#         719
  C:27A8H         LINE#         720
  C:27A8H         LINE#         721
  C:27B0H         LINE#         722
  C:27B0H         LINE#         723
  C:27B6H         LINE#         724
  C:27B8H         LINE#         725
  C:27BCH         LINE#         726
  C:27BCH         LINE#         727
  C:27C2H         LINE#         728
  C:27C4H         LINE#         729
  C:27C8H         LINE#         730
  C:27C8H         LINE#         731
  C:27CEH         LINE#         732
  C:27D0H         LINE#         733
  C:27D4H         LINE#         734
  C:27D4H         LINE#         735
  C:27D4H         LINE#         736
  C:27D6H         LINE#         737
  C:27DAH         LINE#         738
  C:27DAH         LINE#         739
  C:27DAH         LINE#         740
  C:27DCH         LINE#         742
  C:27DCH         LINE#         744
  C:27DFH         LINE#         745
  C:27DFH         LINE#         746
BL51 BANKED LINKER/LOCATER V6.22.2.0                                                  01/08/2020  10:58:16  PAGE 16


  C:27E2H         LINE#         747
  C:27E2H         LINE#         748
  C:27E2H         LINE#         749
  C:27E4H         LINE#         751
  C:27E4H         LINE#         752
  C:27EAH         LINE#         753
  C:27EAH         LINE#         754
  C:27ECH         LINE#         756
  C:27ECH         LINE#         757
  C:27F1H         LINE#         758
  C:27F1H         LINE#         760
  C:27F1H         LINE#         761
  C:280DH         LINE#         762
  C:280FH         LINE#         764
  C:280FH         LINE#         765
  C:2812H         LINE#         766
  C:2812H         LINE#         767
  C:2821H         LINE#         768
  C:2821H         LINE#         769
  C:2821H         LINE#         770
  C:2823H         LINE#         772
  C:2823H         LINE#         773
  C:282DH         LINE#         774
  C:282DH         LINE#         775
  C:282FH         LINE#         777
  C:282FH         LINE#         778
  C:2845H         LINE#         779
  C:2845H         LINE#         780
  C:2845H         LINE#         782
  C:284DH         LINE#         783
  C:284DH         LINE#         784
  C:285EH         LINE#         786
  C:2865H         LINE#         787
  C:286BH         LINE#         788
  C:286BH         LINE#         789
  C:286EH         LINE#         790
  C:2875H         LINE#         791
  C:287BH         LINE#         792
  C:2882H         LINE#         793
  C:2888H         LINE#         794
  C:288FH         LINE#         795
  C:2895H         LINE#         796
  C:289CH         LINE#         797
  C:28B0H         LINE#         798
  C:28B2H         LINE#         808
  C:28B4H         LINE#         810
  C:28B4H         LINE#         811
  C:28C6H         LINE#         812
  C:28CDH         LINE#         814
  C:28CDH         LINE#         815
  C:28CDH         LINE#         820
  C:28CDH         LINE#         821
  C:28D0H         LINE#         823
  C:28DDH         LINE#         824
  C:28DDH         LINE#         825
  C:28DFH         LINE#         826
  C:28E5H         LINE#         827
BL51 BANKED LINKER/LOCATER V6.22.2.0                                                  01/08/2020  10:58:16  PAGE 17


  C:28E8H         LINE#         828
  C:28EAH         LINE#         829
  C:28ECH         LINE#         831
  C:28F2H         LINE#         832
  C:28F2H         LINE#         833
  C:28F8H         LINE#         834
  C:28F8H         LINE#         838
  C:28FEH         LINE#         839
  C:2902H         LINE#         840
  C:2910H         LINE#         841
  C:2917H         LINE#         842
  C:2925H         LINE#         843
  C:292CH         LINE#         844
  C:293AH         LINE#         845
  C:2941H         LINE#         847
  C:2945H         LINE#         848
  C:2949H         LINE#         851
  C:294CH         LINE#         852
  C:294CH         LINE#         853
  C:2954H         LINE#         854
  C:2954H         LINE#         855
  C:295AH         LINE#         856
  C:295CH         LINE#         857
  C:2960H         LINE#         858
  C:2960H         LINE#         859
  C:2966H         LINE#         860
  C:2968H         LINE#         861
  C:296CH         LINE#         862
  C:296CH         LINE#         863
  C:2972H         LINE#         864
  C:2974H         LINE#         865
  C:2978H         LINE#         866
  C:2978H         LINE#         867
  C:2978H         LINE#         868
  C:297AH         LINE#         869
  C:297EH         LINE#         870
  C:297EH         LINE#         871
  C:297EH         LINE#         872
  C:2980H         LINE#         874
  C:2980H         LINE#         876
  C:2983H         LINE#         877
  C:2983H         LINE#         878
  C:2986H         LINE#         879
  C:2986H         LINE#         880
  C:2986H         LINE#         881
  C:2988H         LINE#         883
  C:2988H         LINE#         884
  C:298EH         LINE#         885
  C:298EH         LINE#         886
  C:2990H         LINE#         888
  C:2990H         LINE#         889
  C:2995H         LINE#         890
  C:2995H         LINE#         892
  C:2995H         LINE#         893
  C:299FH         LINE#         894
  C:29A1H         LINE#         896
  C:29A1H         LINE#         897
BL51 BANKED LINKER/LOCATER V6.22.2.0                                                  01/08/2020  10:58:16  PAGE 18


  C:29A4H         LINE#         898
  C:29A4H         LINE#         899
  C:29AAH         LINE#         900
  C:29AAH         LINE#         901
  C:29AAH         LINE#         902
  C:29ACH         LINE#         904
  C:29ACH         LINE#         905
  C:29AFH         LINE#         906
  C:29AFH         LINE#         907
  C:29B1H         LINE#         909
  C:29B1H         LINE#         910
  C:29B7H         LINE#         911
  C:29B7H         LINE#         912
  C:29B7H         LINE#         914
  C:29BDH         LINE#         917
  C:29CBH         LINE#         918
  C:29D9H         LINE#         919
  C:29E7H         LINE#         920
  C:29F5H         LINE#         921
  C:2A03H         LINE#         924
  C:2A09H         LINE#         925
  C:2A17H         LINE#         926
  C:2A25H         LINE#         927
  C:2A33H         LINE#         928
  C:2A41H         LINE#         929
  C:2A4FH         LINE#         930
  C:2A55H         LINE#         931
  C:2A66H         LINE#         933
  C:2A69H         LINE#         934
  C:2A69H         LINE#         937
  C:2A8AH         LINE#         938
  C:2A8AH         LINE#         939
  C:2AAFH         LINE#         940
  C:2AB7H         LINE#         941
  C:2AB7H         LINE#         943
  C:2AB7H         LINE#         944
  C:2ACBH         LINE#         945
  C:2ACBH         LINE#         946
  C:2ACBH         LINE#         947
  C:2ACBH         LINE#         948
  C:2ACBH         LINE#         954
  C:2ACEH         LINE#         956
  C:2ACEH         LINE#         957
  C:2AD4H         LINE#         958
  C:2AD8H         LINE#         959
  C:2AE6H         LINE#         960
  C:2AEDH         LINE#         961
  C:2AFBH         LINE#         962
  C:2B02H         LINE#         963
  C:2B10H         LINE#         964
  C:2B17H         LINE#         966
  C:2B1BH         LINE#         967
  C:2B1FH         LINE#         969
  C:2B22H         LINE#         970
  C:2B22H         LINE#         971
  C:2B25H         LINE#         972
  C:2B25H         LINE#         973
BL51 BANKED LINKER/LOCATER V6.22.2.0                                                  01/08/2020  10:58:16  PAGE 19


  C:2B27H         LINE#         974
  C:2B29H         LINE#         976
  C:2B29H         LINE#         977
  C:2B2FH         LINE#         978
  C:2B2FH         LINE#         979
  C:2B31H         LINE#         981
  C:2B31H         LINE#         982
  C:2B37H         LINE#         983
  C:2B37H         LINE#         985
  C:2B3DH         LINE#         986
  C:2B3FH         LINE#         988
  C:2B3FH         LINE#         992
  C:2B42H         LINE#         994
  C:2B42H         LINE#         996
  C:2B48H         LINE#         997
  C:2B4CH         LINE#         998
  C:2B5AH         LINE#         999
  C:2B61H         LINE#         1000
  C:2B6FH         LINE#         1001
  C:2B76H         LINE#         1002
  C:2B84H         LINE#         1003
  C:2B8BH         LINE#         1005
  C:2B8FH         LINE#         1006
  C:2B93H         LINE#         1009
  C:2B96H         LINE#         1010
  C:2B96H         LINE#         1011
  C:2B9EH         LINE#         1012
  C:2B9EH         LINE#         1013
  C:2BA4H         LINE#         1014
  C:2BA6H         LINE#         1015
  C:2BAAH         LINE#         1016
  C:2BAAH         LINE#         1017
  C:2BB0H         LINE#         1018
  C:2BB2H         LINE#         1019
  C:2BB6H         LINE#         1020
  C:2BB6H         LINE#         1021
  C:2BBCH         LINE#         1022
  C:2BBEH         LINE#         1023
  C:2BC2H         LINE#         1024
  C:2BC2H         LINE#         1025
  C:2BC2H         LINE#         1026
  C:2BC4H         LINE#         1027
  C:2BC8H         LINE#         1028
  C:2BC8H         LINE#         1029
  C:2BC8H         LINE#         1030
  C:2BCAH         LINE#         1032
  C:2BCAH         LINE#         1034
  C:2BCDH         LINE#         1035
  C:2BCDH         LINE#         1036
  C:2BD0H         LINE#         1037
  C:2BD0H         LINE#         1038
  C:2BD0H         LINE#         1039
  C:2BD2H         LINE#         1041
  C:2BD2H         LINE#         1042
  C:2BD8H         LINE#         1043
  C:2BD8H         LINE#         1044
  C:2BDAH         LINE#         1046
BL51 BANKED LINKER/LOCATER V6.22.2.0                                                  01/08/2020  10:58:16  PAGE 20


  C:2BDAH         LINE#         1047
  C:2BDFH         LINE#         1048
  C:2BDFH         LINE#         1050
  C:2BDFH         LINE#         1051
  C:2BE9H         LINE#         1052
  C:2BEBH         LINE#         1054
  C:2BEBH         LINE#         1055
  C:2BEEH         LINE#         1056
  C:2BEEH         LINE#         1057
  C:2BF4H         LINE#         1058
  C:2BF4H         LINE#         1059
  C:2BF4H         LINE#         1060
  C:2BF6H         LINE#         1062
  C:2BF6H         LINE#         1063
  C:2BF9H         LINE#         1064
  C:2BF9H         LINE#         1065
  C:2BFBH         LINE#         1067
  C:2BFBH         LINE#         1068
  C:2C01H         LINE#         1069
  C:2C01H         LINE#         1070
  C:2C01H         LINE#         1072
  C:2C07H         LINE#         1075
  C:2C15H         LINE#         1076
  C:2C23H         LINE#         1077
  C:2C31H         LINE#         1078
  C:2C3FH         LINE#         1079
  C:2C4DH         LINE#         1081
  C:2C53H         LINE#         1082
  C:2C53H         LINE#         1084
  C:2C59H         LINE#         1085
  C:2C67H         LINE#         1086
  C:2C75H         LINE#         1087
  C:2C83H         LINE#         1088
  C:2C91H         LINE#         1089
  C:2C9FH         LINE#         1090
  C:2CA5H         LINE#         1091
  C:2CB6H         LINE#         1093
  C:2CB9H         LINE#         1094
  C:2CB9H         LINE#         1097
  C:2CD7H         LINE#         1098
  C:2CD7H         LINE#         1099
  C:2CFCH         LINE#         1100
  C:2D04H         LINE#         1101
  C:2D18H         LINE#         1102
  C:2D2CH         LINE#         1103
  C:2D31H         LINE#         1105
  C:2D34H         LINE#         1107
  C:2D34H         LINE#         1108
  C:2D48H         LINE#         1109
  C:2D5CH         LINE#         1110
  C:2D70H         LINE#         1111
  C:2D75H         LINE#         1112
  C:2D75H         LINE#         1116
  C:2D78H         LINE#         1118
  C:2D78H         LINE#         1119
  C:2D7EH         LINE#         1120
  C:2D87H         LINE#         1121
BL51 BANKED LINKER/LOCATER V6.22.2.0                                                  01/08/2020  10:58:16  PAGE 21


  C:2D90H         LINE#         1122
  C:2D99H         LINE#         1123
  C:2DA2H         LINE#         1124
  C:2DABH         LINE#         1126
  C:2DB1H         LINE#         1127
  C:2DC2H         LINE#         1129
  C:2DC8H         LINE#         1130
  C:2DC8H         LINE#         1131
  C:2DCAH         LINE#         1132
  C:2DF1H         LINE#         1133
  C:2DF1H         LINE#         1134
  C:2E16H         LINE#         1135
  C:2E1EH         LINE#         1136
  C:2E32H         LINE#         1137
  C:2E46H         LINE#         1138
  C:2E4BH         LINE#         1139
  C:2E4DH         LINE#         1141
  C:2E4DH         LINE#         1142
  C:2E61H         LINE#         1143
  C:2E75H         LINE#         1144
  C:2E89H         LINE#         1145
  C:2E91H         LINE#         1146
  C:2E91H         LINE#         1151
  C:2E91H         LINE#         1153
  C:2E91H         LINE#         1158
  C:2E91H         LINE#         1159
  C:2E94H         LINE#         1161
  C:2EA2H         LINE#         1162
  C:2EA2H         LINE#         1163
  C:2EA6H         LINE#         1164
  C:2EA6H         LINE#         1165
  C:2EA6H         LINE#         1167
  C:2EA9H         LINE#         1170
  C:2EA9H         LINE#         1172
  C:2EACH         LINE#         1173
  C:2EACH         LINE#         1174
  C:2EAEH         LINE#         1175
  C:2ECDH         LINE#         1176
  C:2ECDH         LINE#         1177
  C:2EEBH         LINE#         1178
  C:2EF3H         LINE#         1179
  C:2EF6H         LINE#         1180
  C:2EF6H         LINE#         1181
  C:2EF6H         LINE#         1182
  C:2EF9H         LINE#         1185
  C:2F16H         LINE#         1186
  C:2F16H         LINE#         1187
  C:2F19H         LINE#         1188
  C:2F38H         LINE#         1189
  C:2F38H         LINE#         1190
  C:2F56H         LINE#         1191
  C:2F5EH         LINE#         1192
  C:2F61H         LINE#         1194
  C:2F66H         LINE#         1195
  C:2F6BH         LINE#         1196
  C:2F70H         LINE#         1197
  C:2F75H         LINE#         1198
BL51 BANKED LINKER/LOCATER V6.22.2.0                                                  01/08/2020  10:58:16  PAGE 22


  C:2F7AH         LINE#         1199
  C:2F7CH         LINE#         1200
  C:2F81H         LINE#         1202
  C:2F84H         LINE#         1203
  C:2F94H         LINE#         1204
  C:2F94H         LINE#         1205
  C:2F94H         LINE#         1206
  C:2F94H         LINE#         1208
  C:2F94H         LINE#         1209
  C:2F94H         LINE#         1210
  C:2F94H         LINE#         1216
  C:2F94H         LINE#         1217
  C:2F9DH         LINE#         1218
  C:2F9DH         LINE#         1220
  C:2F9DH         LINE#         1221
  C:2FA2H         LINE#         1222
  C:2FA2H         LINE#         1223
  C:2FA5H         LINE#         1224
  C:2FA5H         LINE#         1225
  C:2FA8H         LINE#         1226
  C:2FA8H         LINE#         1227
  C:2FABH         LINE#         1228
  C:2FABH         LINE#         1229
  C:2FAEH         LINE#         1230
  C:2FAEH         LINE#         1231
  C:2FAEH         LINE#         1232
  C:2FAEH         LINE#         1233
  C:2FAEH         LINE#         1234
  C:2FAEH         LINE#         1235
  C:2FAEH         LINE#         1236
  C:2FAEH         LINE#         1237
  C:2FAEH         LINE#         1238
  C:2FB0H         LINE#         1240
  C:2FB0H         LINE#         1241
  C:2FB3H         LINE#         1242
  C:2FB3H         LINE#         1243
  C:2FB5H         LINE#         1244
  C:2FBBH         LINE#         1245
  C:2FBEH         LINE#         1246
  C:2FC0H         LINE#         1247
  C:2FC2H         LINE#         1248
  C:2FC2H         LINE#         1249
  C:2FC2H         LINE#         1251
  C:2FC2H         LINE#         1252
  C:2FC2H         LINE#         1254
  C:2FC8H         LINE#         1255
  C:2FC8H         LINE#         1256
  C:2FCAH         LINE#         1258
  C:2FFEH         LINE#         1259
  C:2FFEH         LINE#         1260
  C:3000H         LINE#         1261
  C:3003H         LINE#         1262
  C:301DH         LINE#         1263
  C:301DH         LINE#         1264
  C:3024H         LINE#         1265
  C:3027H         LINE#         1266
  C:3029H         LINE#         1268
BL51 BANKED LINKER/LOCATER V6.22.2.0                                                  01/08/2020  10:58:16  PAGE 23


  C:302BH         LINE#         1269
  C:302DH         LINE#         1270
  C:302FH         LINE#         1272
  C:3034H         LINE#         1273
  C:303AH         LINE#         1274
  C:3040H         LINE#         1275
  C:3042H         LINE#         1276
  C:3048H         LINE#         1278
  C:304BH         LINE#         1279
  C:308BH         LINE#         1280
  C:308BH         LINE#         1281
  C:308DH         LINE#         1282
  C:308FH         LINE#         1283
  C:30E1H         LINE#         1284
  C:30E1H         LINE#         1285
  C:30E6H         LINE#         1286
  C:30E9H         LINE#         1287
  C:3159H         LINE#         1288
  C:3159H         LINE#         1289
  C:315BH         LINE#         1290
  C:315EH         LINE#         1292
  C:31CEH         LINE#         1293
  C:31CEH         LINE#         1294
  C:31D0H         LINE#         1295
  C:31D3H         LINE#         1296
  C:324FH         LINE#         1297
  C:324FH         LINE#         1298
  C:3251H         LINE#         1299
  C:3254H         LINE#         1300
  C:32D0H         LINE#         1301
  C:32D0H         LINE#         1302
  C:32D2H         LINE#         1303
  C:32D5H         LINE#         1304
  C:3327H         LINE#         1305
  C:3327H         LINE#         1306
  C:3329H         LINE#         1308
  C:332CH         LINE#         1309
  C:337EH         LINE#         1310
  C:337EH         LINE#         1311
  C:3380H         LINE#         1313
  C:3382H         LINE#         1314
  C:33D4H         LINE#         1315
  C:33D4H         LINE#         1316
  C:33D9H         LINE#         1317
  C:33D9H         LINE#         1319
  C:33DEH         LINE#         1320
  C:340DH         LINE#         1321
  C:340DH         LINE#         1322
  C:341CH         LINE#         1323
  C:3424H         LINE#         1324
  C:3429H         LINE#         1325
  C:3458H         LINE#         1326
  C:3458H         LINE#         1327
  C:345BH         LINE#         1328
  C:345BH         LINE#         1329
  C:346AH         LINE#         1330
  C:346AH         LINE#         1331
BL51 BANKED LINKER/LOCATER V6.22.2.0                                                  01/08/2020  10:58:16  PAGE 24


  C:3472H         LINE#         1333
  C:3472H         LINE#         1336
  C:3472H         LINE#         1338
  C:3477H         LINE#         1339
  C:3479H         LINE#         1341
  C:347AH         LINE#         1343
  C:347AH         LINE#         1344
  C:347FH         LINE#         1345
  C:347FH         LINE#         1347
  C:347FH         LINE#         1348
  -------         ENDPROC       ATENCCOMSOFT
  -------         PROC          MAIN
  -------         DO            
  X:01FEH         SYMBOL        MSGnotify
  X:020FH         SYMBOL        msgdir
  X:0220H         SYMBOL        sin_resp
  X:0231H         SYMBOL        resp_NACK
  X:0242H         SYMBOL        SendCode
  X:0253H         SYMBOL        k
  X:0254H         SYMBOL        i
  X:0255H         SYMBOL        NumDatValidar
  X:0256H         SYMBOL        PosComa
  X:0258H         SYMBOL        temp
  -------         ENDDO         
  C:0026H         LINE#         1355
  C:0026H         LINE#         1356
  C:0026H         LINE#         1358
  C:0039H         LINE#         1359
  C:004CH         LINE#         1360
  C:005FH         LINE#         1361
  C:0072H         LINE#         1362
  C:0085H         LINE#         1369
  C:0088H         LINE#         1370
  C:008BH         LINE#         1371
  C:008DH         LINE#         1372
  C:0090H         LINE#         1374
  C:0098H         LINE#         1375
  C:009AH         LINE#         1376
  C:009DH         LINE#         1377
  C:009FH         LINE#         1378
  C:00A1H         LINE#         1380
  C:00A3H         LINE#         1381
  C:00A5H         LINE#         1382
  C:00A7H         LINE#         1383
  C:00A9H         LINE#         1389
  C:00ABH         LINE#         1390
  C:00B1H         LINE#         1391
  C:00B7H         LINE#         1392
  C:00BDH         LINE#         1393
  C:00C3H         LINE#         1394
  C:00C5H         LINE#         1396
  C:00C7H         LINE#         1397
  C:00C9H         LINE#         1399
  C:00CBH         LINE#         1400
  C:00CDH         LINE#         1402
  C:00CFH         LINE#         1403
  C:00D1H         LINE#         1405
BL51 BANKED LINKER/LOCATER V6.22.2.0                                                  01/08/2020  10:58:16  PAGE 25


  C:00D3H         LINE#         1406
  C:00D5H         LINE#         1408
  C:00D7H         LINE#         1409
  C:00DCH         LINE#         1410
  C:00DEH         LINE#         1411
  C:00E0H         LINE#         1412
  C:00E2H         LINE#         1413
  C:00E6H         LINE#         1414
  C:00ECH         LINE#         1415
  C:00EEH         LINE#         1416
  C:00F4H         LINE#         1417
  C:00F6H         LINE#         1421
  C:00F8H         LINE#         1422
  C:00FAH         LINE#         1423
  C:00FCH         LINE#         1424
  C:00FEH         LINE#         1427
  C:0100H         LINE#         1429
  C:0102H         LINE#         1430
  C:0106H         LINE#         1431
  C:0108H         LINE#         1434
  C:0113H         LINE#         1436
  C:0118H         LINE#         1437
  C:0121H         LINE#         1438
  C:0124H         LINE#         1440
  C:0126H         LINE#         1441
  C:0128H         LINE#         1442
  C:0128H         LINE#         1443
  C:0128H         LINE#         1445
  C:0128H         LINE#         1447
  C:0128H         LINE#         1448
  C:0128H         LINE#         1450
  C:012BH         LINE#         1451
  C:0131H         LINE#         1453
  C:0142H         LINE#         1454
  C:0142H         LINE#         1456
  C:0148H         LINE#         1457
  C:0148H         LINE#         1458
  C:014EH         LINE#         1459
  C:0151H         LINE#         1461
  C:0154H         LINE#         1463
  C:0157H         LINE#         1464
  C:0157H         LINE#         1466
  C:0161H         LINE#         1467
  C:0161H         LINE#         1468
  C:0167H         LINE#         1469
  C:016BH         LINE#         1470
  C:0174H         LINE#         1471
  C:017DH         LINE#         1472
  C:0186H         LINE#         1473
  C:018AH         LINE#         1475
  C:018FH         LINE#         1476
  C:0192H         LINE#         1477
  C:0195H         LINE#         1479
  C:019BH         LINE#         1480
  C:019FH         LINE#         1481
  C:01A6H         LINE#         1482
  C:01B0H         LINE#         1483
BL51 BANKED LINKER/LOCATER V6.22.2.0                                                  01/08/2020  10:58:16  PAGE 26


  C:01B2H         LINE#         1485
  C:01B2H         LINE#         1486
  C:01B2H         LINE#         1487
  C:01B2H         LINE#         1489
  C:01B4H         LINE#         1491
  C:01B4H         LINE#         1492
  C:01BAH         LINE#         1493
  C:01BEH         LINE#         1494
  C:01C6H         LINE#         1495
  C:01CEH         LINE#         1496
  C:01D6H         LINE#         1497
  C:01DAH         LINE#         1498
  C:01E0H         LINE#         1499
  C:01E4H         LINE#         1500
  C:01EAH         LINE#         1501
  C:01F3H         LINE#         1502
  C:01F3H         LINE#         1504
  C:01F5H         LINE#         1506
  C:01F5H         LINE#         1507
  C:0202H         LINE#         1508
  C:0209H         LINE#         1509
  C:0209H         LINE#         1512
  C:020FH         LINE#         1513
  C:020FH         LINE#         1514
  C:0263H         LINE#         1515
  C:0263H         LINE#         1516
  C:0263H         LINE#         1517
  C:0263H         LINE#         1518
  C:0263H         LINE#         1519
  C:0263H         LINE#         1520
  C:0263H         LINE#         1521
  C:0263H         LINE#         1522
  C:0266H         LINE#         1523
  C:02B5H         LINE#         1524
  C:02B5H         LINE#         1525
  C:02B5H         LINE#         1526
  C:02B5H         LINE#         1527
  C:02B5H         LINE#         1528
  C:02B5H         LINE#         1529
  C:02B5H         LINE#         1530
  C:02B5H         LINE#         1531
  C:02B8H         LINE#         1532
  C:030BH         LINE#         1533
  C:030BH         LINE#         1534
  C:030BH         LINE#         1535
  C:030BH         LINE#         1536
  C:030BH         LINE#         1537
  C:030BH         LINE#         1538
  C:030BH         LINE#         1539
  C:030BH         LINE#         1540
  C:030EH         LINE#         1541
  C:0364H         LINE#         1542
  C:0364H         LINE#         1543
  C:0364H         LINE#         1544
  C:0364H         LINE#         1545
  C:0364H         LINE#         1546
  C:0364H         LINE#         1547
BL51 BANKED LINKER/LOCATER V6.22.2.0                                                  01/08/2020  10:58:16  PAGE 27


  C:0364H         LINE#         1548
  C:0364H         LINE#         1549
  C:0367H         LINE#         1550
  C:03A6H         LINE#         1551
  C:03A6H         LINE#         1552
  C:03A6H         LINE#         1553
  C:03A6H         LINE#         1554
  C:03A6H         LINE#         1555
  C:03A6H         LINE#         1556
  C:03A6H         LINE#         1557
  C:03A6H         LINE#         1558
  C:03A8H         LINE#         1559
  C:03D0H         LINE#         1560
  C:03D0H         LINE#         1561
  C:03D0H         LINE#         1562
  C:03D0H         LINE#         1563
  C:03D0H         LINE#         1564
  C:03D0H         LINE#         1565
  C:03D0H         LINE#         1566
  C:03D0H         LINE#         1567
  C:03D2H         LINE#         1568
  C:03FDH         LINE#         1569
  C:03FDH         LINE#         1570
  C:03FFH         LINE#         1571
  C:0401H         LINE#         1572
  C:0407H         LINE#         1573
  C:040AH         LINE#         1574
  C:040CH         LINE#         1575
  C:040EH         LINE#         1576
  C:040EH         LINE#         1577
  C:040EH         LINE#         1581
  C:0410H         LINE#         1583
  C:0410H         LINE#         1585
  C:0418H         LINE#         1586
  C:0418H         LINE#         1587
  C:041BH         LINE#         1589
  C:041EH         LINE#         1590
  C:042BH         LINE#         1591
  C:0432H         LINE#         1592
  C:0432H         LINE#         1595
  C:0432H         LINE#         1600
  C:0438H         LINE#         1601
  C:0438H         LINE#         1602
  C:043EH         LINE#         1603
  C:0440H         LINE#         1604
  C:0443H         LINE#         1616
  C:044CH         LINE#         1617
  C:044CH         LINE#         1618
  C:0458H         LINE#         1619
  C:0458H         LINE#         1620
  C:045AH         LINE#         1621
  C:045AH         LINE#         1623
  C:0485H         LINE#         1624
  C:0485H         LINE#         1625
  C:0488H         LINE#         1626
  C:049BH         LINE#         1627
  C:049BH         LINE#         1628
BL51 BANKED LINKER/LOCATER V6.22.2.0                                                  01/08/2020  10:58:16  PAGE 28


  C:04A0H         LINE#         1629
  C:04B6H         LINE#         1630
  C:04B6H         LINE#         1631
  C:04B9H         LINE#         1632
  C:04C1H         LINE#         1633
  C:04C6H         LINE#         1634
  C:04D2H         LINE#         1635
  C:04D5H         LINE#         1637
  C:04DDH         LINE#         1638
  C:04DDH         LINE#         1639
  C:04E2H         LINE#         1640
  C:04FBH         LINE#         1641
  C:04FBH         LINE#         1642
  C:04FEH         LINE#         1643
  C:0506H         LINE#         1645
  C:0506H         LINE#         1646
  C:050EH         LINE#         1647
  C:050EH         LINE#         1649
  C:051AH         LINE#         1651
  C:051DH         LINE#         1652
  C:0525H         LINE#         1653
  C:0525H         LINE#         1654
  C:052AH         LINE#         1655
  C:0543H         LINE#         1656
  C:0543H         LINE#         1657
  C:0546H         LINE#         1658
  C:054EH         LINE#         1659
  C:054EH         LINE#         1660
  C:0556H         LINE#         1661
  C:0556H         LINE#         1662
  C:055BH         LINE#         1663
  C:0574H         LINE#         1664
  C:0574H         LINE#         1665
  C:0577H         LINE#         1666
  C:057FH         LINE#         1667
  C:057FH         LINE#         1668
  C:0587H         LINE#         1669
  C:0587H         LINE#         1671
  C:058CH         LINE#         1672
  C:0595H         LINE#         1675
  C:059CH         LINE#         1679
  C:059FH         LINE#         1680
  C:05A7H         LINE#         1681
  C:05A7H         LINE#         1682
  C:05ACH         LINE#         1683
  C:05C5H         LINE#         1684
  C:05C5H         LINE#         1685
  C:05C8H         LINE#         1686
  C:05D0H         LINE#         1687
  C:05D0H         LINE#         1689
  C:05D8H         LINE#         1690
  C:05D8H         LINE#         1691
  C:05DDH         LINE#         1692
  C:05F6H         LINE#         1693
  C:05F6H         LINE#         1694
  C:05F9H         LINE#         1695
  C:0601H         LINE#         1696
BL51 BANKED LINKER/LOCATER V6.22.2.0                                                  01/08/2020  10:58:16  PAGE 29


  C:0601H         LINE#         1697
  C:0609H         LINE#         1698
  C:0609H         LINE#         1699
  C:060EH         LINE#         1700
  C:0627H         LINE#         1701
  C:0627H         LINE#         1702
  C:062AH         LINE#         1703
  C:0632H         LINE#         1704
  C:0632H         LINE#         1705
  C:063AH         LINE#         1706
  C:063AH         LINE#         1707
  C:063FH         LINE#         1708
  C:0658H         LINE#         1709
  C:0658H         LINE#         1710
  C:065BH         LINE#         1711
  C:0663H         LINE#         1712
  C:0663H         LINE#         1713
  C:066BH         LINE#         1714
  C:066BH         LINE#         1715
  C:0670H         LINE#         1716
  C:0689H         LINE#         1717
  C:0689H         LINE#         1718
  C:068CH         LINE#         1719
  C:0694H         LINE#         1720
  C:0694H         LINE#         1721
  C:069CH         LINE#         1722
  C:069CH         LINE#         1723
  C:06A1H         LINE#         1724
  C:06BAH         LINE#         1725
  C:06BAH         LINE#         1726
  C:06BDH         LINE#         1727
  C:06C5H         LINE#         1728
  C:06C5H         LINE#         1729
  C:06CDH         LINE#         1730
  C:06CDH         LINE#         1731
  C:06D2H         LINE#         1732
  C:06EBH         LINE#         1733
  C:06EBH         LINE#         1734
  C:06EEH         LINE#         1735
  C:06F6H         LINE#         1736
  C:06F6H         LINE#         1738
  C:06FEH         LINE#         1739
  C:06FEH         LINE#         1740
  C:0703H         LINE#         1741
  C:0708H         LINE#         1742
  C:070DH         LINE#         1743
  C:0712H         LINE#         1744
  C:0717H         LINE#         1745
  C:071CH         LINE#         1746
  C:0721H         LINE#         1747
  C:0726H         LINE#         1748
  C:072BH         LINE#         1749
  C:0730H         LINE#         1750
  C:0735H         LINE#         1751
  C:073AH         LINE#         1752
  C:073FH         LINE#         1753
  C:0744H         LINE#         1754
BL51 BANKED LINKER/LOCATER V6.22.2.0                                                  01/08/2020  10:58:16  PAGE 30


  C:0749H         LINE#         1755
  C:074EH         LINE#         1756
  C:0753H         LINE#         1759
  C:0755H         LINE#         1760
  C:075BH         LINE#         1761
  C:075DH         LINE#         1762
  C:0765H         LINE#         1763
  C:0765H         LINE#         1764
  C:0768H         LINE#         1765
  C:076DH         LINE#         1766
  C:0776H         LINE#         1768
  C:0776H         LINE#         1769
  C:0778H         LINE#         1770
  C:077EH         LINE#         1771
  C:0781H         LINE#         1772
  C:0783H         LINE#         1773
  C:0785H         LINE#         1774
  C:0788H         LINE#         1775
  C:079BH         LINE#         1776
  C:079BH         LINE#         1777
  C:079DH         LINE#         1778
  C:079FH         LINE#         1779
  C:079FH         LINE#         1780
  C:07A1H         LINE#         1781
  C:07AFH         LINE#         1782
  C:07AFH         LINE#         1783
  C:07B1H         LINE#         1784
  C:07B3H         LINE#         1785
  C:07B9H         LINE#         1786
  C:07C5H         LINE#         1787
  C:07C8H         LINE#         1788
  C:07D8H         LINE#         1789
  C:07D8H         LINE#         1790
  C:07DAH         LINE#         1791
  C:07DCH         LINE#         1792
  C:07E2H         LINE#         1793
  C:07E5H         LINE#         1794
  C:07F8H         LINE#         1795
  C:07F8H         LINE#         1796
  C:07FAH         LINE#         1797
  C:07FCH         LINE#         1798
  C:0802H         LINE#         1799
  C:0805H         LINE#         1800
  C:0813H         LINE#         1801
  C:0813H         LINE#         1802
  C:0818H         LINE#         1804
  C:081DH         LINE#         1805
  C:0822H         LINE#         1806
  C:0827H         LINE#         1807
  C:082CH         LINE#         1808
  C:0831H         LINE#         1809
  C:0836H         LINE#         1810
  C:083BH         LINE#         1811
  C:0840H         LINE#         1812
  C:0845H         LINE#         1813
  C:084AH         LINE#         1814
  C:084FH         LINE#         1815
BL51 BANKED LINKER/LOCATER V6.22.2.0                                                  01/08/2020  10:58:16  PAGE 31


  C:0854H         LINE#         1816
  C:0859H         LINE#         1817
  C:085EH         LINE#         1818
  C:0860H         LINE#         1819
  C:0860H         LINE#         1821
  C:0863H         LINE#         1822
  C:0873H         LINE#         1823
  C:0873H         LINE#         1824
  C:0875H         LINE#         1826
  C:087AH         LINE#         1827
  C:0890H         LINE#         1828
  C:0890H         LINE#         1829
  C:0893H         LINE#         1830
  C:089BH         LINE#         1831
  C:08A0H         LINE#         1832
  C:08A5H         LINE#         1833
  C:08ABH         LINE#         1834
  C:08ABH         LINE#         1835
  C:08ABH         LINE#         1836
  C:08ABH         LINE#         1837
  C:08ABH         LINE#         1839
  C:08ADH         LINE#         1840
  C:08BDH         LINE#         1841
  C:08BDH         LINE#         1842
  C:08BFH         LINE#         1843
  C:08C4H         LINE#         1844
  C:08DAH         LINE#         1845
  C:08DAH         LINE#         1846
  C:08DDH         LINE#         1847
  C:08E5H         LINE#         1848
  C:08EAH         LINE#         1849
  C:08EFH         LINE#         1850
  C:08F5H         LINE#         1851
  C:08F5H         LINE#         1852
  C:08FAH         LINE#         1853
  C:08FCH         LINE#         1854
  C:08FCH         LINE#         1858
  C:08FFH         LINE#         1859
  C:090EH         LINE#         1860
  C:090EH         LINE#         1861
  C:0910H         LINE#         1862
  C:0915H         LINE#         1863
  C:092EH         LINE#         1864
  C:092EH         LINE#         1865
  C:0931H         LINE#         1866
  C:0939H         LINE#         1867
  C:0939H         LINE#         1868
  C:0948H         LINE#         1869
  C:0948H         LINE#         1870
  C:094DH         LINE#         1871
  C:0966H         LINE#         1872
  C:0966H         LINE#         1873
  C:0969H         LINE#         1874
  C:0971H         LINE#         1875
  C:0971H         LINE#         1876
  C:0981H         LINE#         1877
  C:0981H         LINE#         1878
BL51 BANKED LINKER/LOCATER V6.22.2.0                                                  01/08/2020  10:58:16  PAGE 32


  C:0986H         LINE#         1880
  C:098BH         LINE#         1881
  C:0990H         LINE#         1882
  C:0995H         LINE#         1883
  C:099AH         LINE#         1884
  C:099FH         LINE#         1885
  C:09A4H         LINE#         1886
  C:09A9H         LINE#         1887
  C:09AEH         LINE#         1888
  C:09B3H         LINE#         1889
  C:09B8H         LINE#         1890
  C:09BDH         LINE#         1891
  C:09C2H         LINE#         1892
  C:09C7H         LINE#         1893
  C:09CCH         LINE#         1894
  C:09D1H         LINE#         1895
  C:09D3H         LINE#         1899
  C:09D6H         LINE#         1900
  C:09E6H         LINE#         1901
  C:09E6H         LINE#         1902
  C:09EBH         LINE#         1904
  C:09F0H         LINE#         1905
  C:09F5H         LINE#         1906
  C:09FAH         LINE#         1907
  C:09FFH         LINE#         1908
  C:0A04H         LINE#         1909
  C:0A09H         LINE#         1910
  C:0A0EH         LINE#         1911
  C:0A13H         LINE#         1912
  C:0A18H         LINE#         1913
  C:0A1DH         LINE#         1914
  C:0A22H         LINE#         1915
  C:0A27H         LINE#         1916
  C:0A2CH         LINE#         1917
  C:0A31H         LINE#         1918
  C:0A36H         LINE#         1919
  C:0A38H         LINE#         1921
  C:0A3BH         LINE#         1922
  C:0A4BH         LINE#         1923
  C:0A4BH         LINE#         1924
  C:0A50H         LINE#         1926
  C:0A55H         LINE#         1927
  C:0A5AH         LINE#         1928
  C:0A5FH         LINE#         1929
  C:0A64H         LINE#         1930
  C:0A69H         LINE#         1931
  C:0A6EH         LINE#         1932
  C:0A73H         LINE#         1933
  C:0A78H         LINE#         1934
  C:0A7DH         LINE#         1935
  C:0A82H         LINE#         1936
  C:0A87H         LINE#         1937
  C:0A8CH         LINE#         1938
  C:0A91H         LINE#         1939
  C:0A96H         LINE#         1940
  C:0A9BH         LINE#         1941
  C:0AA0H         LINE#         1942
BL51 BANKED LINKER/LOCATER V6.22.2.0                                                  01/08/2020  10:58:16  PAGE 33


  C:0AA2H         LINE#         1945
  C:0AA5H         LINE#         1946
  C:0AB5H         LINE#         1947
  C:0AB5H         LINE#         1948
  C:0ABAH         LINE#         1950
  C:0ABFH         LINE#         1951
  C:0AC4H         LINE#         1952
  C:0AC9H         LINE#         1953
  C:0ACEH         LINE#         1954
  C:0AD3H         LINE#         1955
  C:0AD8H         LINE#         1956
  C:0ADDH         LINE#         1957
  C:0AE2H         LINE#         1958
  C:0AE7H         LINE#         1959
  C:0AECH         LINE#         1960
  C:0AF1H         LINE#         1961
  C:0AF6H         LINE#         1962
  C:0AFBH         LINE#         1963
  C:0B00H         LINE#         1964
  C:0B05H         LINE#         1965
  C:0B07H         LINE#         1968
  C:0B0AH         LINE#         1969
  C:0B1AH         LINE#         1970
  C:0B1AH         LINE#         1971
  C:0B1FH         LINE#         1973
  C:0B24H         LINE#         1974
  C:0B29H         LINE#         1975
  C:0B2EH         LINE#         1976
  C:0B33H         LINE#         1977
  C:0B38H         LINE#         1978
  C:0B3DH         LINE#         1979
  C:0B42H         LINE#         1980
  C:0B47H         LINE#         1981
  C:0B4CH         LINE#         1982
  C:0B51H         LINE#         1983
  C:0B56H         LINE#         1984
  C:0B5BH         LINE#         1985
  C:0B60H         LINE#         1986
  C:0B65H         LINE#         1987
  C:0B6AH         LINE#         1988
  C:0B6CH         LINE#         1991
  C:0B6FH         LINE#         1992
  C:0B7FH         LINE#         1993
  C:0B7FH         LINE#         1994
  C:0B84H         LINE#         1996
  C:0B89H         LINE#         1997
  C:0B8EH         LINE#         1998
  C:0B93H         LINE#         1999
  C:0B98H         LINE#         2000
  C:0B9DH         LINE#         2001
  C:0BA2H         LINE#         2002
  C:0BA7H         LINE#         2003
  C:0BACH         LINE#         2004
  C:0BB1H         LINE#         2005
  C:0BB6H         LINE#         2006
  C:0BBBH         LINE#         2007
  C:0BC0H         LINE#         2008
BL51 BANKED LINKER/LOCATER V6.22.2.0                                                  01/08/2020  10:58:16  PAGE 34


  C:0BC5H         LINE#         2009
  C:0BCAH         LINE#         2010
  C:0BCFH         LINE#         2011
  C:0BD1H         LINE#         2014
  C:0BD4H         LINE#         2015
  C:0BEAH         LINE#         2016
  C:0BEAH         LINE#         2017
  C:0BEFH         LINE#         2019
  C:0BF4H         LINE#         2020
  C:0BF9H         LINE#         2021
  C:0BFEH         LINE#         2022
  C:0C03H         LINE#         2023
  C:0C08H         LINE#         2024
  C:0C0DH         LINE#         2025
  C:0C12H         LINE#         2026
  C:0C17H         LINE#         2027
  C:0C1CH         LINE#         2028
  C:0C21H         LINE#         2029
  C:0C26H         LINE#         2030
  C:0C2BH         LINE#         2031
  C:0C30H         LINE#         2032
  C:0C35H         LINE#         2033
  C:0C3AH         LINE#         2034
  C:0C3FH         LINE#         2036
  C:0C44H         LINE#         2038
  C:0C49H         LINE#         2039
  C:0C4EH         LINE#         2040
  C:0C53H         LINE#         2041
  C:0C58H         LINE#         2042
  C:0C5DH         LINE#         2043
  C:0C62H         LINE#         2044
  C:0C67H         LINE#         2045
  C:0C6CH         LINE#         2046
  C:0C71H         LINE#         2047
  C:0C76H         LINE#         2048
  C:0C7BH         LINE#         2049
  C:0C80H         LINE#         2050
  C:0C85H         LINE#         2051
  C:0C8AH         LINE#         2052
  C:0C8FH         LINE#         2053
  C:0C91H         LINE#         2055
  C:0C94H         LINE#         2056
  C:0CAAH         LINE#         2057
  C:0CAAH         LINE#         2058
  C:0CAFH         LINE#         2060
  C:0CB4H         LINE#         2061
  C:0CB9H         LINE#         2062
  C:0CBEH         LINE#         2063
  C:0CC3H         LINE#         2064
  C:0CC8H         LINE#         2065
  C:0CCDH         LINE#         2066
  C:0CD2H         LINE#         2067
  C:0CD7H         LINE#         2068
  C:0CDCH         LINE#         2069
  C:0CE1H         LINE#         2070
  C:0CE6H         LINE#         2071
  C:0CEBH         LINE#         2072
BL51 BANKED LINKER/LOCATER V6.22.2.0                                                  01/08/2020  10:58:16  PAGE 35


  C:0CF0H         LINE#         2073
  C:0CF5H         LINE#         2074
  C:0CFAH         LINE#         2075
  C:0CFFH         LINE#         2077
  C:0D04H         LINE#         2079
  C:0D09H         LINE#         2080
  C:0D0EH         LINE#         2081
  C:0D13H         LINE#         2082
  C:0D18H         LINE#         2083
  C:0D1DH         LINE#         2084
  C:0D22H         LINE#         2085
  C:0D27H         LINE#         2086
  C:0D2CH         LINE#         2087
  C:0D31H         LINE#         2088
  C:0D36H         LINE#         2089
  C:0D3BH         LINE#         2090
  C:0D40H         LINE#         2091
  C:0D45H         LINE#         2092
  C:0D4AH         LINE#         2093
  C:0D4FH         LINE#         2094
  C:0D51H         LINE#         2096
  C:0D54H         LINE#         2097
  C:0D64H         LINE#         2098
  C:0D64H         LINE#         2099
  C:0D69H         LINE#         2101
  C:0D6EH         LINE#         2102
  C:0D73H         LINE#         2103
  C:0D78H         LINE#         2104
  C:0D7DH         LINE#         2105
  C:0D82H         LINE#         2106
  C:0D87H         LINE#         2107
  C:0D8CH         LINE#         2108
  C:0D91H         LINE#         2109
[...]
  C:36F2H         LINE#         314
  C:36F4H         LINE#         316
  C:36F4H         LINE#         317
  C:36FEH         LINE#         318
  C:36FEH         LINE#         319
  C:3700H         LINE#         320
  C:3705H         LINE#         321
  C:3705H         LINE#         322
  C:3705H         LINE#         323
  C:3705H         LINE#         324
  C:3705H         LINE#         325
  C:3705H         LINE#         333
  C:3705H         LINE#         334
  C:3707H         LINE#         336
  C:3707H         LINE#         337
  C:370AH         LINE#         338
  C:370AH         LINE#         339
  C:370CH         LINE#         340
  C:3713H         LINE#         341
  C:3713H         LINE#         343
  C:3715H         LINE#         344
  C:371AH         LINE#         345
  C:371AH         LINE#         346
  C:371AH         LINE#         347
  C:371AH         LINE#         348
  C:371AH         LINE#         349
  C:371CH         LINE#         351
  C:371CH         LINE#         352
  C:371FH         LINE#         353
  C:371FH         LINE#         354
  C:3721H         LINE#         355
  C:3728H         LINE#         356
  C:3728H         LINE#         358
  C:372AH         LINE#         359
  C:3730H         LINE#         360
  C:3733H         LINE#         361
  C:3736H         LINE#         362
  C:3738H         LINE#         363
  C:3738H         LINE#         364
BL51 BANKED LINKER/LOCATER V6.22.2.0                                                  01/08/2020  10:58:16  PAGE 59


  C:3738H         LINE#         365
  C:373DH         LINE#         366
  C:3741H         LINE#         368
  C:3744H         LINE#         369
  C:374AH         LINE#         370
  C:374AH         LINE#         371
  C:375CH         LINE#         372
  C:375CH         LINE#         373
  C:3774H         LINE#         374
  C:377CH         LINE#         375
  C:3782H         LINE#         377
  C:3785H         LINE#         378
  C:3795H         LINE#         379
  C:3795H         LINE#         381
  C:379DH         LINE#         382
  C:379DH         LINE#         385
  C:37A7H         LINE#         386
  C:37A7H         LINE#         387
  C:37AEH         LINE#         388
  C:37B5H         LINE#         389
  C:37B7H         LINE#         391
  C:37BFH         LINE#         392
  C:37C1H         LINE#         394
  C:37C1H         LINE#         395
  C:37CBH         LINE#         396
  C:37CBH         LINE#         397
  C:37CDH         LINE#         398
  C:37D3H         LINE#         399
  C:37D6H         LINE#         400
  C:37D9H         LINE#         401
  C:37DBH         LINE#         402
  C:37DBH         LINE#         403
  C:37DBH         LINE#         404
  C:37DBH         LINE#         405
  C:37E6H         LINE#         406
  C:37E6H         LINE#         409
  C:37E8H         LINE#         410
  C:37EBH         LINE#         411
  C:37EBH         LINE#         413
  C:37EEH         LINE#         414
  C:37EEH         LINE#         416
  C:37F1H         LINE#         417
  C:37F1H         LINE#         418
  C:37F3H         LINE#         419
  C:37FAH         LINE#         422
  C:3804H         LINE#         423
  C:3804H         LINE#         424
  C:3806H         LINE#         425
  C:380DH         LINE#         426
  C:380FH         LINE#         427
  C:3816H         LINE#         428
  C:381FH         LINE#         429
  C:3821H         LINE#         431
  C:3821H         LINE#         432
  C:382BH         LINE#         433
  C:382BH         LINE#         434
  C:382DH         LINE#         435
BL51 BANKED LINKER/LOCATER V6.22.2.0                                                  01/08/2020  10:58:16  PAGE 60


  C:3832H         LINE#         436
  C:3832H         LINE#         437
  C:3832H         LINE#         438
  C:3832H         LINE#         439
  C:3832H         LINE#         440
  C:3832H         LINE#         447
  C:3832H         LINE#         448
  C:3834H         LINE#         450
  C:3834H         LINE#         451
  C:3837H         LINE#         452
  C:3837H         LINE#         453
  C:3839H         LINE#         454
  C:3840H         LINE#         455
  C:3840H         LINE#         457
  C:3842H         LINE#         458
  C:3847H         LINE#         459
  C:3847H         LINE#         460
  C:3847H         LINE#         461
  C:3847H         LINE#         462
  C:3847H         LINE#         463
  C:3849H         LINE#         465
  C:3849H         LINE#         466
  C:384CH         LINE#         467
  C:384CH         LINE#         468
  C:384EH         LINE#         469
  C:3855H         LINE#         470
  C:3857H         LINE#         471
  C:385DH         LINE#         472
  C:3860H         LINE#         473
  C:3863H         LINE#         474
  C:3865H         LINE#         475
  C:3865H         LINE#         479
  C:3865H         LINE#         480
  C:3865H         LINE#         482
  C:3877H         LINE#         483
  C:3877H         LINE#         484
  C:3890H         LINE#         485
  C:3898H         LINE#         486
  C:389EH         LINE#         487
  C:38A0H         LINE#         488
  C:38A0H         LINE#         489
  C:38A2H         LINE#         490
  C:38AFH         LINE#         491
  C:38AFH         LINE#         492
  C:38B4H         LINE#         493
  C:38B9H         LINE#         494
  C:38B9H         LINE#         496
  C:38BBH         LINE#         498
  C:38BBH         LINE#         499
  C:38C0H         LINE#         500
  C:38C0H         LINE#         501
  C:38C0H         LINE#         502
  C:38C0H         LINE#         506
  C:38C3H         LINE#         507
  C:38C3H         LINE#         508
  C:38C5H         LINE#         509
  C:38C7H         LINE#         510
BL51 BANKED LINKER/LOCATER V6.22.2.0                                                  01/08/2020  10:58:16  PAGE 61


  C:38C7H         LINE#         511
  -------         ENDPROC       COM_ISR
  -------         PROC          _DEBUG_CHR_UART
  D:0006H         SYMBOL        Dat
  -------         DO            
  D:0007H         SYMBOL        temp
  -------         ENDDO         
  C:46E2H         LINE#         517
  C:46E4H         LINE#         518
  C:46E4H         LINE#         521
  C:46EBH         LINE#         522
  C:46FEH         LINE#         524
  C:4701H         LINE#         527
  C:4705H         LINE#         528
  C:4718H         LINE#         529
  C:471BH         LINE#         530
  -------         ENDPROC       _DEBUG_CHR_UART
  -------         PROC          _DEBUG_TXT_UART
  X:02CBH         SYMBOL        str
  -------         DO            
  D:0006H         SYMBOL        i
  -------         ENDDO         
  C:485AH         LINE#         537
  C:4865H         LINE#         538
  C:4865H         LINE#         541
  C:4867H         LINE#         544
  C:487DH         LINE#         545
  C:487DH         LINE#         546
  C:4880H         LINE#         547
  C:4883H         LINE#         550
  -------         ENDPROC       _DEBUG_TXT_UART
  -------         PROC          _ESCRIBIRCADENASOFT
  D:0006H         SYMBOL        tamano_cadena
  -------         DO            
  D:0005H         SYMBOL        i
  -------         ENDDO         
  C:49F0H         LINE#         554
  C:49F2H         LINE#         555
  C:49F2H         LINE#         558
  C:49F9H         LINE#         559
  C:49F9H         LINE#         560
  C:4A08H         LINE#         561
  C:4A0BH         LINE#         563
  -------         ENDPROC       _ESCRIBIRCADENASOFT
  -------         ENDMOD        UART

  -------         MODULE        DISPLAY
  C:0000H         SYMBOL        _ICE_DUMMY_
  D:0080H         PUBLIC        P0
  D:0090H         PUBLIC        P1
  C:4B24H         PUBLIC        Borra_all
  C:4A8AH         PUBLIC        borra
  C:4A59H         PUBLIC        _vdato
  C:4B0AH         PUBLIC        wait_ancho
  B:0090H.0       PUBLIC        RS
  C:4A0CH         PUBLIC        BorraLCD_L1
  C:4A26H         PUBLIC        BorraLCD_L2
BL51 BANKED LINKER/LOCATER V6.22.2.0                                                  01/08/2020  10:58:16  PAGE 62


  C:4AB7H         PUBLIC        _cont
  C:4AAFH         PUBLIC        pulso
  C:0012H         PUBLIC        wait
  C:4801H         PUBLIC        relayIO
  C:4900H         PUBLIC        _lcd_gotoxy
  B:0090H.1       PUBLIC        E
  C:4AE5H         PUBLIC        wait_long
  C:0016H         PUBLIC        _lcd_text
  C:4615H         PUBLIC        prg_disp
  C:4884H         PUBLIC        _lcd_puts
  B:0090H.2       PUBLIC        sw_1
  C:4ACDH         PUBLIC        _wait_long1
  B:0090H.3       PUBLIC        sw_2
  C:48AEH         PUBLIC        ve_dir
  -------         PROC          WAIT
  C:0012H         LINE#         25
  C:0012H         LINE#         27
  -------         ENDPROC       WAIT
  -------         PROC          RELAYIO
  C:4801H         LINE#         30
  C:4801H         LINE#         31
  C:4801H         LINE#         32
  C:4806H         LINE#         34
  C:4809H         LINE#         35
  C:4809H         LINE#         36
  C:480DH         LINE#         37
  C:480EH         LINE#         38
  C:4811H         LINE#         39
  C:4811H         LINE#         40
  C:4818H         LINE#         41
  C:4819H         LINE#         43
  C:481CH         LINE#         44
  C:481CH         LINE#         45
  C:4823H         LINE#         46
  C:4824H         LINE#         47
  C:4827H         LINE#         48
  C:4827H         LINE#         49
  C:482EH         LINE#         50
  C:482EH         LINE#         51
  -------         ENDPROC       RELAYIO
  -------         PROC          _WAIT_LONG1
  D:0006H         SYMBOL        t
  -------         DO            
  D:0004H         SYMBOL        j
  -------         ENDDO         
  C:4ACDH         LINE#         52
  C:4ACDH         LINE#         54
  C:4AD7H         LINE#         55
  C:4AD7H         LINE#         56
  C:4ADAH         LINE#         57
  C:4AE1H         LINE#         58
  -------         ENDPROC       _WAIT_LONG1
  -------         PROC          L?0061
  -------         ENDPROC       L?0061
  -------         PROC          WAIT_LONG
  -------         DO            
  D:0006H         SYMBOL        j
BL51 BANKED LINKER/LOCATER V6.22.2.0                                                  01/08/2020  10:58:16  PAGE 63


  -------         ENDDO         
  C:4AE5H         LINE#         60
  C:4AE5H         LINE#         62
  C:4AE8H         LINE#         63
  C:4AE8H         LINE#         64
  C:4AEBH         LINE#         65
  C:4AF6H         LINE#         66
  -------         ENDPROC       WAIT_LONG
  -------         PROC          WAIT_ANCHO
  -------         DO            
  D:0006H         SYMBOL        j
  -------         ENDDO         
  C:4B0AH         LINE#         68
  C:4B0AH         LINE#         70
  C:4B0DH         LINE#         71
  C:4B0DH         LINE#         72
  C:4B10H         LINE#         73
  C:4B1BH         LINE#         74
  -------         ENDPROC       WAIT_ANCHO
  -------         PROC          L?0060
  -------         ENDPROC       L?0060
  -------         PROC          PULSO
  C:4AAFH         LINE#         76
  C:4AAFH         LINE#         77
  C:4AAFH         LINE#         80
  C:4AB1H         LINE#         81
  C:4AB4H         LINE#         82
  C:4AB6H         LINE#         84
  -------         ENDPROC       PULSO
  -------         PROC          _CONT
  D:0005H         SYMBOL        caracter
  C:4AB7H         LINE#         86
  C:4AB9H         LINE#         87
  C:4AB9H         LINE#         88
  C:4ABBH         LINE#         89
  C:4ABBH         LINE#         90
  C:4ABBH         LINE#         91
  C:4ABEH         LINE#         92
  C:4AC3H         LINE#         93
  C:4ACAH         LINE#         94
  -------         ENDPROC       _CONT
  -------         PROC          BORRA
  -------         DO            
  D:0006H         SYMBOL        i
  -------         ENDDO         
  C:4A8AH         LINE#         97
  C:4A8AH         LINE#         98
  C:4A8AH         LINE#         100
  C:4A8FH         LINE#         101
  C:4A92H         LINE#         102
  C:4A92H         LINE#         103
  C:4A95H         LINE#         104
  C:4AA0H         LINE#         105
  -------         ENDPROC       BORRA
  -------         PROC          PRG_DISP
  C:4615H         LINE#         109
  C:4615H         LINE#         110
BL51 BANKED LINKER/LOCATER V6.22.2.0                                                  01/08/2020  10:58:16  PAGE 64


  C:4615H         LINE#         111
  C:4617H         LINE#         112
  C:461AH         LINE#         113
  C:461CH         LINE#         114
  C:461FH         LINE#         116
  C:4622H         LINE#         117
  C:4622H         LINE#         118
  C:4625H         LINE#         119
  C:4625H         LINE#         120
  C:4628H         LINE#         121
  C:462BH         LINE#         122
  C:462EH         LINE#         124
  C:4631H         LINE#         125
  C:4634H         LINE#         126
  C:4637H         LINE#         127
  C:463CH         LINE#         129
  C:463FH         LINE#         130
  C:4642H         LINE#         131
  C:4647H         LINE#         132
  C:464AH         LINE#         133
  C:464FH         LINE#         134
  C:4652H         LINE#         137
  C:4655H         LINE#         138
  C:465BH         LINE#         139
  -------         ENDPROC       PRG_DISP
  -------         PROC          _VDATO
  D:0005H         SYMBOL        caracter
  C:4A59H         LINE#         141
  C:4A5BH         LINE#         142
  C:4A5BH         LINE#         143
  C:4A5DH         LINE#         144
  C:4A60H         LINE#         145
  C:4A60H         LINE#         147
  C:4A60H         LINE#         148
  C:4A63H         LINE#         149
  C:4A68H         LINE#         150
  C:4A6FH         LINE#         151
  -------         ENDPROC       _VDATO
  -------         PROC          _LCD_GOTOXY
  D:0006H         SYMBOL        x
  D:0005H         SYMBOL        y
  C:4900H         LINE#         155
  C:4902H         LINE#         156
  C:4902H         LINE#         157
  C:4910H         LINE#         158
  C:4910H         LINE#         159
  C:4915H         LINE#         160
  C:491AH         LINE#         161
  C:491FH         LINE#         162
  C:4926H         LINE#         163
  C:4926H         LINE#         164
  -------         ENDPROC       _LCD_GOTOXY
  -------         PROC          _LCD_PUTS
  X:0276H         SYMBOL        str
  -------         DO            
  D:0004H         SYMBOL        i
  -------         ENDDO         
BL51 BANKED LINKER/LOCATER V6.22.2.0                                                  01/08/2020  10:58:16  PAGE 65


  C:4884H         LINE#         168
  C:488FH         LINE#         169
  C:488FH         LINE#         171
  C:48A7H         LINE#         172
  C:48A7H         LINE#         174
  C:48AAH         LINE#         176
  C:48ADH         LINE#         178
  -------         ENDPROC       _LCD_PUTS
  -------         PROC          _LCD_TEXT
  D:0006H         SYMBOL        row
  D:0005H         SYMBOL        offset
  D:0001H         SYMBOL        lcd
  C:0016H         LINE#         179
  C:0018H         LINE#         180
  C:0018H         LINE#         181
  C:001FH         LINE#         182
  -------         ENDPROC       _LCD_TEXT
  -------         PROC          VE_DIR
  C:48AEH         LINE#         185
  C:48AEH         LINE#         186
  C:48AEH         LINE#         187
  C:48B0H         LINE#         188
  C:48B2H         LINE#         190
  C:48B5H         LINE#         191
  C:48BBH         LINE#         193
  C:48BEH         LINE#         194
  C:48BEH         LINE#         195
  C:48C1H         LINE#         196
  C:48C1H         LINE#         197
  C:48C4H         LINE#         198
  C:48C4H         LINE#         199
  C:48CBH         LINE#         200
  C:48CBH         LINE#         201
  C:48D0H         LINE#         202
  -------         ENDPROC       VE_DIR
  -------         PROC          BORRALCD_L1
  -------         DO            
  D:0004H         SYMBOL        k
  -------         ENDDO         
  C:4A0CH         LINE#         206
  C:4A0CH         LINE#         207
  C:4A0CH         LINE#         210
  C:4A11H         LINE#         211
  C:4A1DH         LINE#         212
  C:4A1DH         LINE#         213
  C:4A22H         LINE#         214
  C:4A25H         LINE#         215
  -------         ENDPROC       BORRALCD_L1
  -------         PROC          BORRALCD_L2
  -------         DO            
  D:0004H         SYMBOL        k
  -------         ENDDO         
  C:4A26H         LINE#         217
  C:4A26H         LINE#         218
  C:4A26H         LINE#         221
  C:4A2BH         LINE#         222
  C:4A37H         LINE#         223
BL51 BANKED LINKER/LOCATER V6.22.2.0                                                  01/08/2020  10:58:16  PAGE 66


  C:4A37H         LINE#         224
  C:4A3CH         LINE#         225
  C:4A3FH         LINE#         226
  -------         ENDPROC       BORRALCD_L2
  -------         PROC          BORRA_ALL
  C:4B24H         LINE#         227
  C:4B24H         LINE#         228
  C:4B24H         LINE#         229
  C:4B27H         LINE#         230
  -------         ENDPROC       BORRA_ALL
  -------         ENDMOD        DISPLAY

  -------         MODULE        ?C?COPY
  C:3D05H         PUBLIC        ?C?COPY
  -------         ENDMOD        ?C?COPY

  -------         MODULE        ?C?CLDOPTR
  C:3D2BH         PUBLIC        ?C?CLDOPTR
  -------         ENDMOD        ?C?CLDOPTR

  -------         MODULE        ?C?LSTXDATA
  C:3D58H         PUBLIC        ?C?LSTXDATA
  -------         ENDMOD        ?C?LSTXDATA

  -------         MODULE        ?C?LSTKXDATA
  C:3D64H         PUBLIC        ?C?LSTKXDATA
  -------         ENDMOD        ?C?LSTKXDATA

  -------         MODULE        PRINTF
  X:0271H         PUBLIC        ?_PRINTF517?BYTE
  X:0271H         PUBLIC        ?_PRINTF?BYTE
  X:0271H         PUBLIC        ?_SPRINTF517?BYTE
  X:0271H         PUBLIC        ?_SPRINTF?BYTE
  C:393BH         PUBLIC        _PRINTF
  C:393BH         PUBLIC        _PRINTF517
  C:3935H         PUBLIC        _SPRINTF
  C:3935H         PUBLIC        _SPRINTF517
  -------         ENDMOD        PRINTF

  -------         MODULE        ?C?CLDPTR
  C:3D95H         PUBLIC        ?C?CLDPTR
  -------         ENDMOD        ?C?CLDPTR

  -------         MODULE        ?C?CSTPTR
  C:3DAEH         PUBLIC        ?C?CSTPTR
  -------         ENDMOD        ?C?CSTPTR

  -------         MODULE        ?C?PLDIXDATA
  C:3DC0H         PUBLIC        ?C?PLDIXDATA
  -------         ENDMOD        ?C?PLDIXDATA

  -------         MODULE        ?C?PSTXDATA
  C:3DD7H         PUBLIC        ?C?PSTXDATA
  -------         ENDMOD        ?C?PSTXDATA

  -------         MODULE        ?C?CCASE
  C:3DE0H         PUBLIC        ?C?CCASE
BL51 BANKED LINKER/LOCATER V6.22.2.0                                                  01/08/2020  10:58:16  PAGE 67


  -------         ENDMOD        ?C?CCASE

  -------         MODULE        PUTCHAR
  C:4927H         PUBLIC        _PUTCHAR
  -------         ENDMOD        PUTCHAR

*** WARNING L16: UNCALLED SEGMENT, IGNORED FOR OVERLAY PROCESS
    SEGMENT: ?PR?OFF_INI_EX0_EX1?WIEGAND

*** WARNING L16: UNCALLED SEGMENT, IGNORED FOR OVERLAY PROCESS
    SEGMENT: ?PR?AJUSTA_CODE?WIEGAND

*** WARNING L16: UNCALLED SEGMENT, IGNORED FOR OVERLAY PROCESS
    SEGMENT: ?PR?ID_ACCESS_33?WIEGAND

*** WARNING L16: UNCALLED SEGMENT, IGNORED FOR OVERLAY PROCESS
    SEGMENT: ?PR?LCD_DEBUGER?WIEGAND

*** WARNING L16: UNCALLED SEGMENT, IGNORED FOR OVERLAY PROCESS
    SEGMENT: ?PR?TR_WIEGAND_SOFT?WIEGAND

*** WARNING L16: UNCALLED SEGMENT, IGNORED FOR OVERLAY PROCESS
    SEGMENT: ?PR?_DEBUG_CHR_UART?UART

*** WARNING L16: UNCALLED SEGMENT, IGNORED FOR OVERLAY PROCESS
    SEGMENT: ?PR?_DEBUG_TXT_UART?UART

Program Size: data=27.7 xdata=719 code=19257
LINK/LOCATE RUN COMPLETE.  7 WARNING(S),  0 ERROR(S)
