BL51 BANKED LINKER/LOCATER V6.22.2.0                                                    10/15/2021  15:04:52  PAGE 1


BL51 BANKED LINKER/LOCATER V6.22.2.0, INVOKED BY:
C:\KEIL_V5\C51\BIN\BL51.EXE .\hex\Principal_MF.obj, .\hex\wiegand.obj, .\hex\uart.obj, .\hex\display.obj TO .\hex\print_
>> wiegand_33 PRINT (.\print_wiegand_33.m51) RAMSIZE (256)


MEMORY MODEL: LARGE


INPUT MODULES INCLUDED:
  .\hex\Principal_MF.obj (PRINCIPAL_MF)
  .\hex\wiegand.obj (WIEGAND)
  .\hex\uart.obj (UART)
  .\hex\display.obj (DISPLAY)
  C:\KEIL_V5\C51\LIB\C51L.LIB (?C_STARTUP)
  C:\KEIL_V5\C51\LIB\C51L.LIB (?C?COPY)
  C:\KEIL_V5\C51\LIB\C51L.LIB (?C?CLDOPTR)
  C:\KEIL_V5\C51\LIB\C51L.LIB (?C?LSTXDATA)
  C:\KEIL_V5\C51\LIB\C51L.LIB (?C?LSTKXDATA)
  C:\KEIL_V5\C51\LIB\C51L.LIB (PRINTF)
  C:\KEIL_V5\C51\LIB\C51L.LIB (STRNCPY)
  C:\KEIL_V5\C51\LIB\C51L.LIB (?C_INIT)
  C:\KEIL_V5\C51\LIB\C51L.LIB (?C?CLDPTR)
  C:\KEIL_V5\C51\LIB\C51L.LIB (?C?CSTPTR)
  C:\KEIL_V5\C51\LIB\C51L.LIB (?C?CSTOPTR)
  C:\KEIL_V5\C51\LIB\C51L.LIB (?C?IILDX)
  C:\KEIL_V5\C51\LIB\C51L.LIB (?C?ILDIX)
  C:\KEIL_V5\C51\LIB\C51L.LIB (?C?PLDIXDATA)
  C:\KEIL_V5\C51\LIB\C51L.LIB (?C?PSTXDATA)
  C:\KEIL_V5\C51\LIB\C51L.LIB (?C?CCASE)
  C:\KEIL_V5\C51\LIB\C51L.LIB (PUTCHAR)


LINK MAP OF MODULE:  .\hex\print_wiegand_33 (PRINCIPAL_MF)


            TYPE    BASE      LENGTH    RELOCATION   SEGMENT NAME
            -----------------------------------------------------

            * * * * * * *   D A T A   M E M O R Y   * * * * * * *
            REG     0000H     0008H     ABSOLUTE     "REG BANK 0"
            REG     0008H     0008H     ABSOLUTE     "REG BANK 1"
            DATA    0010H     0005H     UNIT         _DATA_GROUP_
                    0015H     000BH                  *** GAP ***
            BIT     0020H.0   0004H.6   UNIT         ?BI?PRINCIPAL_MF
            BIT     0024H.6   0001H.1   UNIT         _BIT_GROUP_
                    0025H.7   0000H.1                *** GAP ***
            IDATA   0026H     0001H     UNIT         ?STACK

            * * * * * * *  X D A T A   M E M O R Y  * * * * * * *
            XDATA   0000H     0204H     UNIT         ?XD?PRINCIPAL_MF
            XDATA   0204H     009BH     UNIT         _XDATA_GROUP_
            XDATA   029FH     0025H     UNIT         ?XD?WIEGAND
            XDATA   02C4H     001FH     UNIT         ?XD?UART

            * * * * * * *   C O D E   M E M O R Y   * * * * * * *
            CODE    0000H     0003H     ABSOLUTE     
            CODE    0003H     0003H     ABSOLUTE     
            CODE    0006H     000CH     UNIT         ?PR?INICIA_WIEGAND?WIEGAND
BL51 BANKED LINKER/LOCATER V6.22.2.0                                                  10/15/2021  15:04:52  PAGE 2


            CODE    0012H     0001H     UNIT         ?PR?WAIT?DISPLAY
            CODE    0013H     0003H     ABSOLUTE     
            CODE    0016H     000CH     UNIT         ?PR?_LCD_TEXT?DISPLAY
                    0022H     0001H                  *** GAP ***
            CODE    0023H     0003H     ABSOLUTE     
            CODE    0026H     221BH     UNIT         ?PR?MAIN?PRINCIPAL_MF
            CODE    2241H     1398H     UNIT         ?PR?ATENCCOMSOFT?PRINCIPAL_MF
            CODE    35D9H     049CH     UNIT         ?PR?COM_ISR?UART
            CODE    3A75H     0365H     UNIT         ?PR?PRINTF?PRINTF
            CODE    3DDAH     021FH     UNIT         ?C?LIB_CODE
            CODE    3FF9H     01B4H     UNIT         ?C_INITSEG
            CODE    41ADH     011AH     UNIT         ?PR?RX_BUS?PRINCIPAL_MF
            CODE    42C7H     00F3H     UNIT         ?CO?PRINCIPAL_MF
            CODE    43BAH     00D6H     UNIT         ?PR?_SENDMSG?PRINCIPAL_MF
            CODE    4490H     00B0H     UNIT         ?PR?_BITS_WIEGAND_HEX?WIEGAND
            CODE    4540H     00A7H     UNIT         ?PR?_TX_BUS?PRINCIPAL_MF
            CODE    45E7H     009EH     UNIT         ?PR?LCD_WIEGAND?WIEGAND
            CODE    4685H     008CH     UNIT         ?C_C51STARTUP
            CODE    4711H     008AH     UNIT         ?PR?CMD_EXCLUSIVO?UART
            CODE    479BH     0073H     UNIT         ?PR?_SEND_DATACLK?PRINCIPAL_MF
            CODE    480EH     0068H     UNIT         ?PR?_STRNCPY?STRNCPY
            CODE    4876H     0064H     UNIT         ?PR?BACKUP_CLK?UART
            CODE    48DAH     0047H     UNIT         ?PR?PRG_DISP?DISPLAY
            CODE    4921H     003DH     UNIT         ?PR?EX0_ISR?WIEGAND
            CODE    495EH     003DH     UNIT         ?PR?EX1_ISR?WIEGAND
            CODE    499BH     0034H     UNIT         ?CO?WIEGAND
            CODE    49CFH     0033H     UNIT         ?PR?LIMPIA_DATA?WIEGAND
            CODE    4A02H     002EH     UNIT         ?PR?_SENDRTABUS?PRINCIPAL_MF
            CODE    4A30H     002EH     UNIT         ?PR?RELAYIO?DISPLAY
            CODE    4A5EH     002BH     UNIT         ?PR?_VDATA_CLK?PRINCIPAL_MF
            CODE    4A89H     002AH     UNIT         ?PR?RETRANSMITIR_TRAMA_HORA?UART
            CODE    4AB3H     002AH     UNIT         ?PR?_LCD_PUTS?DISPLAY
            CODE    4ADDH     002AH     UNIT         ?PR?VE_DIR?DISPLAY
            CODE    4B07H     0027H     UNIT         ?PR?_LCD_GOTOXY?DISPLAY
            CODE    4B2EH     0027H     UNIT         ?PR?PUTCHAR?PUTCHAR
            CODE    4B55H     0024H     UNIT         ?PR?RELEVOS_AUX?PRINCIPAL_MF
            CODE    4B79H     001FH     UNIT         ?PR?AJUSTA_CODE?WIEGAND
            CODE    4B98H     001EH     UNIT         ?PR?CALCULO_BCC?UART
            CODE    4BB6H     001CH     UNIT         ?PR?ID_ACCESS?WIEGAND
            CODE    4BD2H     001CH     UNIT         ?PR?_ESCRIBIRCADENASOFT?UART
            CODE    4BEEH     001AH     UNIT         ?PR?BORRALCD_L1?DISPLAY
            CODE    4C08H     001AH     UNIT         ?PR?BORRALCD_L2?DISPLAY
            CODE    4C22H     0019H     UNIT         ?PR?COM_INITIALIZE?UART
            CODE    4C3BH     0019H     UNIT         ?PR?_VDATO?DISPLAY
            CODE    4C54H     0017H     UNIT         ?PR?BORRA?DISPLAY
            CODE    4C6BH     0016H     UNIT         ?PR?PULSO?DISPLAY
            CODE    4C81H     0016H     UNIT         ?PR?_CONT?DISPLAY
            CODE    4C97H     0015H     UNIT         ?PR?_WAIT_LONG1?DISPLAY
            CODE    4CACH     0015H     UNIT         ?PR?WAIT_LONG?DISPLAY
            CODE    4CC1H     0013H     UNIT         ?PR?PULSO_BUS?PRINCIPAL_MF
            CODE    4CD4H     0012H     UNIT         ?PR?WAIT_ANCHO?DISPLAY
            CODE    4CE6H     0008H     UNIT         ?PR?_TX_CHR?UART
            CODE    4CEEH     0006H     UNIT         ?PR?BORRA_ALL?DISPLAY
            CODE    4CF4H     0005H     UNIT         ?PR?INI_EX0?WIEGAND
            CODE    4CF9H     0005H     UNIT         ?PR?INI_EX1?WIEGAND
            CODE    4CFEH     0003H     UNIT         ?PR?ON_INI_EX0_EX1?WIEGAND

BL51 BANKED LINKER/LOCATER V6.22.2.0                                                  10/15/2021  15:04:52  PAGE 3




OVERLAY MAP OF MODULE:   .\hex\print_wiegand_33 (PRINCIPAL_MF)


SEGMENT                                     BIT_GROUP          DATA_GROUP          XDATA_GROUP
  +--> CALLED SEGMENT                    START    LENGTH     START    LENGTH     START    LENGTH
------------------------------------------------------------------------------------------------
?PR?COM_ISR?UART                         -----    -----      -----    -----      -----    -----
  +--> ?PR?_TX_CHR?UART

*** NEW ROOT ***************************************************

?C_C51STARTUP                            -----    -----      -----    -----      -----    -----
  +--> ?PR?MAIN?PRINCIPAL_MF
  +--> ?C_INITSEG

?PR?MAIN?PRINCIPAL_MF                    -----    -----      -----    -----      0204H    005BH
  +--> ?CO?PRINCIPAL_MF
  +--> ?PR?COM_INITIALIZE?UART
  +--> ?PR?INICIA_WIEGAND?WIEGAND
  +--> ?PR?PRG_DISP?DISPLAY
  +--> ?PR?_LCD_TEXT?DISPLAY
  +--> ?PR?_CONT?DISPLAY
  +--> ?PR?_LCD_PUTS?DISPLAY
  +--> ?PR?VE_DIR?DISPLAY
  +--> ?PR?ID_ACCESS?WIEGAND
  +--> ?PR?LIMPIA_DATA?WIEGAND
  +--> ?PR?_TX_BUS?PRINCIPAL_MF
  +--> ?PR?ATENCCOMSOFT?PRINCIPAL_MF
  +--> ?PR?_SENDRTABUS?PRINCIPAL_MF
  +--> ?PR?RX_BUS?PRINCIPAL_MF
  +--> ?PR?_VDATO?DISPLAY
  +--> ?PR?_WAIT_LONG1?DISPLAY
  +--> ?PR?_VDATA_CLK?PRINCIPAL_MF
  +--> ?PR?RETRANSMITIR_TRAMA_HORA?UART
  +--> ?PR?LCD_WIEGAND?WIEGAND
  +--> ?PR?BORRALCD_L1?DISPLAY
  +--> ?PR?BORRALCD_L2?DISPLAY
  +--> ?PR?_TX_CHR?UART
  +--> ?PR?RELEVOS_AUX?PRINCIPAL_MF

?PR?INICIA_WIEGAND?WIEGAND               -----    -----      -----    -----      -----    -----
  +--> ?PR?INI_EX0?WIEGAND
  +--> ?PR?INI_EX1?WIEGAND
  +--> ?PR?ON_INI_EX0_EX1?WIEGAND
  +--> ?PR?LIMPIA_DATA?WIEGAND

?PR?PRG_DISP?DISPLAY                     -----    -----      -----    -----      -----    -----
  +--> ?PR?WAIT_LONG?DISPLAY
  +--> ?PR?PULSO?DISPLAY
  +--> ?PR?_CONT?DISPLAY
  +--> ?PR?BORRA?DISPLAY
  +--> ?PR?WAIT?DISPLAY
  +--> ?PR?RELAYIO?DISPLAY

?PR?WAIT_LONG?DISPLAY                    -----    -----      -----    -----      -----    -----
BL51 BANKED LINKER/LOCATER V6.22.2.0                                                  10/15/2021  15:04:52  PAGE 4


  +--> ?PR?PULSO?DISPLAY
  +--> ?PR?WAIT?DISPLAY

?PR?PULSO?DISPLAY                        -----    -----      -----    -----      -----    -----
  +--> ?PR?RELAYIO?DISPLAY

?PR?_CONT?DISPLAY                        -----    -----      -----    -----      -----    -----
  +--> ?PR?PULSO?DISPLAY

?PR?BORRA?DISPLAY                        -----    -----      -----    -----      -----    -----
  +--> ?PR?_CONT?DISPLAY
  +--> ?PR?WAIT?DISPLAY

?PR?_LCD_TEXT?DISPLAY                    -----    -----      -----    -----      -----    -----
  +--> ?PR?_LCD_GOTOXY?DISPLAY
  +--> ?PR?_LCD_PUTS?DISPLAY

?PR?_LCD_GOTOXY?DISPLAY                  -----    -----      -----    -----      -----    -----
  +--> ?PR?_CONT?DISPLAY

?PR?_LCD_PUTS?DISPLAY                    -----    -----      -----    -----      027CH    0003H
  +--> ?PR?_VDATO?DISPLAY

?PR?_VDATO?DISPLAY                       -----    -----      -----    -----      -----    -----
  +--> ?PR?WAIT?DISPLAY
  +--> ?PR?PULSO?DISPLAY

?PR?VE_DIR?DISPLAY                       -----    -----      -----    -----      -----    -----
  +--> ?PR?WAIT_LONG?DISPLAY
  +--> ?PR?_CONT?DISPLAY
  +--> ?PR?_VDATO?DISPLAY

?PR?ID_ACCESS?WIEGAND                    -----    -----      -----    -----      -----    -----
  +--> ?PR?AJUSTA_CODE?WIEGAND
  +--> ?PR?LCD_WIEGAND?WIEGAND

?PR?AJUSTA_CODE?WIEGAND                  -----    -----      -----    -----      -----    -----
  +--> ?PR?_BITS_WIEGAND_HEX?WIEGAND

?PR?_BITS_WIEGAND_HEX?WIEGAND            -----    -----      -----    -----      025FH    001DH
  +--> ?CO?WIEGAND
  +--> ?PR?_CONT?DISPLAY
  +--> ?PR?_LCD_PUTS?DISPLAY

?PR?LCD_WIEGAND?WIEGAND                  -----    -----      -----    -----      025FH    0018H
  +--> ?CO?WIEGAND
  +--> ?PR?BORRA_ALL?DISPLAY
  +--> ?PR?_CONT?DISPLAY
  +--> ?PR?_LCD_PUTS?DISPLAY
  +--> ?PR?PRINTF?PRINTF
  +--> ?PR?_VDATO?DISPLAY

?PR?BORRA_ALL?DISPLAY                    -----    -----      -----    -----      -----    -----
  +--> ?PR?BORRALCD_L1?DISPLAY
  +--> ?PR?BORRALCD_L2?DISPLAY

?PR?BORRALCD_L1?DISPLAY                  -----    -----      -----    -----      -----    -----
BL51 BANKED LINKER/LOCATER V6.22.2.0                                                  10/15/2021  15:04:52  PAGE 5


  +--> ?PR?_CONT?DISPLAY
  +--> ?PR?_VDATO?DISPLAY

?PR?BORRALCD_L2?DISPLAY                  -----    -----      -----    -----      -----    -----
  +--> ?PR?_CONT?DISPLAY
  +--> ?PR?_VDATO?DISPLAY

?PR?PRINTF?PRINTF                        0024H.6  0001H.1    0010H    0005H      0277H    0028H
  +--> ?PR?PUTCHAR?PUTCHAR

?PR?_TX_BUS?PRINCIPAL_MF                 0024H.6  0000H.1    -----    -----      0265H    0006H
  +--> ?PR?PULSO_BUS?PRINCIPAL_MF
  +--> ?PR?WAIT_LONG?DISPLAY

?PR?PULSO_BUS?PRINCIPAL_MF               -----    -----      -----    -----      -----    -----
  +--> ?PR?WAIT_ANCHO?DISPLAY

?PR?WAIT_ANCHO?DISPLAY                   -----    -----      -----    -----      -----    -----
  +--> ?PR?WAIT?DISPLAY

?PR?ATENCCOMSOFT?PRINCIPAL_MF            -----    -----      -----    -----      025FH    0002H
  +--> ?PR?_TX_CHR?UART
  +--> ?PR?_TX_BUS?PRINCIPAL_MF
  +--> ?PR?_SEND_DATACLK?PRINCIPAL_MF
  +--> ?PR?_ESCRIBIRCADENASOFT?UART
  +--> ?PR?PRG_DISP?DISPLAY
  +--> ?PR?BACKUP_CLK?UART
  +--> ?PR?_CONT?DISPLAY
  +--> ?PR?_VDATO?DISPLAY
  +--> ?PR?_SENDRTABUS?PRINCIPAL_MF
  +--> ?PR?_SENDMSG?PRINCIPAL_MF

?PR?_SEND_DATACLK?PRINCIPAL_MF           -----    -----      -----    -----      0261H    0004H

?PR?_ESCRIBIRCADENASOFT?UART             -----    -----      -----    -----      -----    -----
  +--> ?PR?_TX_CHR?UART

?PR?BACKUP_CLK?UART                      -----    -----      -----    -----      -----    -----
  +--> ?PR?CALCULO_BCC?UART
  +--> ?PR?_TX_BUS?PRINCIPAL_MF
  +--> ?PR?CMD_EXCLUSIVO?UART

?PR?CMD_EXCLUSIVO?UART                   -----    -----      -----    -----      0261H    0004H
  +--> ?PR?_STRNCPY?STRNCPY
  +--> ?PR?_TX_BUS?PRINCIPAL_MF

?PR?_STRNCPY?STRNCPY                     -----    -----      -----    -----      0265H    000AH

?PR?_SENDRTABUS?PRINCIPAL_MF             -----    -----      -----    -----      0261H    0001H
  +--> ?PR?WAIT_LONG?DISPLAY
  +--> ?PR?_TX_BUS?PRINCIPAL_MF

?PR?_SENDMSG?PRINCIPAL_MF                -----    -----      -----    -----      0261H    0001H
  +--> ?PR?_TX_BUS?PRINCIPAL_MF

?PR?RX_BUS?PRINCIPAL_MF                  -----    -----      -----    -----      025FH    0006H

BL51 BANKED LINKER/LOCATER V6.22.2.0                                                  10/15/2021  15:04:52  PAGE 6


?PR?_WAIT_LONG1?DISPLAY                  -----    -----      -----    -----      -----    -----
  +--> ?PR?WAIT?DISPLAY

?PR?_VDATA_CLK?PRINCIPAL_MF              -----    -----      -----    -----      025FH    0001H
  +--> ?PR?_VDATO?DISPLAY

?PR?RETRANSMITIR_TRAMA_HORA?UART         -----    -----      -----    -----      -----    -----
  +--> ?PR?_TX_BUS?PRINCIPAL_MF



SYMBOL TABLE OF MODULE:  .\hex\print_wiegand_33 (PRINCIPAL_MF)

  VALUE           TYPE          NAME
  ----------------------------------

  -------         MODULE        PRINCIPAL_MF
  C:0000H         SYMBOL        _ICE_DUMMY_
  B:0020H.0       PUBLIC        Tx_Acceso
  X:0001H         PUBLIC        tarjeta_venc
  D:0080H         PUBLIC        P0
  D:0090H         PUBLIC        P1
  D:00A0H         PUBLIC        P2
  X:0012H         PUBLIC        err_in
  D:00B0H         PUBLIC        P3
  X:0023H         PUBLIC        Cod_Dcto
  C:47B2H         PUBLIC        _send_dataCLK
  X:0024H         PUBLIC        TimeOut_Codigo
  X:0026H         PUBLIC        err_out
  B:0020H.1       PUBLIC        toggle
  B:0020H.2       PUBLIC        rx_dat
  B:0020H.3       PUBLIC        notifyEVP
  X:0037H         PUBLIC        matchPlate
  X:0048H         PUBLIC        linea
  X:0059H         PUBLIC        Ini_Dcto
  B:0020H.4       PUBLIC        Send_Tipo_Veh
  X:005AH         PUBLIC        g_cRelevos
  B:0020H.5       PUBLIC        Dato_OffLine
  X:005BH         PUBLIC        buffer_wieLPR
  B:0020H.6       PUBLIC        SerieOK
  X:005FH         PUBLIC        err_gracia
  C:41ADH         PUBLIC        rx_bus
  B:0020H.7       PUBLIC        Tiquete_Salida
  B:00B0H.4       PUBLIC        ready
  C:4548H         PUBLIC        _tx_bus
  X:0070H         PUBLIC        serie
  X:0081H         PUBLIC        err_Caja
  B:0021H.0       PUBLIC        Dif_Mot_Car
  X:0092H         PUBLIC        len_buffer
  X:0093H         PUBLIC        g_scArrDisplay
  X:00B3H         PUBLIC        err_sinpago
  C:4CC1H         PUBLIC        Pulso_Bus
  B:0021H.1       PUBLIC        Central_ID_OFFLINE
  X:00C4H         PUBLIC        err_mifare
  X:00D5H         PUBLIC        g_cContByteRx
  B:0021H.2       PUBLIC        Atascado
  C:0026H         PUBLIC        main
BL51 BANKED LINKER/LOCATER V6.22.2.0                                                  10/15/2021  15:04:52  PAGE 7


  B:0021H.3       PUBLIC        SalidaW
  B:0021H.4       PUBLIC        Tiquete_Placa
  X:00D6H         PUBLIC        NumDatosPlate
  X:00D7H         PUBLIC        buffer_bus
  B:0021H.5       PUBLIC        send_markCashierAut
  B:0021H.6       PUBLIC        OrigenTipoVeh
  B:0021H.7       PUBLIC        sendactive
  B:0090H.4       PUBLIC        ledv
  C:2241H         PUBLIC        AtencComSoft
  C:4A5EH         PUBLIC        _vdata_clk
  B:0022H.0       PUBLIC        RetryCmd
  B:0022H.1       PUBLIC        Send_Wiegand
  B:00B0H.7       PUBLIC        SignalAcceso
  C:43BAH         PUBLIC        _SendMsg
  C:4B55H         PUBLIC        relevos_aux
  D:0089H         PUBLIC        TMOD
  X:00F5H         PUBLIC        g_cDirBoard
  X:00F6H         PUBLIC        temp
  X:00F7H         PUBLIC        TimeOutLinea
  B:0022H.2       PUBLIC        Off_Line_Salida
  B:0022H.3       PUBLIC        retry
  B:0022H.4       PUBLIC        lectura_wiegand
  X:00F8H         PUBLIC        NumChrTicket
  B:0022H.5       PUBLIC        bandera_rx_soft
  X:00F9H         PUBLIC        xTipo_Vehiculo
  B:0022H.6       PUBLIC        txACK
  X:00FAH         PUBLIC        seg
  X:00FBH         PUBLIC        TimeRetryCmd
  X:00FCH         PUBLIC        MonthIn
  C:4365H         SYMBOL        _?ix1000
  B:0022H.7       PUBLIC        inicio_wiegand
  X:00FDH         PUBLIC        Tipo_Vehiculo
  X:00FEH         PUBLIC        MonthOut
  C:4376H         SYMBOL        _?ix1001
  C:4387H         SYMBOL        _?ix1002
  B:00B0H.5       PUBLIC        busy
  C:4398H         SYMBOL        _?ix1003
  B:0023H.0       PUBLIC        audio1
  C:43A9H         SYMBOL        _?ix1004
  B:0023H.1       PUBLIC        audio2
  X:00FFH         PUBLIC        err_data
  B:0023H.2       PUBLIC        audio3
  X:0110H         PUBLIC        MinutIn
  B:0023H.3       PUBLIC        audio4
  X:0111H         PUBLIC        MinutOut
  X:0112H         PUBLIC        sin_sensor
  B:0088H.5       PUBLIC        TF0
  X:0123H         PUBLIC        YearIn
  D:008CH         PUBLIC        TH0
  X:0124H         PUBLIC        YearOut
  B:0023H.4       PUBLIC        Dato_Placa
  B:0023H.5       PUBLIC        ACCESO_USE_LPR
  X:0125H         PUBLIC        num_data
  X:0126H         PUBLIC        g_cEstadoComSoft
  X:0127H         PUBLIC        Rechazo
  D:008AH         PUBLIC        TL0
  X:0128H         PUBLIC        g_scArrRxComSoft
BL51 BANKED LINKER/LOCATER V6.22.2.0                                                  10/15/2021  15:04:52  PAGE 8


  X:0164H         PUBLIC        g_scArrTxComSoft
  B:0023H.6       PUBLIC        msg_error
  B:0088H.4       PUBLIC        TR0
  X:0196H         PUBLIC        DayIn
  B:0023H.7       PUBLIC        Habilita_Lectura
  X:0197H         PUBLIC        HourIn
  X:0198H         PUBLIC        DayOut
  B:0024H.0       PUBLIC        ErrorTx
  B:0024H.1       PUBLIC        InhabilitaPulsoEvPOut
  X:0199H         PUBLIC        HourOut
  X:019AH         PUBLIC        MSGnegado
  X:01ABH         PUBLIC        Ini_Fecha
  X:01ACH         PUBLIC        Seg_OFF
  B:0090H.6       PUBLIC        lock1
  B:0090H.5       PUBLIC        lock2
  C:4A02H         PUBLIC        _SendRtaBus
  X:01ADH         PUBLIC        Num_Char_LPR
  B:0024H.2       PUBLIC        FueraLinea
  X:01AEH         PUBLIC        buffer_placa
  X:01B8H         PUBLIC        err_cod
  B:0024H.3       PUBLIC        rx_serie
  X:01C9H         PUBLIC        buffer_ticket
  X:01DDH         PUBLIC        NumDatRetry
  B:0090H.7       PUBLIC        automovil
  B:00B0H.6       PUBLIC        bus_clk
  B:0024H.4       PUBLIC        Flag_Dcto
  X:01DEH         PUBLIC        TimeOut_Send_Acceso
  X:01E0H         PUBLIC        k
  X:01E1H         PUBLIC        Max_Len_Placa
  X:01E2H         PUBLIC        TimeOut_Wiegand
  X:01E4H         PUBLIC        num_chr
  B:0024H.5       PUBLIC        datos_validos
  X:01E5H         PUBLIC        buffer_Cupo
  X:01EAH         PUBLIC        BufferRetry
  X:01FEH         PUBLIC        iTimeEsperaRtaLPR
  X:0200H         PUBLIC        OpenMensual_Apx
  B:0080H.0       PUBLIC        msg1
  X:0202H         PUBLIC        nbitsW
  B:0080H.1       PUBLIC        msg2
  X:0203H         PUBLIC        g_cEstadoTxSoft
  B:0080H.2       PUBLIC        msg3
  B:0080H.3       PUBLIC        msg4
  -------         PROC          PULSO_BUS
  C:4CC1H         LINE#         260
  C:4CC1H         LINE#         261
  C:4CC1H         LINE#         262
  C:4CC3H         LINE#         263
  C:4CC6H         LINE#         264
  C:4CC9H         LINE#         265
  C:4CCCH         LINE#         266
  C:4CCEH         LINE#         267
  C:4CD1H         LINE#         268
  -------         ENDPROC       PULSO_BUS
  C:4542H         SYMBOL        L?0770
  -------         PROC          L?0769
  -------         ENDPROC       L?0769
  C:4542H         SYMBOL        L?0770
BL51 BANKED LINKER/LOCATER V6.22.2.0                                                  10/15/2021  15:04:52  PAGE 9


  -------         PROC          _TX_BUS
  X:0265H         SYMBOL        num_chr
  -------         DO            
  X:0266H         SYMBOL        j
  X:0267H         SYMBOL        cont
  B:0024H.6       SYMBOL        timeOut
  -------         ENDDO         
  C:4548H         LINE#         272
  C:454DH         LINE#         273
  C:454DH         LINE#         278
  C:454FH         LINE#         279
  C:4551H         LINE#         280
  C:4553H         LINE#         281
  C:455DH         LINE#         283
  C:4563H         LINE#         284
  C:4563H         LINE#         285
  C:4587H         LINE#         286
  C:459BH         LINE#         287
  C:459BH         LINE#         288
  C:459DH         LINE#         289
  C:459FH         LINE#         290
  C:45A1H         LINE#         291
  C:45A3H         LINE#         292
  C:45A3H         LINE#         293
  C:45A5H         LINE#         295
  C:45A8H         LINE#         296
  C:45A8H         LINE#         297
  C:45B9H         LINE#         298
  C:45B9H         LINE#         299
  C:45C6H         LINE#         300
  C:45C9H         LINE#         301
  C:45D1H         LINE#         303
  C:45D1H         LINE#         305
  C:45D3H         LINE#         307
  C:45D5H         LINE#         309
  C:45D8H         LINE#         310
  C:45D8H         LINE#         311
  C:45DBH         LINE#         312
  C:45DEH         LINE#         313
  C:45E1H         LINE#         314
  C:45E4H         LINE#         316
  C:45E4H         LINE#         317
  C:45E6H         LINE#         318
  -------         ENDPROC       _TX_BUS
  C:47A5H         SYMBOL        L?0768
  -------         PROC          L?0767
  -------         ENDPROC       L?0767
  C:47A5H         SYMBOL        L?0768
  -------         PROC          _SEND_DATACLK
  D:0007H         SYMBOL        fc
  X:0261H         SYMBOL        dir
  -------         DO            
  X:0263H         SYMBOL        valor
  D:0006H         SYMBOL        centena
  D:0005H         SYMBOL        decena
  D:0004H         SYMBOL        unidad
  -------         ENDDO         
BL51 BANKED LINKER/LOCATER V6.22.2.0                                                  10/15/2021  15:04:52  PAGE 10


  C:47B2H         LINE#         324
  C:47BAH         LINE#         325
  C:47BAH         LINE#         328
  C:47BFH         LINE#         330
  C:47C0H         LINE#         331
  C:47C1H         LINE#         332
  C:47C2H         LINE#         334
  C:47CCH         LINE#         335
  C:47CCH         LINE#         336
  C:47D0H         LINE#         337
  C:47D1H         LINE#         338
  C:47D3H         LINE#         339
  C:47DDH         LINE#         340
  C:47DDH         LINE#         341
  C:47E1H         LINE#         342
  C:47E2H         LINE#         343
  C:47E4H         LINE#         344
  C:47E6H         LINE#         347
  C:47FDH         LINE#         348
  C:480DH         LINE#         349
  -------         ENDPROC       _SEND_DATACLK
  -------         PROC          RELEVOS_AUX
  C:4B55H         LINE#         352
  C:4B55H         LINE#         353
  C:4B55H         LINE#         354
  C:4B5EH         LINE#         355
  C:4B67H         LINE#         356
  C:4B70H         LINE#         357
  C:4B78H         LINE#         358
  -------         ENDPROC       RELEVOS_AUX
  -------         PROC          RX_BUS
  -------         DO            
  X:025FH         SYMBOL        count
  X:0263H         SYMBOL        timeOut
  X:0264H         SYMBOL        j
  -------         ENDDO         
  C:41ADH         LINE#         361
  C:41ADH         LINE#         362
  C:41ADH         LINE#         364
  C:41B2H         LINE#         368
  C:41B4H         LINE#         369
  C:41B8H         LINE#         370
  C:41BEH         LINE#         371
  C:41BEH         LINE#         372
  C:41C2H         LINE#         373
  C:41C4H         LINE#         374
  C:41D6H         LINE#         375
  C:41D6H         LINE#         376
  C:41E0H         LINE#         377
  C:41ECH         LINE#         378
  C:41ECH         LINE#         379
  C:4210H         LINE#         380
  C:4224H         LINE#         381
  C:4224H         LINE#         382
  C:4227H         LINE#         383
  C:422BH         LINE#         384
  C:422BH         LINE#         385
BL51 BANKED LINKER/LOCATER V6.22.2.0                                                  10/15/2021  15:04:52  PAGE 11


  C:422DH         LINE#         386
  C:423CH         LINE#         387
  C:423CH         LINE#         388
  C:424AH         LINE#         389
  C:4250H         LINE#         390
  C:425AH         LINE#         391
  C:4263H         LINE#         392
  C:4263H         LINE#         393
  C:4271H         LINE#         394
  C:4295H         LINE#         395
  C:42A9H         LINE#         396
  C:42A9H         LINE#         397
  C:42ACH         LINE#         398
  C:42B0H         LINE#         399
  C:42B0H         LINE#         400
  C:42B2H         LINE#         401
  C:42B2H         LINE#         402
  C:42B5H         LINE#         403
  C:42B5H         LINE#         404
  C:42BBH         LINE#         405
  C:42BBH         LINE#         406
  C:42C4H         LINE#         407
  C:42C4H         LINE#         408
  C:42C6H         LINE#         410
  -------         ENDPROC       RX_BUS
  -------         PROC          _VDATA_CLK
  X:025FH         SYMBOL        data_clk
  -------         DO            
  D:0006H         SYMBOL        temp
  -------         ENDDO         
  C:4A5EH         LINE#         416
  C:4A63H         LINE#         417
  C:4A63H         LINE#         421
  C:4A65H         LINE#         422
  C:4A68H         LINE#         423
  C:4A75H         LINE#         424
  C:4A78H         LINE#         425
  C:4A7BH         LINE#         427
  C:4A81H         LINE#         428
  C:4A83H         LINE#         429
  C:4A86H         LINE#         430
  -------         ENDPROC       _VDATA_CLK
  -------         PROC          _SENDMSG
  D:0007H         SYMBOL        tipo
  -------         DO            
  X:0261H         SYMBOL        i
  -------         ENDDO         
  C:43BAH         LINE#         435
  C:43BAH         LINE#         436
  C:43BAH         LINE#         440
  C:43C0H         LINE#         441
  C:43C8H         LINE#         442
  C:43C8H         LINE#         443
  C:43C8H         LINE#         444
  C:43CEH         LINE#         446
  C:43D0H         LINE#         449
  C:43D0H         LINE#         450
BL51 BANKED LINKER/LOCATER V6.22.2.0                                                  10/15/2021  15:04:52  PAGE 12


  C:43D6H         LINE#         452
  C:43D6H         LINE#         453
  C:43D6H         LINE#         455
  C:43E9H         LINE#         456
  C:43E9H         LINE#         457
  C:4402H         LINE#         458
  C:440AH         LINE#         459
  C:4410H         LINE#         463
  C:4413H         LINE#         464
  C:4413H         LINE#         465
  C:441AH         LINE#         466
  C:441DH         LINE#         467
  C:441DH         LINE#         468
  C:442FH         LINE#         469
  C:442FH         LINE#         470
  C:4448H         LINE#         471
  C:4450H         LINE#         477
  C:4450H         LINE#         478
  C:4462H         LINE#         479
  C:4462H         LINE#         480
  C:447BH         LINE#         481
  C:4483H         LINE#         482
  C:4489H         LINE#         483
  C:448FH         LINE#         485
  C:448FH         LINE#         489
  -------         ENDPROC       _SENDMSG
  -------         PROC          _SENDRTABUS
  X:0261H         SYMBOL        Respuesta
  C:4A02H         LINE#         491
  C:4A07H         LINE#         492
  C:4A07H         LINE#         493
  C:4A0AH         LINE#         494
  C:4A0AH         LINE#         496
  C:4A0DH         LINE#         497
  C:4A11H         LINE#         498
  C:4A16H         LINE#         499
  C:4A19H         LINE#         500
  C:4A19H         LINE#         501
  C:4A19H         LINE#         502
  C:4A19H         LINE#         503
  C:4A19H         LINE#         504
  C:4A19H         LINE#         505
  C:4A1BH         LINE#         507
  C:4A1BH         LINE#         508
  C:4A21H         LINE#         509
  C:4A29H         LINE#         510
  C:4A2FH         LINE#         511
  C:4A2FH         LINE#         512
  -------         ENDPROC       _SENDRTABUS
  -------         PROC          ATENCCOMSOFT
  -------         DO            
  X:0000H         SYMBOL        cont_solocita_evn
  X:025FH         SYMBOL        i
  X:0260H         SYMBOL        longTx
  -------         ENDDO         
  C:2241H         LINE#         516
  C:2241H         LINE#         517
BL51 BANKED LINKER/LOCATER V6.22.2.0                                                  10/15/2021  15:04:52  PAGE 13


  C:2241H         LINE#         520
  C:2253H         LINE#         521
  C:2253H         LINE#         523
  C:2253H         LINE#         527
  C:2259H         LINE#         528
  C:2259H         LINE#         529
  C:225EH         LINE#         530
  C:2263H         LINE#         532
  C:2269H         LINE#         533
  C:2269H         LINE#         535
  C:2271H         LINE#         536
  C:2271H         LINE#         537
  C:2273H         LINE#         538
  C:2276H         LINE#         539
  C:227BH         LINE#         540
  C:227BH         LINE#         541
  C:2281H         LINE#         542
  C:2281H         LINE#         544
  C:2282H         LINE#         546
  C:228FH         LINE#         547
  C:228FH         LINE#         549
  C:2295H         LINE#         550
  C:2295H         LINE#         551
  C:2299H         LINE#         552
  C:22AFH         LINE#         553
  C:22E0H         LINE#         555
  C:22FEH         LINE#         556
  C:22FEH         LINE#         557
  C:2329H         LINE#         558
  C:2331H         LINE#         559
  C:234AH         LINE#         560
  C:234DH         LINE#         561
  C:234DH         LINE#         562
  C:236BH         LINE#         563
  C:236DH         LINE#         565
  C:236DH         LINE#         566
  C:2386H         LINE#         567
  C:2386H         LINE#         570
  C:238CH         LINE#         571
  C:238CH         LINE#         572
  C:2394H         LINE#         573
  C:2394H         LINE#         574
  C:23A9H         LINE#         575
  C:23ACH         LINE#         576
  C:23B0H         LINE#         577
  C:23B0H         LINE#         578
  C:23C4H         LINE#         579
  C:23C7H         LINE#         580
  C:23CFH         LINE#         581
  C:23CFH         LINE#         582
  C:23E4H         LINE#         583
  C:23E7H         LINE#         584
  C:23EBH         LINE#         585
  C:23EBH         LINE#         586
  C:23FFH         LINE#         587
  C:2402H         LINE#         589
  C:2402H         LINE#         591
BL51 BANKED LINKER/LOCATER V6.22.2.0                                                  10/15/2021  15:04:52  PAGE 14


  C:2405H         LINE#         592
  C:2405H         LINE#         593
  C:2408H         LINE#         594
  C:2408H         LINE#         595
  C:2411H         LINE#         596
  C:2411H         LINE#         597
  C:241FH         LINE#         598
  C:2430H         LINE#         599
  C:2432H         LINE#         601
  C:2432H         LINE#         602
  C:2446H         LINE#         603
  C:2446H         LINE#         604
  C:2448H         LINE#         606
  C:2448H         LINE#         607
  C:245CH         LINE#         608
  C:245CH         LINE#         610
  C:245CH         LINE#         611
  C:245EH         LINE#         613
  C:245EH         LINE#         615
  C:2461H         LINE#         616
  C:2461H         LINE#         617
  C:2464H         LINE#         618
  C:2464H         LINE#         619
  C:246DH         LINE#         620
  C:246DH         LINE#         621
  C:247BH         LINE#         622
  C:248BH         LINE#         623
  C:248DH         LINE#         625
  C:248DH         LINE#         626
  C:24A6H         LINE#         627
  C:24A6H         LINE#         628
  C:24A8H         LINE#         630
  C:24A8H         LINE#         631
  C:24C1H         LINE#         632
  C:24C1H         LINE#         633
  C:24C1H         LINE#         636
  C:24DAH         LINE#         638
  C:24E0H         LINE#         639
  C:24E0H         LINE#         640
  C:24E3H         LINE#         641
  C:24EAH         LINE#         642
  C:24F0H         LINE#         643
  C:24F7H         LINE#         644
  C:24FDH         LINE#         645
  C:2504H         LINE#         646
  C:250AH         LINE#         647
  C:2511H         LINE#         650
  C:2517H         LINE#         651
  C:2517H         LINE#         652
  C:252DH         LINE#         653
  C:2530H         LINE#         654
  C:2530H         LINE#         656
  C:2536H         LINE#         657
  C:253DH         LINE#         658
  C:2543H         LINE#         659
  C:254AH         LINE#         660
  C:2550H         LINE#         661
BL51 BANKED LINKER/LOCATER V6.22.2.0                                                  10/15/2021  15:04:52  PAGE 15


  C:2557H         LINE#         662
  C:255DH         LINE#         663
  C:2564H         LINE#         664
  C:256AH         LINE#         665
  C:2571H         LINE#         666
  C:2587H         LINE#         668
  C:25A0H         LINE#         670
  C:25A0H         LINE#         671
  C:25A0H         LINE#         672
  C:25A0H         LINE#         674
  C:25A3H         LINE#         676
  C:25A3H         LINE#         677
  C:25BCH         LINE#         678
  C:25D5H         LINE#         679
  C:25EEH         LINE#         680
  C:2607H         LINE#         681
  C:2620H         LINE#         682
  C:2639H         LINE#         683
  C:2652H         LINE#         684
  C:266BH         LINE#         685
  C:2684H         LINE#         686
  C:269DH         LINE#         688
  C:26B6H         LINE#         689
  C:26D4H         LINE#         690
  C:26D4H         LINE#         691
  C:26FFH         LINE#         692
  C:2707H         LINE#         693
  C:2720H         LINE#         694
  C:2720H         LINE#         695
  C:2720H         LINE#         696
  C:2720H         LINE#         698
  C:2722H         LINE#         700
  C:2722H         LINE#         701
  C:273BH         LINE#         702
  C:273FH         LINE#         703
  C:273FH         LINE#         706
  C:2742H         LINE#         708
  C:2742H         LINE#         709
  C:2748H         LINE#         711
  C:274FH         LINE#         712
  C:274FH         LINE#         713
  C:275DH         LINE#         714
  C:275FH         LINE#         716
  C:275FH         LINE#         717
  C:2764H         LINE#         718
  C:2764H         LINE#         721
  C:276CH         LINE#         722
  C:2789H         LINE#         723
  C:2789H         LINE#         724
  C:27A7H         LINE#         725
  C:27AFH         LINE#         726
  C:27C5H         LINE#         728
  C:27C8H         LINE#         729
  C:27C8H         LINE#         730
  C:27D9H         LINE#         731
  C:27DBH         LINE#         733
  C:27DBH         LINE#         734
BL51 BANKED LINKER/LOCATER V6.22.2.0                                                  10/15/2021  15:04:52  PAGE 16


  C:27F1H         LINE#         735
  C:27F1H         LINE#         737
  C:27F4H         LINE#         738
  C:27F4H         LINE#         739
  C:27FCH         LINE#         740
  C:27FCH         LINE#         741
  C:2802H         LINE#         742
  C:2804H         LINE#         743
  C:2808H         LINE#         744
  C:2808H         LINE#         745
  C:280EH         LINE#         746
  C:2810H         LINE#         747
  C:2814H         LINE#         748
  C:2814H         LINE#         749
  C:281AH         LINE#         750
  C:281CH         LINE#         751
  C:2820H         LINE#         752
  C:2820H         LINE#         753
  C:2820H         LINE#         754
  C:2822H         LINE#         755
  C:2826H         LINE#         756
  C:2826H         LINE#         757
  C:2826H         LINE#         758
  C:2828H         LINE#         760
  C:2828H         LINE#         762
  C:282BH         LINE#         763
  C:282BH         LINE#         764
  C:282EH         LINE#         765
  C:282EH         LINE#         766
  C:282EH         LINE#         767
  C:2830H         LINE#         769
  C:2830H         LINE#         770
  C:2836H         LINE#         771
  C:2836H         LINE#         772
  C:2838H         LINE#         774
  C:2838H         LINE#         775
  C:283DH         LINE#         776
  C:283DH         LINE#         778
  C:283DH         LINE#         779
  C:2859H         LINE#         780
  C:285BH         LINE#         782
  C:285BH         LINE#         783
  C:285EH         LINE#         784
  C:285EH         LINE#         785
  C:286DH         LINE#         786
  C:286DH         LINE#         787
  C:286DH         LINE#         788
  C:286FH         LINE#         790
  C:286FH         LINE#         791
  C:2879H         LINE#         792
  C:2879H         LINE#         793
  C:287BH         LINE#         795
  C:287BH         LINE#         796
  C:2891H         LINE#         797
  C:2891H         LINE#         798
  C:2891H         LINE#         800
  C:2899H         LINE#         801
BL51 BANKED LINKER/LOCATER V6.22.2.0                                                  10/15/2021  15:04:52  PAGE 17


  C:2899H         LINE#         802
  C:28AAH         LINE#         804
  C:28B1H         LINE#         805
  C:28B7H         LINE#         806
  C:28B7H         LINE#         807
  C:28BAH         LINE#         808
  C:28C1H         LINE#         809
  C:28C7H         LINE#         810
  C:28CEH         LINE#         811
  C:28D4H         LINE#         812
  C:28DBH         LINE#         813
  C:28E1H         LINE#         814
  C:28E8H         LINE#         815
  C:28FCH         LINE#         816
  C:28FEH         LINE#         826
  C:2900H         LINE#         828
  C:2900H         LINE#         829
  C:2912H         LINE#         830
  C:2919H         LINE#         832
  C:2919H         LINE#         833
  C:2919H         LINE#         838
  C:2919H         LINE#         839
  C:291CH         LINE#         841
  C:2929H         LINE#         842
  C:2929H         LINE#         843
  C:292BH         LINE#         844
  C:2931H         LINE#         845
  C:2934H         LINE#         846
  C:2936H         LINE#         847
  C:2938H         LINE#         849
  C:293EH         LINE#         850
  C:293EH         LINE#         851
  C:2944H         LINE#         852
  C:2944H         LINE#         856
  C:294AH         LINE#         857
  C:294EH         LINE#         858
  C:295CH         LINE#         859
  C:2963H         LINE#         860
  C:2971H         LINE#         861
  C:2978H         LINE#         862
  C:2986H         LINE#         863
  C:298DH         LINE#         865
  C:2991H         LINE#         866
  C:2995H         LINE#         869
  C:2998H         LINE#         870
  C:2998H         LINE#         871
  C:29A0H         LINE#         872
  C:29A0H         LINE#         873
  C:29A6H         LINE#         874
  C:29A8H         LINE#         875
  C:29ACH         LINE#         876
  C:29ACH         LINE#         877
  C:29B2H         LINE#         878
  C:29B4H         LINE#         879
  C:29B8H         LINE#         880
  C:29B8H         LINE#         881
  C:29BEH         LINE#         882
BL51 BANKED LINKER/LOCATER V6.22.2.0                                                  10/15/2021  15:04:52  PAGE 18


  C:29C0H         LINE#         883
  C:29C4H         LINE#         884
  C:29C4H         LINE#         885
  C:29C4H         LINE#         886
  C:29C6H         LINE#         887
  C:29CAH         LINE#         888
  C:29CAH         LINE#         889
  C:29CAH         LINE#         890
  C:29CCH         LINE#         892
  C:29CCH         LINE#         894
  C:29CFH         LINE#         895
  C:29CFH         LINE#         896
  C:29D2H         LINE#         897
  C:29D2H         LINE#         898
  C:29D2H         LINE#         899
  C:29D4H         LINE#         901
  C:29D4H         LINE#         902
  C:29DAH         LINE#         903
  C:29DAH         LINE#         904
  C:29DCH         LINE#         906
  C:29DCH         LINE#         907
  C:29E1H         LINE#         908
  C:29E1H         LINE#         910
  C:29E1H         LINE#         911
  C:29EBH         LINE#         912
  C:29EDH         LINE#         914
  C:29EDH         LINE#         915
  C:29F0H         LINE#         916
  C:29F0H         LINE#         917
  C:29F6H         LINE#         918
  C:29F6H         LINE#         919
  C:29F6H         LINE#         920
  C:29F8H         LINE#         922
  C:29F8H         LINE#         923
  C:29FBH         LINE#         924
  C:29FBH         LINE#         925
  C:29FDH         LINE#         927
  C:29FDH         LINE#         928
  C:2A03H         LINE#         929
  C:2A03H         LINE#         930
  C:2A03H         LINE#         932
  C:2A09H         LINE#         935
  C:2A17H         LINE#         936
  C:2A25H         LINE#         937
  C:2A33H         LINE#         938
  C:2A41H         LINE#         939
  C:2A4FH         LINE#         942
  C:2A55H         LINE#         943
  C:2A63H         LINE#         944
  C:2A71H         LINE#         945
  C:2A7FH         LINE#         946
  C:2A8DH         LINE#         947
  C:2A9BH         LINE#         948
  C:2AA1H         LINE#         949
  C:2AB2H         LINE#         951
  C:2AB5H         LINE#         952
  C:2AB5H         LINE#         955
BL51 BANKED LINKER/LOCATER V6.22.2.0                                                  10/15/2021  15:04:52  PAGE 19


  C:2AD6H         LINE#         956
  C:2AD6H         LINE#         957
  C:2AFBH         LINE#         958
  C:2B03H         LINE#         959
  C:2B03H         LINE#         961
  C:2B03H         LINE#         962
  C:2B17H         LINE#         963
  C:2B17H         LINE#         964
  C:2B17H         LINE#         965
  C:2B17H         LINE#         966
  C:2B17H         LINE#         972
  C:2B1AH         LINE#         974
  C:2B1AH         LINE#         975
  C:2B20H         LINE#         976
  C:2B24H         LINE#         977
  C:2B32H         LINE#         978
  C:2B39H         LINE#         979
  C:2B47H         LINE#         980
  C:2B4EH         LINE#         981
  C:2B5CH         LINE#         982
  C:2B63H         LINE#         984
  C:2B67H         LINE#         985
  C:2B6BH         LINE#         987
  C:2B6EH         LINE#         988
  C:2B6EH         LINE#         989
  C:2B71H         LINE#         990
  C:2B71H         LINE#         991
  C:2B73H         LINE#         992
  C:2B75H         LINE#         994
  C:2B75H         LINE#         995
  C:2B7BH         LINE#         996
  C:2B7BH         LINE#         997
  C:2B7DH         LINE#         999
  C:2B7DH         LINE#         1000
  C:2B83H         LINE#         1001
  C:2B83H         LINE#         1003
  C:2B89H         LINE#         1004
  C:2B8BH         LINE#         1006
  C:2B8BH         LINE#         1010
  C:2B8EH         LINE#         1012
  C:2B8EH         LINE#         1014
  C:2B94H         LINE#         1015
  C:2B98H         LINE#         1016
  C:2BA6H         LINE#         1017
  C:2BADH         LINE#         1018
  C:2BBBH         LINE#         1019
  C:2BC2H         LINE#         1020
  C:2BD0H         LINE#         1021
  C:2BD7H         LINE#         1023
  C:2BDBH         LINE#         1024
  C:2BDFH         LINE#         1027
  C:2BE2H         LINE#         1028
  C:2BE2H         LINE#         1029
  C:2BEAH         LINE#         1030
  C:2BEAH         LINE#         1031
  C:2BF0H         LINE#         1032
  C:2BF2H         LINE#         1033
BL51 BANKED LINKER/LOCATER V6.22.2.0                                                  10/15/2021  15:04:52  PAGE 20


  C:2BF6H         LINE#         1034
  C:2BF6H         LINE#         1035
  C:2BFCH         LINE#         1036
  C:2BFEH         LINE#         1037
  C:2C02H         LINE#         1038
  C:2C02H         LINE#         1039
  C:2C08H         LINE#         1040
  C:2C0AH         LINE#         1041
  C:2C0EH         LINE#         1042
  C:2C0EH         LINE#         1043
  C:2C0EH         LINE#         1044
  C:2C10H         LINE#         1045
  C:2C14H         LINE#         1046
  C:2C14H         LINE#         1047
  C:2C14H         LINE#         1048
  C:2C16H         LINE#         1050
  C:2C16H         LINE#         1052
  C:2C19H         LINE#         1053
  C:2C19H         LINE#         1054
  C:2C1CH         LINE#         1055
  C:2C1CH         LINE#         1056
  C:2C1CH         LINE#         1057
  C:2C1EH         LINE#         1059
  C:2C1EH         LINE#         1060
  C:2C24H         LINE#         1061
  C:2C24H         LINE#         1062
  C:2C26H         LINE#         1064
  C:2C26H         LINE#         1065
  C:2C2BH         LINE#         1066
  C:2C2BH         LINE#         1068
  C:2C2BH         LINE#         1069
  C:2C35H         LINE#         1070
  C:2C37H         LINE#         1072
  C:2C37H         LINE#         1073
  C:2C3AH         LINE#         1074
  C:2C3AH         LINE#         1075
  C:2C40H         LINE#         1076
  C:2C40H         LINE#         1077
  C:2C40H         LINE#         1078
  C:2C42H         LINE#         1080
  C:2C42H         LINE#         1081
  C:2C45H         LINE#         1082
  C:2C45H         LINE#         1083
  C:2C47H         LINE#         1085
  C:2C47H         LINE#         1086
  C:2C4DH         LINE#         1087
  C:2C4DH         LINE#         1088
  C:2C4DH         LINE#         1090
  C:2C53H         LINE#         1093
  C:2C61H         LINE#         1094
  C:2C6FH         LINE#         1095
  C:2C7DH         LINE#         1096
  C:2C8BH         LINE#         1097
  C:2C99H         LINE#         1099
  C:2C9FH         LINE#         1100
  C:2C9FH         LINE#         1102
  C:2CA5H         LINE#         1103
BL51 BANKED LINKER/LOCATER V6.22.2.0                                                  10/15/2021  15:04:52  PAGE 21


  C:2CB3H         LINE#         1104
  C:2CC1H         LINE#         1105
  C:2CCFH         LINE#         1106
  C:2CDDH         LINE#         1107
  C:2CEBH         LINE#         1108
  C:2CF1H         LINE#         1109
  C:2D02H         LINE#         1111
  C:2D05H         LINE#         1112
  C:2D05H         LINE#         1115
  C:2D23H         LINE#         1116
  C:2D23H         LINE#         1117
  C:2D48H         LINE#         1118
  C:2D50H         LINE#         1119
  C:2D64H         LINE#         1120
  C:2D78H         LINE#         1121
  C:2D7DH         LINE#         1123
  C:2D80H         LINE#         1125
  C:2D80H         LINE#         1126
  C:2D94H         LINE#         1127
  C:2DA8H         LINE#         1128
  C:2DBCH         LINE#         1129
  C:2DC1H         LINE#         1130
  C:2DC1H         LINE#         1134
  C:2DC4H         LINE#         1136
  C:2DC4H         LINE#         1137
  C:2DCAH         LINE#         1138
  C:2DD3H         LINE#         1139
  C:2DDCH         LINE#         1140
  C:2DE5H         LINE#         1141
  C:2DEEH         LINE#         1142
  C:2DF7H         LINE#         1144
  C:2DFDH         LINE#         1145
  C:2E0EH         LINE#         1147
  C:2E14H         LINE#         1148
  C:2E14H         LINE#         1149
  C:2E16H         LINE#         1150
  C:2E3DH         LINE#         1151
  C:2E3DH         LINE#         1152
  C:2E62H         LINE#         1153
  C:2E6AH         LINE#         1154
  C:2E7EH         LINE#         1155
  C:2E92H         LINE#         1156
  C:2E97H         LINE#         1157
  C:2E99H         LINE#         1159
  C:2E99H         LINE#         1160
  C:2EADH         LINE#         1161
  C:2EC1H         LINE#         1162
  C:2ED5H         LINE#         1163
  C:2EDDH         LINE#         1164
  C:2EDDH         LINE#         1169
  C:2EDDH         LINE#         1171
  C:2EDDH         LINE#         1176
  C:2EDDH         LINE#         1177
  C:2EE0H         LINE#         1179
  C:2EEEH         LINE#         1180
  C:2EEEH         LINE#         1181
  C:2EF2H         LINE#         1182
BL51 BANKED LINKER/LOCATER V6.22.2.0                                                  10/15/2021  15:04:52  PAGE 22


  C:2EF2H         LINE#         1183
  C:2EF2H         LINE#         1185
  C:2EF5H         LINE#         1188
  C:2EF5H         LINE#         1190
  C:2F04H         LINE#         1192
  C:2F07H         LINE#         1193
  C:2F07H         LINE#         1194
  C:2F09H         LINE#         1195
  C:2F27H         LINE#         1196
  C:2F27H         LINE#         1197
  C:2F45H         LINE#         1198
  C:2F4DH         LINE#         1200
  C:2F50H         LINE#         1201
  C:2F50H         LINE#         1202
  C:2F50H         LINE#         1203
  C:2F53H         LINE#         1206
  C:2F70H         LINE#         1207
  C:2F70H         LINE#         1208
  C:2F73H         LINE#         1209
  C:2F91H         LINE#         1210
  C:2F91H         LINE#         1211
  C:2FAFH         LINE#         1212
  C:2FB7H         LINE#         1214
  C:2FBAH         LINE#         1217
  C:2FBFH         LINE#         1218
  C:2FC4H         LINE#         1219
  C:2FC9H         LINE#         1220
  C:2FCEH         LINE#         1221
  C:2FD3H         LINE#         1222
  C:2FD5H         LINE#         1223
  C:2FDAH         LINE#         1225
  C:2FDDH         LINE#         1226
  C:2FF0H         LINE#         1227
  C:2FF0H         LINE#         1229
  C:2FF9H         LINE#         1230
  C:2FF9H         LINE#         1231
  C:3000H         LINE#         1232
  C:3000H         LINE#         1234
  C:3003H         LINE#         1240
  C:3005H         LINE#         1241
  C:300AH         LINE#         1242
  C:300AH         LINE#         1243
  C:300AH         LINE#         1245
  C:300AH         LINE#         1246
  C:300AH         LINE#         1248
  C:300AH         LINE#         1249
  C:300AH         LINE#         1250
  C:300AH         LINE#         1256
  C:300AH         LINE#         1257
  C:3013H         LINE#         1258
  C:3013H         LINE#         1260
  C:3013H         LINE#         1261
  C:3018H         LINE#         1262
  C:3018H         LINE#         1263
  C:301BH         LINE#         1264
  C:301BH         LINE#         1265
  C:301EH         LINE#         1266
BL51 BANKED LINKER/LOCATER V6.22.2.0                                                  10/15/2021  15:04:52  PAGE 23


  C:301EH         LINE#         1267
  C:3021H         LINE#         1268
  C:3021H         LINE#         1269
  C:3024H         LINE#         1270
  C:3024H         LINE#         1271
  C:3024H         LINE#         1272
  C:3024H         LINE#         1273
  C:3024H         LINE#         1274
  C:3024H         LINE#         1275
  C:3024H         LINE#         1276
  C:3024H         LINE#         1277
  C:3024H         LINE#         1278
  C:3026H         LINE#         1280
  C:3026H         LINE#         1281
  C:3029H         LINE#         1282
  C:3029H         LINE#         1283
  C:302BH         LINE#         1284
  C:3031H         LINE#         1285
  C:3034H         LINE#         1286
  C:3036H         LINE#         1287
  C:3038H         LINE#         1288
  C:3038H         LINE#         1289
  C:3038H         LINE#         1291
  C:3038H         LINE#         1292
  C:3038H         LINE#         1294
  C:303EH         LINE#         1295
  C:303EH         LINE#         1296
  C:3040H         LINE#         1298
  C:3074H         LINE#         1299
  C:3074H         LINE#         1300
  C:3076H         LINE#         1301
  C:3079H         LINE#         1302
  C:3093H         LINE#         1303
  C:3093H         LINE#         1304
  C:3098H         LINE#         1306
  C:309FH         LINE#         1307
  C:30A2H         LINE#         1308
  C:30A4H         LINE#         1310
  C:30A6H         LINE#         1311
  C:30A8H         LINE#         1312
  C:30AAH         LINE#         1314
  C:30AFH         LINE#         1315
  C:30B5H         LINE#         1316
  C:30BBH         LINE#         1317
  C:30BDH         LINE#         1318
  C:30C3H         LINE#         1320
  C:30C6H         LINE#         1321
  C:3106H         LINE#         1322
  C:3106H         LINE#         1323
  C:3108H         LINE#         1324
  C:310AH         LINE#         1325
  C:315CH         LINE#         1326
  C:315CH         LINE#         1327
  C:3161H         LINE#         1328
  C:3164H         LINE#         1329
  C:31D4H         LINE#         1330
  C:31D4H         LINE#         1331
BL51 BANKED LINKER/LOCATER V6.22.2.0                                                  10/15/2021  15:04:52  PAGE 24


  C:31D6H         LINE#         1332
  C:31D9H         LINE#         1334
  C:3249H         LINE#         1335
  C:3249H         LINE#         1336
  C:324BH         LINE#         1337
  C:324EH         LINE#         1338
  C:32CAH         LINE#         1339
  C:32CAH         LINE#         1340
  C:32CCH         LINE#         1341
  C:32CFH         LINE#         1342
  C:334BH         LINE#         1343
  C:334BH         LINE#         1344
  C:334DH         LINE#         1345
  C:3350H         LINE#         1346
  C:33A2H         LINE#         1347
  C:33A2H         LINE#         1348
  C:33A4H         LINE#         1350
  C:33A7H         LINE#         1351
  C:33F9H         LINE#         1352
  C:33F9H         LINE#         1353
  C:33FBH         LINE#         1355
  C:33FEH         LINE#         1356
  C:3450H         LINE#         1357
  C:3450H         LINE#         1358
  C:3452H         LINE#         1359
  C:3455H         LINE#         1361
  C:34BFH         LINE#         1362
  C:34BFH         LINE#         1363
  C:34C1H         LINE#         1364
  C:34C3H         LINE#         1365
  C:352DH         LINE#         1366
  C:352DH         LINE#         1367
  C:3532H         LINE#         1368
  C:3532H         LINE#         1370
  C:3537H         LINE#         1371
  C:3566H         LINE#         1372
  C:3566H         LINE#         1373
  C:3575H         LINE#         1374
  C:357DH         LINE#         1375
  C:3582H         LINE#         1376
  C:35B1H         LINE#         1377
  C:35B1H         LINE#         1378
  C:35B4H         LINE#         1379
  C:35B4H         LINE#         1380
  C:35C3H         LINE#         1381
  C:35C3H         LINE#         1382
  C:35CBH         LINE#         1384
  C:35CBH         LINE#         1387
  C:35CBH         LINE#         1389
  C:35D0H         LINE#         1390
  C:35D2H         LINE#         1392
  C:35D3H         LINE#         1394
  C:35D3H         LINE#         1395
  C:35D8H         LINE#         1396
  C:35D8H         LINE#         1398
  C:35D8H         LINE#         1399
  -------         ENDPROC       ATENCCOMSOFT
BL51 BANKED LINKER/LOCATER V6.22.2.0                                                  10/15/2021  15:04:52  PAGE 25


  -------         PROC          MAIN
  -------         DO            
  X:0204H         SYMBOL        MSGnotify
  X:0215H         SYMBOL        msgdir
  X:0226H         SYMBOL        sin_resp
  X:0237H         SYMBOL        resp_NACK
  X:0248H         SYMBOL        SendCode
  X:0259H         SYMBOL        k
  X:025AH         SYMBOL        i
  X:025BH         SYMBOL        NumDatValidar
  X:025CH         SYMBOL        PosComa
  X:025EH         SYMBOL        temp
  -------         ENDDO         
  C:0026H         LINE#         1406
  C:0026H         LINE#         1407
  C:0026H         LINE#         1409
  C:0039H         LINE#         1410
  C:004CH         LINE#         1411
  C:005FH         LINE#         1412
  C:0072H         LINE#         1413
  C:0085H         LINE#         1420
  C:0088H         LINE#         1421
  C:008BH         LINE#         1423
  C:008EH         LINE#         1425
  C:0096H         LINE#         1426
  C:0098H         LINE#         1427
  C:009BH         LINE#         1428
  C:009DH         LINE#         1429
  C:009FH         LINE#         1431
  C:00A1H         LINE#         1432
  C:00A3H         LINE#         1433
  C:00A5H         LINE#         1434
  C:00A7H         LINE#         1440
  C:00A9H         LINE#         1441
  C:00AFH         LINE#         1442
  C:00B5H         LINE#         1443
  C:00BBH         LINE#         1444
  C:00C1H         LINE#         1445
  C:00C3H         LINE#         1447
  C:00C5H         LINE#         1448
  C:00C7H         LINE#         1450
  C:00C9H         LINE#         1451
  C:00CBH         LINE#         1453
  C:00CDH         LINE#         1454
  C:00CFH         LINE#         1456
  C:00D1H         LINE#         1457
  C:00D3H         LINE#         1459
  C:00D5H         LINE#         1460
  C:00DAH         LINE#         1461
  C:00DCH         LINE#         1462
  C:00DEH         LINE#         1463
  C:00E0H         LINE#         1464
  C:00E4H         LINE#         1465
  C:00EAH         LINE#         1466
  C:00ECH         LINE#         1467
  C:00F2H         LINE#         1468
  C:00F4H         LINE#         1472
BL51 BANKED LINKER/LOCATER V6.22.2.0                                                  10/15/2021  15:04:52  PAGE 26


  C:00F6H         LINE#         1473
  C:00F8H         LINE#         1474
  C:00FAH         LINE#         1475
  C:00FCH         LINE#         1478
  C:00FEH         LINE#         1480
  C:0100H         LINE#         1481
  C:0104H         LINE#         1482
  C:0106H         LINE#         1485
  C:0111H         LINE#         1487
  C:0116H         LINE#         1488
  C:011FH         LINE#         1489
  C:0122H         LINE#         1491
  C:0124H         LINE#         1492
  C:0126H         LINE#         1493
  C:0126H         LINE#         1494
  C:0126H         LINE#         1496
  C:0126H         LINE#         1498
  C:0126H         LINE#         1499
  C:0126H         LINE#         1501
  C:0129H         LINE#         1502
  C:012FH         LINE#         1504
  C:0140H         LINE#         1505
  C:0140H         LINE#         1507
  C:0146H         LINE#         1508
  C:0146H         LINE#         1509
  C:014CH         LINE#         1510
  C:014FH         LINE#         1512
  C:0152H         LINE#         1514
  C:0155H         LINE#         1515
  C:0155H         LINE#         1517
  C:015FH         LINE#         1518
  C:015FH         LINE#         1519
  C:0165H         LINE#         1520
  C:0169H         LINE#         1521
  C:0172H         LINE#         1522
  C:017BH         LINE#         1523
  C:0184H         LINE#         1524
  C:0188H         LINE#         1526
  C:018DH         LINE#         1527
  C:0190H         LINE#         1528
  C:0193H         LINE#         1530
  C:0199H         LINE#         1531
  C:019DH         LINE#         1532
  C:01A4H         LINE#         1533
  C:01AEH         LINE#         1534
  C:01B0H         LINE#         1536
  C:01B0H         LINE#         1537
  C:01B0H         LINE#         1538
  C:01B0H         LINE#         1540
  C:01B2H         LINE#         1542
  C:01B2H         LINE#         1543
  C:01B8H         LINE#         1544
  C:01BCH         LINE#         1545
  C:01C4H         LINE#         1546
  C:01CCH         LINE#         1547
  C:01D4H         LINE#         1548
  C:01D8H         LINE#         1549
BL51 BANKED LINKER/LOCATER V6.22.2.0                                                  10/15/2021  15:04:52  PAGE 27


  C:01DEH         LINE#         1550
  C:01E2H         LINE#         1551
  C:01E8H         LINE#         1552
  C:01EAH         LINE#         1553
  C:01F3H         LINE#         1554
  C:01F9H         LINE#         1555
  C:01FCH         LINE#         1556
  C:01FCH         LINE#         1558
  C:01FEH         LINE#         1560
  C:01FEH         LINE#         1561
  C:020BH         LINE#         1562
  C:0212H         LINE#         1563
  C:0212H         LINE#         1566
  C:0218H         LINE#         1567
  C:0218H         LINE#         1568
  C:026CH         LINE#         1569
  C:026CH         LINE#         1570
  C:026CH         LINE#         1571
  C:026CH         LINE#         1572
  C:026CH         LINE#         1573
  C:026CH         LINE#         1574
  C:026CH         LINE#         1575
  C:026CH         LINE#         1576
  C:026FH         LINE#         1577
  C:02BEH         LINE#         1578
  C:02BEH         LINE#         1579
  C:02BEH         LINE#         1580
  C:02BEH         LINE#         1581
  C:02BEH         LINE#         1582
  C:02BEH         LINE#         1583
  C:02BEH         LINE#         1584
  C:02BEH         LINE#         1585
  C:02C1H         LINE#         1586
  C:0314H         LINE#         1587
  C:0314H         LINE#         1588
  C:0314H         LINE#         1589
  C:0314H         LINE#         1590
  C:0314H         LINE#         1591
  C:0314H         LINE#         1592
  C:0314H         LINE#         1593
  C:0314H         LINE#         1594
  C:0317H         LINE#         1595
  C:036DH         LINE#         1596
  C:036DH         LINE#         1597
  C:036DH         LINE#         1598
  C:036DH         LINE#         1599
  C:036DH         LINE#         1600
  C:036DH         LINE#         1601
  C:036DH         LINE#         1602
  C:036DH         LINE#         1603
  C:0370H         LINE#         1604
  C:03AFH         LINE#         1605
  C:03AFH         LINE#         1606
  C:03AFH         LINE#         1607
  C:03AFH         LINE#         1608
  C:03AFH         LINE#         1609
  C:03AFH         LINE#         1610
BL51 BANKED LINKER/LOCATER V6.22.2.0                                                  10/15/2021  15:04:52  PAGE 28


  C:03AFH         LINE#         1611
  C:03AFH         LINE#         1612
  C:03B1H         LINE#         1613
  C:03D9H         LINE#         1614
  C:03D9H         LINE#         1615
  C:03D9H         LINE#         1616
  C:03D9H         LINE#         1617
  C:03D9H         LINE#         1618
  C:03D9H         LINE#         1619
  C:03D9H         LINE#         1620
  C:03D9H         LINE#         1621
  C:03DBH         LINE#         1622
  C:0406H         LINE#         1623
  C:0406H         LINE#         1624
  C:0408H         LINE#         1625
  C:040AH         LINE#         1626
  C:0410H         LINE#         1627
  C:0413H         LINE#         1628
  C:0415H         LINE#         1629
  C:0417H         LINE#         1630
  C:0417H         LINE#         1631
  C:0417H         LINE#         1635
  C:0419H         LINE#         1637
  C:0419H         LINE#         1639
  C:0421H         LINE#         1640
  C:0421H         LINE#         1641
  C:0424H         LINE#         1643
  C:0427H         LINE#         1644
  C:042CH         LINE#         1645
  C:0439H         LINE#         1646
  C:0440H         LINE#         1647
  C:0440H         LINE#         1650
  C:0440H         LINE#         1655
  C:0446H         LINE#         1656
  C:0446H         LINE#         1658
  C:044CH         LINE#         1659
  C:044EH         LINE#         1660
  C:0451H         LINE#         1675
  C:045AH         LINE#         1676
  C:045AH         LINE#         1677
  C:0466H         LINE#         1678
  C:0466H         LINE#         1679
  C:0468H         LINE#         1680
  C:0468H         LINE#         1682
  C:0493H         LINE#         1683
  C:0493H         LINE#         1684
  C:0496H         LINE#         1685
  C:04A9H         LINE#         1686
  C:04A9H         LINE#         1687
  C:04AEH         LINE#         1688
  C:04C4H         LINE#         1689
  C:04C4H         LINE#         1690
  C:04C7H         LINE#         1691
  C:04CFH         LINE#         1692
  C:04D4H         LINE#         1693
  C:04E0H         LINE#         1694
  C:04E3H         LINE#         1696
BL51 BANKED LINKER/LOCATER V6.22.2.0                                                  10/15/2021  15:04:52  PAGE 29


  C:04EBH         LINE#         1697
  C:04EBH         LINE#         1698
  C:04F0H         LINE#         1699
  C:0509H         LINE#         1700
  C:0509H         LINE#         1701
  C:050CH         LINE#         1702
  C:0514H         LINE#         1704
  C:0514H         LINE#         1705
  C:051CH         LINE#         1706
  C:051CH         LINE#         1708
  C:0528H         LINE#         1710
  C:052BH         LINE#         1711
  C:0533H         LINE#         1712
  C:0533H         LINE#         1713
  C:0538H         LINE#         1714
  C:0551H         LINE#         1715
  C:0551H         LINE#         1716
  C:0554H         LINE#         1717
  C:055CH         LINE#         1718
  C:055CH         LINE#         1719
  C:0564H         LINE#         1720
  C:0564H         LINE#         1721
  C:0569H         LINE#         1722
  C:0582H         LINE#         1723
  C:0582H         LINE#         1724
  C:0585H         LINE#         1725
  C:058DH         LINE#         1726
  C:058DH         LINE#         1727
  C:0595H         LINE#         1728
  C:0595H         LINE#         1730
  C:059AH         LINE#         1731
  C:05A3H         LINE#         1734
  C:05AAH         LINE#         1738
  C:05ADH         LINE#         1739
  C:05B5H         LINE#         1740
  C:05B5H         LINE#         1741
  C:05BAH         LINE#         1742
  C:05D3H         LINE#         1743
  C:05D3H         LINE#         1744
  C:05D6H         LINE#         1745
  C:05DEH         LINE#         1746
  C:05DEH         LINE#         1748
  C:05E6H         LINE#         1749
  C:05E6H         LINE#         1750
  C:05EBH         LINE#         1751
  C:0604H         LINE#         1752
  C:0604H         LINE#         1753
  C:0607H         LINE#         1754
  C:060FH         LINE#         1755
  C:060FH         LINE#         1756
  C:0617H         LINE#         1757
  C:0617H         LINE#         1758
  C:061CH         LINE#         1759
  C:0635H         LINE#         1760
  C:0635H         LINE#         1761
  C:0638H         LINE#         1762
  C:0640H         LINE#         1763
BL51 BANKED LINKER/LOCATER V6.22.2.0                                                  10/15/2021  15:04:52  PAGE 30


  C:0640H         LINE#         1764
  C:0648H         LINE#         1765
  C:0648H         LINE#         1766
  C:064DH         LINE#         1767
  C:0666H         LINE#         1768
  C:0666H         LINE#         1769
  C:0669H         LINE#         1770
  C:0671H         LINE#         1771
  C:0671H         LINE#         1772
  C:0679H         LINE#         1773
  C:0679H         LINE#         1774
  C:067EH         LINE#         1775
  C:0697H         LINE#         1776
  C:0697H         LINE#         1777
  C:069AH         LINE#         1778
  C:06A2H         LINE#         1779
  C:06A2H         LINE#         1780
  C:06AAH         LINE#         1781
  C:06AAH         LINE#         1782
  C:06AFH         LINE#         1783
  C:06C8H         LINE#         1784
  C:06C8H         LINE#         1785
  C:06CBH         LINE#         1786
  C:06D3H         LINE#         1787
  C:06D3H         LINE#         1788
  C:06DBH         LINE#         1789
  C:06DBH         LINE#         1790
  C:06E0H         LINE#         1791
  C:06F9H         LINE#         1792
  C:06F9H         LINE#         1793
  C:06FCH         LINE#         1794
  C:0704H         LINE#         1795
  C:0704H         LINE#         1797
  C:070CH         LINE#         1798
  C:070CH         LINE#         1799
  C:0711H         LINE#         1800
  C:0716H         LINE#         1801
  C:071BH         LINE#         1802
  C:0720H         LINE#         1803
  C:0725H         LINE#         1804
  C:072AH         LINE#         1805
  C:072FH         LINE#         1806
  C:0734H         LINE#         1807
  C:0739H         LINE#         1808
  C:073EH         LINE#         1809
  C:0743H         LINE#         1810
  C:0748H         LINE#         1811
  C:074DH         LINE#         1812
  C:0752H         LINE#         1813
  C:0757H         LINE#         1814
  C:075CH         LINE#         1815
  C:0761H         LINE#         1818
  C:0763H         LINE#         1819
  C:0769H         LINE#         1820
  C:076BH         LINE#         1821
  C:0773H         LINE#         1822
  C:0773H         LINE#         1823
BL51 BANKED LINKER/LOCATER V6.22.2.0                                                  10/15/2021  15:04:52  PAGE 31


  C:0776H         LINE#         1824
  C:077BH         LINE#         1825
  C:0784H         LINE#         1827
  C:0784H         LINE#         1828
  C:0786H         LINE#         1829
  C:078CH         LINE#         1830
  C:078FH         LINE#         1831
  C:0791H         LINE#         1832
  C:0793H         LINE#         1833
  C:0796H         LINE#         1834
  C:07A9H         LINE#         1835
  C:07A9H         LINE#         1836
  C:07ABH         LINE#         1837
  C:07ADH         LINE#         1838
  C:07ADH         LINE#         1839
  C:07AFH         LINE#         1840
  C:07BDH         LINE#         1841
  C:07BDH         LINE#         1842
  C:07BFH         LINE#         1843
  C:07C1H         LINE#         1844
  C:07C7H         LINE#         1845
  C:07D3H         LINE#         1846
  C:07D6H         LINE#         1847
  C:07E6H         LINE#         1848
  C:07E6H         LINE#         1849
  C:07E8H         LINE#         1850
  C:07EAH         LINE#         1851
  C:07F0H         LINE#         1852
  C:07F3H         LINE#         1853
  C:0806H         LINE#         1854
  C:0806H         LINE#         1855
  C:0808H         LINE#         1856
  C:080AH         LINE#         1857
  C:0810H         LINE#         1858
  C:0813H         LINE#         1859
  C:0821H         LINE#         1860
  C:0821H         LINE#         1861
  C:0826H         LINE#         1863
  C:082BH         LINE#         1864
  C:0830H         LINE#         1865
  C:0835H         LINE#         1866
  C:083AH         LINE#         1867
  C:083FH         LINE#         1868
  C:0844H         LINE#         1869
  C:0849H         LINE#         1870
  C:084EH         LINE#         1871
  C:0853H         LINE#         1872
  C:0858H         LINE#         1873
  C:085DH         LINE#         1874
  C:0862H         LINE#         1875
  C:0867H         LINE#         1876
  C:086CH         LINE#         1877
  C:086EH         LINE#         1878
  C:086EH         LINE#         1880
  C:0871H         LINE#         1881
  C:0881H         LINE#         1882
  C:0881H         LINE#         1883
BL51 BANKED LINKER/LOCATER V6.22.2.0                                                  10/15/2021  15:04:52  PAGE 32


  C:0883H         LINE#         1885
  C:0888H         LINE#         1886
  C:089EH         LINE#         1887
  C:089EH         LINE#         1888
  C:08A1H         LINE#         1889
  C:08A9H         LINE#         1890
  C:08AEH         LINE#         1891
  C:08B3H         LINE#         1892
  C:08B9H         LINE#         1893
  C:08B9H         LINE#         1894
  C:08B9H         LINE#         1895
  C:08B9H         LINE#         1896
  C:08B9H         LINE#         1898
  C:08BBH         LINE#         1899
  C:08CBH         LINE#         1900
  C:08CBH         LINE#         1901
  C:08CDH         LINE#         1902
  C:08D2H         LINE#         1903
  C:08E8H         LINE#         1904
  C:08E8H         LINE#         1905
  C:08EBH         LINE#         1906
  C:08F3H         LINE#         1907
  C:08F8H         LINE#         1908
  C:08FDH         LINE#         1909
  C:0903H         LINE#         1910
  C:0903H         LINE#         1911
  C:0908H         LINE#         1912
  C:090AH         LINE#         1913
  C:090AH         LINE#         1917
  C:090DH         LINE#         1918
  C:091CH         LINE#         1919
  C:091CH         LINE#         1920
  C:091EH         LINE#         1921
  C:0923H         LINE#         1922
  C:093CH         LINE#         1923
  C:093CH         LINE#         1924
  C:093FH         LINE#         1925
  C:0947H         LINE#         1926
  C:0947H         LINE#         1927
  C:0956H         LINE#         1928
  C:0956H         LINE#         1929
  C:095BH         LINE#         1930
  C:0974H         LINE#         1931
  C:0974H         LINE#         1932
  C:0977H         LINE#         1933
  C:097FH         LINE#         1934
  C:097FH         LINE#         1935
  C:098FH         LINE#         1936
  C:098FH         LINE#         1937
  C:0994H         LINE#         1939
  C:0999H         LINE#         1940
  C:099EH         LINE#         1941
  C:09A3H         LINE#         1942
  C:09A8H         LINE#         1943
  C:09ADH         LINE#         1944
  C:09B2H         LINE#         1945
  C:09B7H         LINE#         1946
BL51 BANKED LINKER/LOCATER V6.22.2.0                                                  10/15/2021  15:04:52  PAGE 33


  C:09BCH         LINE#         1947
  C:09C1H         LINE#         1948
  C:09C6H         LINE#         1949
  C:09CBH         LINE#         1950
  C:09D0H         LINE#         1951
  C:09D5H         LINE#         1952
  C:09DAH         LINE#         1953
  C:09DFH         LINE#         1954
  C:09E1H         LINE#         1958
  C:09E4H         LINE#         1959
  C:09F4H         LINE#         1960
  C:09F4H         LINE#         1961
  C:09F9H         LINE#         1963
  C:09FEH         LINE#         1964
  C:0A03H         LINE#         1965
  C:0A08H         LINE#         1966
  C:0A0DH         LINE#         1967
  C:0A12H         LINE#         1968
  C:0A17H         LINE#         1969
  C:0A1CH         LINE#         1970
  C:0A21H         LINE#         1971
  C:0A26H         LINE#         1972
  C:0A2BH         LINE#         1973
  C:0A30H         LINE#         1974
  C:0A35H         LINE#         1975
  C:0A3AH         LINE#         1976
  C:0A3FH         LINE#         1977
  C:0A44H         LINE#         1978
  C:0A46H         LINE#         1980
  C:0A49H         LINE#         1981
  C:0A59H         LINE#         1982
  C:0A59H         LINE#         1983
  C:0A5EH         LINE#         1985
  C:0A63H         LINE#         1986
  C:0A68H         LINE#         1987
  C:0A6DH         LINE#         1988
  C:0A72H         LINE#         1989
  C:0A77H         LINE#         1990
  C:0A7CH         LINE#         1991
  C:0A81H         LINE#         1992
  C:0A86H         LINE#         1993
  C:0A8BH         LINE#         1994
  C:0A90H         LINE#         1995
  C:0A95H         LINE#         1996
  C:0A9AH         LINE#         1997
  C:0A9FH         LINE#         1998
  C:0AA4H         LINE#         1999
  C:0AA9H         LINE#         2000
  C:0AAEH         LINE#         2001
  C:0AB0H         LINE#         2004
  C:0AB3H         LINE#         2005
  C:0AC3H         LINE#         2006
  C:0AC3H         LINE#         2007
  C:0AC8H         LINE#         2009
  C:0ACDH         LINE#         2010
  C:0AD2H         LINE#         2011
  C:0AD7H         LINE#         2012
BL51 BANKED LINKER/LOCATER V6.22.2.0                                                  10/15/2021  15:04:52  PAGE 34


  C:0ADCH         LINE#         2013
  C:0AE1H         LINE#         2014
  C:0AE6H         LINE#         2015
  C:0AEBH         LINE#         2016
  C:0AF0H         LINE#         2017
  C:0AF5H         LINE#         2018
  C:0AFAH         LINE#         2019
  C:0AFFH         LINE#         2020
  C:0B04H         LINE#         2021
  C:0B09H         LINE#         2022
  C:0B0EH         LINE#         2023
  C:0B13H         LINE#         2024
  C:0B15H         LINE#         2027
  C:0B18H         LINE#         2028
  C:0B28H         LINE#         2029
  C:0B28H         LINE#         2030
  C:0B2DH         LINE#         2032
  C:0B32H         LINE#         2033
  C:0B37H         LINE#         2034
  C:0B3CH         LINE#         2035
  C:0B41H         LINE#         2036
  C:0B46H         LINE#         2037
  C:0B4BH         LINE#         2038
  C:0B50H         LINE#         2039
  C:0B55H         LINE#         2040
  C:0B5AH         LINE#         2041
  C:0B5FH         LINE#         2042
  C:0B64H         LINE#         2043
  C:0B69H         LINE#         2044
  C:0B6EH         LINE#         2045
  C:0B73H         LINE#         2046
  C:0B78H         LINE#         2047
  C:0B7AH         LINE#         2050
  C:0B7DH         LINE#         2051
  C:0B8DH         LINE#         2052
  C:0B8DH         LINE#         2053
  C:0B92H         LINE#         2055
  C:0B97H         LINE#         2056
  C:0B9CH         LINE#         2057
  C:0BA1H         LINE#         2058
  C:0BA6H         LINE#         2059
  C:0BABH         LINE#         2060
  C:0BB0H         LINE#         2061
  C:0BB5H         LINE#         2062
  C:0BBAH         LINE#         2063
  C:0BBFH         LINE#         2064
  C:0BC4H         LINE#         2065
  C:0BC9H         LINE#         2066
  C:0BCEH         LINE#         2067
  C:0BD3H         LINE#         2068
  C:0BD8H         LINE#         2069
  C:0BDDH         LINE#         2070
  C:0BDFH         LINE#         2073
  C:0BE2H         LINE#         2074
  C:0BF8H         LINE#         2075
  C:0BF8H         LINE#         2076
  C:0BFDH         LINE#         2078
BL51 BANKED LINKER/LOCATER V6.22.2.0                                                  10/15/2021  15:04:52  PAGE 35


  C:0C02H         LINE#         2079
  C:0C07H         LINE#         2080
  C:0C0CH         LINE#         2081
  C:0C11H         LINE#         2082
  C:0C16H         LINE#         2083
  C:0C1BH         LINE#         2084
  C:0C20H         LINE#         2085
  C:0C25H         LINE#         2086
  C:0C2AH         LINE#         2087
  C:0C2FH         LINE#         2088
  C:0C34H         LINE#         2089
  C:0C39H         LINE#         2090
  C:0C3EH         LINE#         2091
  C:0C43H         LINE#         2092
  C:0C48H         LINE#         2093
  C:0C4DH         LINE#         2095
  C:0C52H         LINE#         2097
  C:0C57H         LINE#         2098
  C:0C5CH         LINE#         2099
  C:0C61H         LINE#         2100
  C:0C66H         LINE#         2101
  C:0C6BH         LINE#         2102
  C:0C70H         LINE#         2103
  C:0C75H         LINE#         2104
  C:0C7AH         LINE#         2105
  C:0C7FH         LINE#         2106
  C:0C84H         LINE#         2107
  C:0C89H         LINE#         2108
  C:0C8EH         LINE#         2109
  C:0C93H         LINE#         2110
  C:0C98H         LINE#         2111
  C:0C9DH         LINE#         2112
  C:0C9FH         LINE#         2114
  C:0CA2H         LINE#         2115
  C:0CB8H         LINE#         2116
  C:0CB8H         LINE#         2117
  C:0CBDH         LINE#         2119
  C:0CC2H         LINE#         2120
  C:0CC7H         LINE#         2121
[...]
  C:38A9H         LINE#         388
  C:38B4H         LINE#         389
  C:38B4H         LINE#         390
  C:38C6H         LINE#         391
  C:38C6H         LINE#         393
  C:38DEH         LINE#         395
  C:38E6H         LINE#         409
  C:38F1H         LINE#         410
  C:38F1H         LINE#         411
  C:3903H         LINE#         412
  C:3903H         LINE#         413
  C:391BH         LINE#         414
  C:3923H         LINE#         415
  C:3929H         LINE#         417
  C:392CH         LINE#         418
  C:393AH         LINE#         419
  C:393AH         LINE#         421
  C:3942H         LINE#         422
  C:3942H         LINE#         425
  C:394CH         LINE#         426
  C:394CH         LINE#         427
  C:3953H         LINE#         428
  C:395AH         LINE#         429
  C:395CH         LINE#         431
  C:3964H         LINE#         432
  C:3966H         LINE#         434
  C:3966H         LINE#         435
  C:3970H         LINE#         436
  C:3970H         LINE#         437
  C:3972H         LINE#         438
  C:3978H         LINE#         439
  C:397BH         LINE#         440
  C:397EH         LINE#         441
  C:3980H         LINE#         442
BL51 BANKED LINKER/LOCATER V6.22.2.0                                                  10/15/2021  15:04:52  PAGE 59


  C:3980H         LINE#         443
  C:3980H         LINE#         444
  C:3980H         LINE#         445
  C:398BH         LINE#         446
  C:398BH         LINE#         449
  C:398DH         LINE#         450
  C:3990H         LINE#         451
  C:3990H         LINE#         453
  C:3993H         LINE#         454
  C:3993H         LINE#         456
  C:3996H         LINE#         457
  C:3996H         LINE#         458
  C:3998H         LINE#         459
  C:399FH         LINE#         462
  C:39A9H         LINE#         463
  C:39A9H         LINE#         464
  C:39ABH         LINE#         465
  C:39B2H         LINE#         466
  C:39B4H         LINE#         467
  C:39BBH         LINE#         468
  C:39C4H         LINE#         469
  C:39C6H         LINE#         471
  C:39C6H         LINE#         472
  C:39D0H         LINE#         473
  C:39D0H         LINE#         474
  C:39D2H         LINE#         475
  C:39D7H         LINE#         476
  C:39D7H         LINE#         477
  C:39D7H         LINE#         478
  C:39D7H         LINE#         479
  C:39D7H         LINE#         480
  C:39D7H         LINE#         487
  C:39D7H         LINE#         488
  C:39D9H         LINE#         490
  C:39D9H         LINE#         491
  C:39DCH         LINE#         492
  C:39DCH         LINE#         493
  C:39DEH         LINE#         494
  C:39E5H         LINE#         495
  C:39E5H         LINE#         497
  C:39E7H         LINE#         498
  C:39ECH         LINE#         499
  C:39ECH         LINE#         500
  C:39ECH         LINE#         501
  C:39ECH         LINE#         502
  C:39ECH         LINE#         503
  C:39EEH         LINE#         505
  C:39EEH         LINE#         506
  C:39F1H         LINE#         507
  C:39F1H         LINE#         508
  C:39F3H         LINE#         509
  C:39FAH         LINE#         510
  C:39FCH         LINE#         511
  C:3A02H         LINE#         512
  C:3A05H         LINE#         513
  C:3A08H         LINE#         514
  C:3A0AH         LINE#         515
BL51 BANKED LINKER/LOCATER V6.22.2.0                                                  10/15/2021  15:04:52  PAGE 60


  C:3A0AH         LINE#         519
  C:3A0AH         LINE#         520
  C:3A0AH         LINE#         522
  C:3A1CH         LINE#         523
  C:3A1CH         LINE#         524
  C:3A35H         LINE#         525
  C:3A3DH         LINE#         526
  C:3A43H         LINE#         527
  C:3A45H         LINE#         528
  C:3A45H         LINE#         529
  C:3A47H         LINE#         530
  C:3A54H         LINE#         531
  C:3A54H         LINE#         532
  C:3A59H         LINE#         533
  C:3A5EH         LINE#         534
  C:3A5EH         LINE#         536
  C:3A60H         LINE#         538
  C:3A60H         LINE#         539
  C:3A65H         LINE#         540
  C:3A65H         LINE#         541
  C:3A65H         LINE#         542
  C:3A65H         LINE#         546
  C:3A68H         LINE#         547
  C:3A68H         LINE#         548
  C:3A6AH         LINE#         549
  C:3A6CH         LINE#         550
  C:3A6CH         LINE#         551
  -------         ENDPROC       COM_ISR
  -------         PROC          _ESCRIBIRCADENASOFT
  D:0006H         SYMBOL        tamano_cadena
  -------         DO            
  D:0005H         SYMBOL        i
  -------         ENDDO         
  C:4BD2H         LINE#         614
  C:4BD4H         LINE#         615
  C:4BD4H         LINE#         618
  C:4BDBH         LINE#         619
  C:4BDBH         LINE#         620
  C:4BEAH         LINE#         621
  C:4BEDH         LINE#         623
  -------         ENDPROC       _ESCRIBIRCADENASOFT
  -------         PROC          CALCULO_BCC
  -------         DO            
  D:0007H         SYMBOL        bcc
  D:0006H         SYMBOL        j
  -------         ENDDO         
  C:4B98H         LINE#         624
  C:4B98H         LINE#         625
  C:4B98H         LINE#         626
  C:4B9AH         LINE#         629
  C:4BA5H         LINE#         630
  C:4BA5H         LINE#         631
  C:4BB2H         LINE#         632
  C:4BB5H         LINE#         634
  C:4BB5H         LINE#         635
  -------         ENDPROC       CALCULO_BCC
  -------         PROC          BACKUP_CLK
BL51 BANKED LINKER/LOCATER V6.22.2.0                                                  10/15/2021  15:04:52  PAGE 61


  -------         DO            
  D:0007H         SYMBOL        i
  -------         ENDDO         
  C:4876H         LINE#         636
  C:4876H         LINE#         637
  C:4876H         LINE#         640
  C:488CH         LINE#         641
  C:4898H         LINE#         642
  C:4898H         LINE#         643
  C:48B0H         LINE#         645
  C:48B3H         LINE#         646
  C:48C3H         LINE#         647
  C:48CFH         LINE#         657
  C:48D4H         LINE#         658
  C:48D7H         LINE#         659
  -------         ENDPROC       BACKUP_CLK
  -------         PROC          RETRANSMITIR_TRAMA_HORA
  -------         DO            
  D:0006H         SYMBOL        i
  -------         ENDDO         
  C:4A89H         LINE#         661
  C:4A89H         LINE#         662
  C:4A89H         LINE#         664
  C:4A95H         LINE#         665
  C:4A95H         LINE#         666
  C:4AADH         LINE#         668
  C:4AB0H         LINE#         670
  -------         ENDPROC       RETRANSMITIR_TRAMA_HORA
  -------         PROC          CMD_EXCLUSIVO
  -------         DO            
  X:0261H         SYMBOL        reelectura
  D:0007H         SYMBOL        dato
  -------         ENDDO         
  C:4711H         LINE#         673
  C:4711H         LINE#         674
  C:4711H         LINE#         678
  C:472FH         LINE#         679
  C:4734H         LINE#         683
  C:4744H         LINE#         685
  C:474DH         LINE#         686
  C:474DH         LINE#         687
  C:476BH         LINE#         688
  C:4770H         LINE#         692
  C:477FH         LINE#         694
  C:4788H         LINE#         695
  C:4788H         LINE#         696
  C:478EH         LINE#         697
  C:4792H         LINE#         698
  C:4796H         LINE#         699
  C:479AH         LINE#         701
  C:479AH         LINE#         703
  C:479AH         LINE#         704
  -------         ENDPROC       CMD_EXCLUSIVO
  -------         ENDMOD        UART

  -------         MODULE        DISPLAY
  C:0000H         SYMBOL        _ICE_DUMMY_
BL51 BANKED LINKER/LOCATER V6.22.2.0                                                  10/15/2021  15:04:52  PAGE 62


  D:0080H         PUBLIC        P0
  D:0090H         PUBLIC        P1
  C:4CEEH         PUBLIC        Borra_all
  C:4C54H         PUBLIC        borra
  C:4C3BH         PUBLIC        _vdato
  C:4CD4H         PUBLIC        wait_ancho
  B:0090H.0       PUBLIC        RS
  C:4BEEH         PUBLIC        BorraLCD_L1
  C:4C08H         PUBLIC        BorraLCD_L2
  C:4C81H         PUBLIC        _cont
  C:4C79H         PUBLIC        pulso
  C:0012H         PUBLIC        wait
  C:4A30H         PUBLIC        relayIO
  C:4B07H         PUBLIC        _lcd_gotoxy
  B:0090H.1       PUBLIC        E
  C:4CAFH         PUBLIC        wait_long
  C:0016H         PUBLIC        _lcd_text
  C:48DAH         PUBLIC        prg_disp
  C:4AB3H         PUBLIC        _lcd_puts
  B:0090H.2       PUBLIC        sw_1
  C:4C97H         PUBLIC        _wait_long1
  B:0090H.3       PUBLIC        sw_2
  C:4ADDH         PUBLIC        ve_dir
  -------         PROC          WAIT
  C:0012H         LINE#         25
  C:0012H         LINE#         27
  -------         ENDPROC       WAIT
  -------         PROC          RELAYIO
  C:4A30H         LINE#         30
  C:4A30H         LINE#         31
  C:4A30H         LINE#         32
  C:4A35H         LINE#         34
  C:4A38H         LINE#         35
  C:4A38H         LINE#         36
  C:4A3CH         LINE#         37
  C:4A3DH         LINE#         38
  C:4A40H         LINE#         39
  C:4A40H         LINE#         40
  C:4A47H         LINE#         41
  C:4A48H         LINE#         43
  C:4A4BH         LINE#         44
  C:4A4BH         LINE#         45
  C:4A52H         LINE#         46
  C:4A53H         LINE#         47
  C:4A56H         LINE#         48
  C:4A56H         LINE#         49
  C:4A5DH         LINE#         50
  C:4A5DH         LINE#         51
  -------         ENDPROC       RELAYIO
  -------         PROC          _WAIT_LONG1
  D:0006H         SYMBOL        t
  -------         DO            
  D:0004H         SYMBOL        j
  -------         ENDDO         
  C:4C97H         LINE#         52
  C:4C97H         LINE#         54
  C:4CA1H         LINE#         55
BL51 BANKED LINKER/LOCATER V6.22.2.0                                                  10/15/2021  15:04:52  PAGE 63


  C:4CA1H         LINE#         56
  C:4CA4H         LINE#         57
  C:4CABH         LINE#         58
  -------         ENDPROC       _WAIT_LONG1
  -------         PROC          L?0061
  -------         ENDPROC       L?0061
  -------         PROC          WAIT_LONG
  -------         DO            
  D:0006H         SYMBOL        j
  -------         ENDDO         
  C:4CAFH         LINE#         60
  C:4CAFH         LINE#         62
  C:4CB2H         LINE#         63
  C:4CB2H         LINE#         64
  C:4CB5H         LINE#         65
  C:4CC0H         LINE#         66
  -------         ENDPROC       WAIT_LONG
  -------         PROC          WAIT_ANCHO
  -------         DO            
  D:0006H         SYMBOL        j
  -------         ENDDO         
  C:4CD4H         LINE#         68
  C:4CD4H         LINE#         70
  C:4CD7H         LINE#         71
  C:4CD7H         LINE#         72
  C:4CDAH         LINE#         73
  C:4CE5H         LINE#         74
  -------         ENDPROC       WAIT_ANCHO
  -------         PROC          L?0060
  -------         ENDPROC       L?0060
  -------         PROC          PULSO
  C:4C79H         LINE#         76
  C:4C79H         LINE#         77
  C:4C79H         LINE#         80
  C:4C7BH         LINE#         81
  C:4C7EH         LINE#         82
  C:4C80H         LINE#         84
  -------         ENDPROC       PULSO
  -------         PROC          _CONT
  D:0005H         SYMBOL        caracter
  C:4C81H         LINE#         86
  C:4C83H         LINE#         87
  C:4C83H         LINE#         88
  C:4C85H         LINE#         89
  C:4C85H         LINE#         90
  C:4C85H         LINE#         91
  C:4C88H         LINE#         92
  C:4C8DH         LINE#         93
  C:4C94H         LINE#         94
  -------         ENDPROC       _CONT
  -------         PROC          BORRA
  -------         DO            
  D:0006H         SYMBOL        i
  -------         ENDDO         
  C:4C54H         LINE#         97
  C:4C54H         LINE#         98
  C:4C54H         LINE#         100
BL51 BANKED LINKER/LOCATER V6.22.2.0                                                  10/15/2021  15:04:52  PAGE 64


  C:4C59H         LINE#         101
  C:4C5CH         LINE#         102
  C:4C5CH         LINE#         103
  C:4C5FH         LINE#         104
  C:4C6AH         LINE#         105
  -------         ENDPROC       BORRA
  -------         PROC          PRG_DISP
  C:48DAH         LINE#         109
  C:48DAH         LINE#         110
  C:48DAH         LINE#         111
  C:48DCH         LINE#         112
  C:48DFH         LINE#         113
  C:48E1H         LINE#         114
  C:48E4H         LINE#         116
  C:48E7H         LINE#         117
  C:48E7H         LINE#         118
  C:48EAH         LINE#         119
  C:48EAH         LINE#         120
  C:48EDH         LINE#         121
  C:48F0H         LINE#         122
  C:48F3H         LINE#         124
  C:48F6H         LINE#         125
  C:48F9H         LINE#         126
  C:48FCH         LINE#         127
  C:4901H         LINE#         129
  C:4904H         LINE#         130
  C:4907H         LINE#         131
  C:490CH         LINE#         132
  C:490FH         LINE#         133
  C:4914H         LINE#         134
  C:4917H         LINE#         137
  C:491AH         LINE#         138
  C:4920H         LINE#         139
  -------         ENDPROC       PRG_DISP
  -------         PROC          _VDATO
  D:0005H         SYMBOL        caracter
  C:4C3BH         LINE#         141
  C:4C3DH         LINE#         142
  C:4C3DH         LINE#         143
  C:4C3FH         LINE#         144
  C:4C42H         LINE#         145
  C:4C42H         LINE#         147
  C:4C42H         LINE#         148
  C:4C45H         LINE#         149
  C:4C4AH         LINE#         150
  C:4C51H         LINE#         151
  -------         ENDPROC       _VDATO
  -------         PROC          _LCD_GOTOXY
  D:0006H         SYMBOL        x
  D:0005H         SYMBOL        y
  C:4B07H         LINE#         155
  C:4B09H         LINE#         156
  C:4B09H         LINE#         157
  C:4B17H         LINE#         158
  C:4B17H         LINE#         159
  C:4B1CH         LINE#         160
  C:4B21H         LINE#         161
BL51 BANKED LINKER/LOCATER V6.22.2.0                                                  10/15/2021  15:04:52  PAGE 65


  C:4B26H         LINE#         162
  C:4B2DH         LINE#         163
  C:4B2DH         LINE#         164
  -------         ENDPROC       _LCD_GOTOXY
  -------         PROC          _LCD_PUTS
  X:027CH         SYMBOL        str
  -------         DO            
  D:0004H         SYMBOL        i
  -------         ENDDO         
  C:4AB3H         LINE#         168
  C:4ABEH         LINE#         169
  C:4ABEH         LINE#         171
  C:4AD6H         LINE#         172
  C:4AD6H         LINE#         174
  C:4AD9H         LINE#         176
  C:4ADCH         LINE#         178
  -------         ENDPROC       _LCD_PUTS
  -------         PROC          _LCD_TEXT
  D:0006H         SYMBOL        row
  D:0005H         SYMBOL        offset
  D:0001H         SYMBOL        lcd
  C:0016H         LINE#         179
  C:0018H         LINE#         180
  C:0018H         LINE#         181
  C:001FH         LINE#         182
  -------         ENDPROC       _LCD_TEXT
  -------         PROC          VE_DIR
  C:4ADDH         LINE#         185
  C:4ADDH         LINE#         186
  C:4ADDH         LINE#         187
  C:4ADFH         LINE#         188
  C:4AE1H         LINE#         190
  C:4AE4H         LINE#         191
  C:4AEAH         LINE#         193
  C:4AEDH         LINE#         194
  C:4AEDH         LINE#         195
  C:4AF0H         LINE#         196
  C:4AF0H         LINE#         197
  C:4AF3H         LINE#         198
  C:4AF3H         LINE#         199
  C:4AFAH         LINE#         200
  C:4AFAH         LINE#         201
  C:4AFFH         LINE#         202
  -------         ENDPROC       VE_DIR
  -------         PROC          BORRALCD_L1
  -------         DO            
  D:0004H         SYMBOL        k
  -------         ENDDO         
  C:4BEEH         LINE#         206
  C:4BEEH         LINE#         207
  C:4BEEH         LINE#         210
  C:4BF3H         LINE#         211
  C:4BFFH         LINE#         212
  C:4BFFH         LINE#         213
  C:4C04H         LINE#         214
  C:4C07H         LINE#         215
  -------         ENDPROC       BORRALCD_L1
BL51 BANKED LINKER/LOCATER V6.22.2.0                                                  10/15/2021  15:04:52  PAGE 66


  -------         PROC          BORRALCD_L2
  -------         DO            
  D:0004H         SYMBOL        k
  -------         ENDDO         
  C:4C08H         LINE#         217
  C:4C08H         LINE#         218
  C:4C08H         LINE#         221
  C:4C0DH         LINE#         222
  C:4C19H         LINE#         223
  C:4C19H         LINE#         224
  C:4C1EH         LINE#         225
  C:4C21H         LINE#         226
  -------         ENDPROC       BORRALCD_L2
  -------         PROC          BORRA_ALL
  C:4CEEH         LINE#         227
  C:4CEEH         LINE#         228
  C:4CEEH         LINE#         229
  C:4CF1H         LINE#         230
  -------         ENDPROC       BORRA_ALL
  -------         ENDMOD        DISPLAY

  -------         MODULE        ?C?COPY
  C:3EAAH         PUBLIC        ?C?COPY
  -------         ENDMOD        ?C?COPY

  -------         MODULE        ?C?CLDOPTR
  C:3ED0H         PUBLIC        ?C?CLDOPTR
  -------         ENDMOD        ?C?CLDOPTR

  -------         MODULE        ?C?LSTXDATA
  C:3EFDH         PUBLIC        ?C?LSTXDATA
  -------         ENDMOD        ?C?LSTXDATA

  -------         MODULE        ?C?LSTKXDATA
  C:3F09H         PUBLIC        ?C?LSTKXDATA
  -------         ENDMOD        ?C?LSTKXDATA

  -------         MODULE        PRINTF
  X:0277H         PUBLIC        ?_PRINTF517?BYTE
  X:0277H         PUBLIC        ?_PRINTF?BYTE
  X:0277H         PUBLIC        ?_SPRINTF517?BYTE
  X:0277H         PUBLIC        ?_SPRINTF?BYTE
  C:3AE0H         PUBLIC        _PRINTF
  C:3AE0H         PUBLIC        _PRINTF517
  C:3ADAH         PUBLIC        _SPRINTF
  C:3ADAH         PUBLIC        _SPRINTF517
  -------         ENDMOD        PRINTF

  -------         MODULE        STRNCPY
  X:0265H         PUBLIC        ?_strncpy?BYTE
  C:480EH         PUBLIC        _strncpy
  -------         ENDMOD        STRNCPY

  -------         MODULE        ?C?CLDPTR
  C:3F3AH         PUBLIC        ?C?CLDPTR
  -------         ENDMOD        ?C?CLDPTR

BL51 BANKED LINKER/LOCATER V6.22.2.0                                                  10/15/2021  15:04:52  PAGE 67


  -------         MODULE        ?C?CSTPTR
  C:3F53H         PUBLIC        ?C?CSTPTR
  -------         ENDMOD        ?C?CSTPTR

  -------         MODULE        ?C?CSTOPTR
  C:3F65H         PUBLIC        ?C?CSTOPTR
  -------         ENDMOD        ?C?CSTOPTR

  -------         MODULE        ?C?IILDX
  C:3F87H         PUBLIC        ?C?IILDX
  -------         ENDMOD        ?C?IILDX

  -------         MODULE        ?C?ILDIX
  C:3F9DH         PUBLIC        ?C?ILDIX
  -------         ENDMOD        ?C?ILDIX

  -------         MODULE        ?C?PLDIXDATA
  C:3FB3H         PUBLIC        ?C?PLDIXDATA
  -------         ENDMOD        ?C?PLDIXDATA

  -------         MODULE        ?C?PSTXDATA
  C:3FCAH         PUBLIC        ?C?PSTXDATA
  -------         ENDMOD        ?C?PSTXDATA

  -------         MODULE        ?C?CCASE
  C:3FD3H         PUBLIC        ?C?CCASE
  -------         ENDMOD        ?C?CCASE

  -------         MODULE        PUTCHAR
  C:4B2EH         PUBLIC        _PUTCHAR
  -------         ENDMOD        PUTCHAR

Program Size: data=27.7 xdata=739 code=19712
LINK/LOCATE RUN COMPLETE.  0 WARNING(S),  0 ERROR(S)
