BL51 BANKED LINKER/LOCATER V6.22.2.0                                                    06/11/2021  12:39:41  PAGE 1


BL51 BANKED LINKER/LOCATER V6.22.2.0, INVOKED BY:
C:\KEIL_V5\C51\BIN\BL51.EXE .\hex\Principal_MF.obj, .\hex\wiegand.obj, .\hex\uart.obj, .\hex\display.obj TO .\hex\print_
>> wiegand_33 PRINT (.\print_wiegand_33.m51) RAMSIZE (256)


MEMORY MODEL: LARGE


INPUT MODULES INCLUDED:
  .\hex\Principal_MF.obj (PRINCIPAL_MF)
  .\hex\wiegand.obj (WIEGAND)
  .\hex\uart.obj (UART)
  .\hex\display.obj (DISPLAY)
  C:\KEIL_V5\C51\LIB\C51L.LIB (?C_STARTUP)
  C:\KEIL_V5\C51\LIB\C51L.LIB (?C?COPY)
  C:\KEIL_V5\C51\LIB\C51L.LIB (?C?CLDOPTR)
  C:\KEIL_V5\C51\LIB\C51L.LIB (?C?LSTXDATA)
  C:\KEIL_V5\C51\LIB\C51L.LIB (?C?LSTKXDATA)
  C:\KEIL_V5\C51\LIB\C51L.LIB (PRINTF)
  C:\KEIL_V5\C51\LIB\C51L.LIB (STRNCPY)
  C:\KEIL_V5\C51\LIB\C51L.LIB (?C_INIT)
  C:\KEIL_V5\C51\LIB\C51L.LIB (?C?CLDPTR)
  C:\KEIL_V5\C51\LIB\C51L.LIB (?C?CSTPTR)
  C:\KEIL_V5\C51\LIB\C51L.LIB (?C?CSTOPTR)
  C:\KEIL_V5\C51\LIB\C51L.LIB (?C?IILDX)
  C:\KEIL_V5\C51\LIB\C51L.LIB (?C?ILDIX)
  C:\KEIL_V5\C51\LIB\C51L.LIB (?C?PLDIXDATA)
  C:\KEIL_V5\C51\LIB\C51L.LIB (?C?PSTXDATA)
  C:\KEIL_V5\C51\LIB\C51L.LIB (?C?CCASE)
  C:\KEIL_V5\C51\LIB\C51L.LIB (PUTCHAR)


LINK MAP OF MODULE:  .\hex\print_wiegand_33 (PRINCIPAL_MF)


            TYPE    BASE      LENGTH    RELOCATION   SEGMENT NAME
            -----------------------------------------------------

            * * * * * * *   D A T A   M E M O R Y   * * * * * * *
            REG     0000H     0008H     ABSOLUTE     "REG BANK 0"
            REG     0008H     0008H     ABSOLUTE     "REG BANK 1"
            DATA    0010H     0005H     UNIT         _DATA_GROUP_
                    0015H     000BH                  *** GAP ***
            BIT     0020H.0   0004H.6   UNIT         ?BI?PRINCIPAL_MF
            BIT     0024H.6   0001H.1   UNIT         _BIT_GROUP_
                    0025H.7   0000H.1                *** GAP ***
            IDATA   0026H     0001H     UNIT         ?STACK

            * * * * * * *  X D A T A   M E M O R Y  * * * * * * *
            XDATA   0000H     0203H     UNIT         ?XD?PRINCIPAL_MF
            XDATA   0203H     009BH     UNIT         _XDATA_GROUP_
            XDATA   029EH     002CH     UNIT         ?XD?WIEGAND
            XDATA   02CAH     001FH     UNIT         ?XD?UART

            * * * * * * *   C O D E   M E M O R Y   * * * * * * *
            CODE    0000H     0003H     ABSOLUTE     
            CODE    0003H     0003H     ABSOLUTE     
            CODE    0006H     000CH     UNIT         ?PR?INICIA_WIEGAND?WIEGAND
BL51 BANKED LINKER/LOCATER V6.22.2.0                                                  06/11/2021  12:39:41  PAGE 2


            CODE    0012H     0001H     UNIT         ?PR?WAIT?DISPLAY
            CODE    0013H     0003H     ABSOLUTE     
            CODE    0016H     000CH     UNIT         ?PR?_LCD_TEXT?DISPLAY
                    0022H     0001H                  *** GAP ***
            CODE    0023H     0003H     ABSOLUTE     
            CODE    0026H     2215H     UNIT         ?PR?MAIN?PRINCIPAL_MF
            CODE    223BH     138AH     UNIT         ?PR?ATENCCOMSOFT?PRINCIPAL_MF
            CODE    35C5H     049CH     UNIT         ?PR?COM_ISR?UART
            CODE    3A61H     0365H     UNIT         ?PR?PRINTF?PRINTF
            CODE    3DC6H     021FH     UNIT         ?C?LIB_CODE
            CODE    3FE5H     01B0H     UNIT         ?C_INITSEG
            CODE    4195H     011AH     UNIT         ?PR?RX_BUS?PRINCIPAL_MF
            CODE    42AFH     00F3H     UNIT         ?CO?PRINCIPAL_MF
            CODE    43A2H     00D6H     UNIT         ?PR?_SENDMSG?PRINCIPAL_MF
            CODE    4478H     00B0H     UNIT         ?PR?_BITS_WIEGAND_HEX?WIEGAND
            CODE    4528H     00A7H     UNIT         ?PR?_TX_BUS?PRINCIPAL_MF
            CODE    45CFH     009EH     UNIT         ?PR?LCD_WIEGAND?WIEGAND
            CODE    466DH     008CH     UNIT         ?C_C51STARTUP
            CODE    46F9H     008AH     UNIT         ?PR?CMD_EXCLUSIVO?UART
            CODE    4783H     0073H     UNIT         ?PR?_SEND_DATACLK?PRINCIPAL_MF
            CODE    47F6H     0068H     UNIT         ?PR?_STRNCPY?STRNCPY
            CODE    485EH     0064H     UNIT         ?PR?BACKUP_CLK?UART
            CODE    48C2H     0047H     UNIT         ?PR?PRG_DISP?DISPLAY
            CODE    4909H     003DH     UNIT         ?PR?EX0_ISR?WIEGAND
            CODE    4946H     003DH     UNIT         ?PR?EX1_ISR?WIEGAND
            CODE    4983H     0034H     UNIT         ?CO?WIEGAND
            CODE    49B7H     0033H     UNIT         ?PR?LIMPIA_DATA?WIEGAND
            CODE    49EAH     002EH     UNIT         ?PR?RELAYIO?DISPLAY
            CODE    4A18H     002BH     UNIT         ?PR?_VDATA_CLK?PRINCIPAL_MF
            CODE    4A43H     002AH     UNIT         ?PR?RETRANSMITIR_TRAMA_HORA?UART
            CODE    4A6DH     002AH     UNIT         ?PR?_LCD_PUTS?DISPLAY
            CODE    4A97H     002AH     UNIT         ?PR?VE_DIR?DISPLAY
            CODE    4AC1H     0029H     UNIT         ?PR?AJUSTA_CODE?WIEGAND
            CODE    4AEAH     0028H     UNIT         ?PR?_SENDRTABUS?PRINCIPAL_MF
            CODE    4B12H     0027H     UNIT         ?PR?_LCD_GOTOXY?DISPLAY
            CODE    4B39H     0027H     UNIT         ?PR?PUTCHAR?PUTCHAR
            CODE    4B60H     0024H     UNIT         ?PR?RELEVOS_AUX?PRINCIPAL_MF
            CODE    4B84H     001EH     UNIT         ?PR?CALCULO_BCC?UART
            CODE    4BA2H     001CH     UNIT         ?PR?ID_ACCESS?WIEGAND
            CODE    4BBEH     001CH     UNIT         ?PR?_ESCRIBIRCADENASOFT?UART
            CODE    4BDAH     001AH     UNIT         ?PR?BORRALCD_L1?DISPLAY
            CODE    4BF4H     001AH     UNIT         ?PR?BORRALCD_L2?DISPLAY
            CODE    4C0EH     0019H     UNIT         ?PR?COM_INITIALIZE?UART
            CODE    4C27H     0019H     UNIT         ?PR?_VDATO?DISPLAY
            CODE    4C40H     0017H     UNIT         ?PR?BORRA?DISPLAY
            CODE    4C57H     0016H     UNIT         ?PR?PULSO?DISPLAY
            CODE    4C6DH     0016H     UNIT         ?PR?_CONT?DISPLAY
            CODE    4C83H     0015H     UNIT         ?PR?_WAIT_LONG1?DISPLAY
            CODE    4C98H     0015H     UNIT         ?PR?WAIT_LONG?DISPLAY
            CODE    4CADH     0013H     UNIT         ?PR?PULSO_BUS?PRINCIPAL_MF
            CODE    4CC0H     0012H     UNIT         ?PR?WAIT_ANCHO?DISPLAY
            CODE    4CD2H     0008H     UNIT         ?PR?_TX_CHR?UART
            CODE    4CDAH     0006H     UNIT         ?PR?BORRA_ALL?DISPLAY
            CODE    4CE0H     0005H     UNIT         ?PR?INI_EX0?WIEGAND
            CODE    4CE5H     0005H     UNIT         ?PR?INI_EX1?WIEGAND
            CODE    4CEAH     0003H     UNIT         ?PR?ON_INI_EX0_EX1?WIEGAND

BL51 BANKED LINKER/LOCATER V6.22.2.0                                                  06/11/2021  12:39:41  PAGE 3




OVERLAY MAP OF MODULE:   .\hex\print_wiegand_33 (PRINCIPAL_MF)


SEGMENT                                     BIT_GROUP          DATA_GROUP          XDATA_GROUP
  +--> CALLED SEGMENT                    START    LENGTH     START    LENGTH     START    LENGTH
------------------------------------------------------------------------------------------------
?PR?COM_ISR?UART                         -----    -----      -----    -----      -----    -----
  +--> ?PR?_TX_CHR?UART

*** NEW ROOT ***************************************************

?C_C51STARTUP                            -----    -----      -----    -----      -----    -----
  +--> ?PR?MAIN?PRINCIPAL_MF
  +--> ?C_INITSEG

?PR?MAIN?PRINCIPAL_MF                    -----    -----      -----    -----      0203H    005BH
  +--> ?CO?PRINCIPAL_MF
  +--> ?PR?COM_INITIALIZE?UART
  +--> ?PR?INICIA_WIEGAND?WIEGAND
  +--> ?PR?PRG_DISP?DISPLAY
  +--> ?PR?_LCD_TEXT?DISPLAY
  +--> ?PR?_CONT?DISPLAY
  +--> ?PR?_LCD_PUTS?DISPLAY
  +--> ?PR?VE_DIR?DISPLAY
  +--> ?PR?ID_ACCESS?WIEGAND
  +--> ?PR?LIMPIA_DATA?WIEGAND
  +--> ?PR?_TX_BUS?PRINCIPAL_MF
  +--> ?PR?ATENCCOMSOFT?PRINCIPAL_MF
  +--> ?PR?_SENDRTABUS?PRINCIPAL_MF
  +--> ?PR?RX_BUS?PRINCIPAL_MF
  +--> ?PR?_VDATO?DISPLAY
  +--> ?PR?_WAIT_LONG1?DISPLAY
  +--> ?PR?_VDATA_CLK?PRINCIPAL_MF
  +--> ?PR?RETRANSMITIR_TRAMA_HORA?UART
  +--> ?PR?LCD_WIEGAND?WIEGAND
  +--> ?PR?BORRALCD_L1?DISPLAY
  +--> ?PR?BORRALCD_L2?DISPLAY
  +--> ?PR?_TX_CHR?UART
  +--> ?PR?RELEVOS_AUX?PRINCIPAL_MF

?PR?INICIA_WIEGAND?WIEGAND               -----    -----      -----    -----      -----    -----
  +--> ?PR?INI_EX0?WIEGAND
  +--> ?PR?INI_EX1?WIEGAND
  +--> ?PR?ON_INI_EX0_EX1?WIEGAND
  +--> ?PR?LIMPIA_DATA?WIEGAND

?PR?PRG_DISP?DISPLAY                     -----    -----      -----    -----      -----    -----
  +--> ?PR?WAIT_LONG?DISPLAY
  +--> ?PR?PULSO?DISPLAY
  +--> ?PR?_CONT?DISPLAY
  +--> ?PR?BORRA?DISPLAY
  +--> ?PR?WAIT?DISPLAY
  +--> ?PR?RELAYIO?DISPLAY

?PR?WAIT_LONG?DISPLAY                    -----    -----      -----    -----      -----    -----
BL51 BANKED LINKER/LOCATER V6.22.2.0                                                  06/11/2021  12:39:41  PAGE 4


  +--> ?PR?PULSO?DISPLAY
  +--> ?PR?WAIT?DISPLAY

?PR?PULSO?DISPLAY                        -----    -----      -----    -----      -----    -----
  +--> ?PR?RELAYIO?DISPLAY

?PR?_CONT?DISPLAY                        -----    -----      -----    -----      -----    -----
  +--> ?PR?PULSO?DISPLAY

?PR?BORRA?DISPLAY                        -----    -----      -----    -----      -----    -----
  +--> ?PR?_CONT?DISPLAY
  +--> ?PR?WAIT?DISPLAY

?PR?_LCD_TEXT?DISPLAY                    -----    -----      -----    -----      -----    -----
  +--> ?PR?_LCD_GOTOXY?DISPLAY
  +--> ?PR?_LCD_PUTS?DISPLAY

?PR?_LCD_GOTOXY?DISPLAY                  -----    -----      -----    -----      -----    -----
  +--> ?PR?_CONT?DISPLAY

?PR?_LCD_PUTS?DISPLAY                    -----    -----      -----    -----      027BH    0003H
  +--> ?PR?_VDATO?DISPLAY

?PR?_VDATO?DISPLAY                       -----    -----      -----    -----      -----    -----
  +--> ?PR?WAIT?DISPLAY
  +--> ?PR?PULSO?DISPLAY

?PR?VE_DIR?DISPLAY                       -----    -----      -----    -----      -----    -----
  +--> ?PR?WAIT_LONG?DISPLAY
  +--> ?PR?_CONT?DISPLAY
  +--> ?PR?_VDATO?DISPLAY

?PR?ID_ACCESS?WIEGAND                    -----    -----      -----    -----      -----    -----
  +--> ?PR?AJUSTA_CODE?WIEGAND
  +--> ?PR?LCD_WIEGAND?WIEGAND

?PR?AJUSTA_CODE?WIEGAND                  -----    -----      -----    -----      -----    -----
  +--> ?PR?_BITS_WIEGAND_HEX?WIEGAND

?PR?_BITS_WIEGAND_HEX?WIEGAND            -----    -----      -----    -----      025EH    001DH
  +--> ?CO?WIEGAND
  +--> ?PR?_CONT?DISPLAY
  +--> ?PR?_LCD_PUTS?DISPLAY

?PR?LCD_WIEGAND?WIEGAND                  -----    -----      -----    -----      025EH    0018H
  +--> ?CO?WIEGAND
  +--> ?PR?BORRA_ALL?DISPLAY
  +--> ?PR?_CONT?DISPLAY
  +--> ?PR?_LCD_PUTS?DISPLAY
  +--> ?PR?PRINTF?PRINTF
  +--> ?PR?_VDATO?DISPLAY

?PR?BORRA_ALL?DISPLAY                    -----    -----      -----    -----      -----    -----
  +--> ?PR?BORRALCD_L1?DISPLAY
  +--> ?PR?BORRALCD_L2?DISPLAY

?PR?BORRALCD_L1?DISPLAY                  -----    -----      -----    -----      -----    -----
BL51 BANKED LINKER/LOCATER V6.22.2.0                                                  06/11/2021  12:39:41  PAGE 5


  +--> ?PR?_CONT?DISPLAY
  +--> ?PR?_VDATO?DISPLAY

?PR?BORRALCD_L2?DISPLAY                  -----    -----      -----    -----      -----    -----
  +--> ?PR?_CONT?DISPLAY
  +--> ?PR?_VDATO?DISPLAY

?PR?PRINTF?PRINTF                        0024H.6  0001H.1    0010H    0005H      0276H    0028H
  +--> ?PR?PUTCHAR?PUTCHAR

?PR?_TX_BUS?PRINCIPAL_MF                 0024H.6  0000H.1    -----    -----      0264H    0006H
  +--> ?PR?PULSO_BUS?PRINCIPAL_MF
  +--> ?PR?WAIT_LONG?DISPLAY

?PR?PULSO_BUS?PRINCIPAL_MF               -----    -----      -----    -----      -----    -----
  +--> ?PR?WAIT_ANCHO?DISPLAY

?PR?WAIT_ANCHO?DISPLAY                   -----    -----      -----    -----      -----    -----
  +--> ?PR?WAIT?DISPLAY

?PR?ATENCCOMSOFT?PRINCIPAL_MF            -----    -----      -----    -----      025EH    0002H
  +--> ?PR?_TX_CHR?UART
  +--> ?PR?_TX_BUS?PRINCIPAL_MF
  +--> ?PR?_SEND_DATACLK?PRINCIPAL_MF
  +--> ?PR?_ESCRIBIRCADENASOFT?UART
  +--> ?PR?PRG_DISP?DISPLAY
  +--> ?PR?BACKUP_CLK?UART
  +--> ?PR?_CONT?DISPLAY
  +--> ?PR?_VDATO?DISPLAY
  +--> ?PR?_SENDRTABUS?PRINCIPAL_MF
  +--> ?PR?_SENDMSG?PRINCIPAL_MF

?PR?_SEND_DATACLK?PRINCIPAL_MF           -----    -----      -----    -----      0260H    0004H

?PR?_ESCRIBIRCADENASOFT?UART             -----    -----      -----    -----      -----    -----
  +--> ?PR?_TX_CHR?UART

?PR?BACKUP_CLK?UART                      -----    -----      -----    -----      -----    -----
  +--> ?PR?CALCULO_BCC?UART
  +--> ?PR?_TX_BUS?PRINCIPAL_MF
  +--> ?PR?CMD_EXCLUSIVO?UART

?PR?CMD_EXCLUSIVO?UART                   -----    -----      -----    -----      0260H    0004H
  +--> ?PR?_STRNCPY?STRNCPY
  +--> ?PR?_TX_BUS?PRINCIPAL_MF

?PR?_STRNCPY?STRNCPY                     -----    -----      -----    -----      0264H    000AH

?PR?_SENDRTABUS?PRINCIPAL_MF             -----    -----      -----    -----      0260H    0001H
  +--> ?PR?_TX_BUS?PRINCIPAL_MF

?PR?_SENDMSG?PRINCIPAL_MF                -----    -----      -----    -----      0260H    0001H
  +--> ?PR?_TX_BUS?PRINCIPAL_MF

?PR?RX_BUS?PRINCIPAL_MF                  -----    -----      -----    -----      025EH    0006H

?PR?_WAIT_LONG1?DISPLAY                  -----    -----      -----    -----      -----    -----
BL51 BANKED LINKER/LOCATER V6.22.2.0                                                  06/11/2021  12:39:41  PAGE 6


  +--> ?PR?WAIT?DISPLAY

?PR?_VDATA_CLK?PRINCIPAL_MF              -----    -----      -----    -----      025EH    0001H
  +--> ?PR?_VDATO?DISPLAY

?PR?RETRANSMITIR_TRAMA_HORA?UART         -----    -----      -----    -----      -----    -----
  +--> ?PR?_TX_BUS?PRINCIPAL_MF



SYMBOL TABLE OF MODULE:  .\hex\print_wiegand_33 (PRINCIPAL_MF)

  VALUE           TYPE          NAME
  ----------------------------------

  -------         MODULE        PRINCIPAL_MF
  C:0000H         SYMBOL        _ICE_DUMMY_
  B:0020H.0       PUBLIC        Tx_Acceso
  X:0000H         PUBLIC        tarjeta_venc
  D:0080H         PUBLIC        P0
  D:0090H         PUBLIC        P1
  D:00A0H         PUBLIC        P2
  X:0011H         PUBLIC        err_in
  D:00B0H         PUBLIC        P3
  X:0022H         PUBLIC        Cod_Dcto
  C:479AH         PUBLIC        _send_dataCLK
  X:0023H         PUBLIC        TimeOut_Codigo
  X:0025H         PUBLIC        err_out
  B:0020H.1       PUBLIC        toggle
  B:0020H.2       PUBLIC        rx_dat
  B:0020H.3       PUBLIC        notifyEVP
  X:0036H         PUBLIC        matchPlate
  X:0047H         PUBLIC        linea
  X:0058H         PUBLIC        Ini_Dcto
  B:0020H.4       PUBLIC        Send_Tipo_Veh
  X:0059H         PUBLIC        g_cRelevos
  B:0020H.5       PUBLIC        Dato_OffLine
  X:005AH         PUBLIC        buffer_wieLPR
  B:0020H.6       PUBLIC        SerieOK
  X:005EH         PUBLIC        err_gracia
  C:4195H         PUBLIC        rx_bus
  B:0020H.7       PUBLIC        Tiquete_Salida
  B:00B0H.4       PUBLIC        ready
  C:4530H         PUBLIC        _tx_bus
  X:006FH         PUBLIC        serie
  X:0080H         PUBLIC        err_Caja
  B:0021H.0       PUBLIC        Dif_Mot_Car
  X:0091H         PUBLIC        len_buffer
  X:0092H         PUBLIC        g_scArrDisplay
  X:00B2H         PUBLIC        err_sinpago
  C:4CADH         PUBLIC        Pulso_Bus
  B:0021H.1       PUBLIC        Central_ID_OFFLINE
  X:00C3H         PUBLIC        err_mifare
  X:00D4H         PUBLIC        g_cContByteRx
  B:0021H.2       PUBLIC        Atascado
  C:0026H         PUBLIC        main
  B:0021H.3       PUBLIC        SalidaW
BL51 BANKED LINKER/LOCATER V6.22.2.0                                                  06/11/2021  12:39:41  PAGE 7


  B:0021H.4       PUBLIC        Tiquete_Placa
  X:00D5H         PUBLIC        NumDatosPlate
  X:00D6H         PUBLIC        buffer_bus
  B:0021H.5       PUBLIC        send_markCashierAut
  B:0021H.6       PUBLIC        OrigenTipoVeh
  B:0021H.7       PUBLIC        sendactive
  B:0090H.4       PUBLIC        ledv
  C:223BH         PUBLIC        AtencComSoft
  C:4A18H         PUBLIC        _vdata_clk
  B:0022H.0       PUBLIC        RetryCmd
  B:0022H.1       PUBLIC        Send_Wiegand
  B:00B0H.7       PUBLIC        SignalAcceso
  C:43A2H         PUBLIC        _SendMsg
  C:4B60H         PUBLIC        relevos_aux
  D:0089H         PUBLIC        TMOD
  X:00F4H         PUBLIC        g_cDirBoard
  X:00F5H         PUBLIC        temp
  X:00F6H         PUBLIC        TimeOutLinea
  B:0022H.2       PUBLIC        Off_Line_Salida
  B:0022H.3       PUBLIC        retry
  B:0022H.4       PUBLIC        lectura_wiegand
  X:00F7H         PUBLIC        NumChrTicket
  B:0022H.5       PUBLIC        bandera_rx_soft
  X:00F8H         PUBLIC        xTipo_Vehiculo
  B:0022H.6       PUBLIC        txACK
  X:00F9H         PUBLIC        seg
  X:00FAH         PUBLIC        TimeRetryCmd
  X:00FBH         PUBLIC        MonthIn
  C:434DH         SYMBOL        _?ix1000
  B:0022H.7       PUBLIC        inicio_wiegand
  X:00FCH         PUBLIC        Tipo_Vehiculo
  X:00FDH         PUBLIC        MonthOut
  C:435EH         SYMBOL        _?ix1001
  C:436FH         SYMBOL        _?ix1002
  B:00B0H.5       PUBLIC        busy
  C:4380H         SYMBOL        _?ix1003
  B:0023H.0       PUBLIC        audio1
  C:4391H         SYMBOL        _?ix1004
  B:0023H.1       PUBLIC        audio2
  X:00FEH         PUBLIC        err_data
  B:0023H.2       PUBLIC        audio3
  X:010FH         PUBLIC        MinutIn
  B:0023H.3       PUBLIC        audio4
  X:0110H         PUBLIC        MinutOut
  X:0111H         PUBLIC        sin_sensor
  B:0088H.5       PUBLIC        TF0
  X:0122H         PUBLIC        YearIn
  D:008CH         PUBLIC        TH0
  X:0123H         PUBLIC        YearOut
  B:0023H.4       PUBLIC        Dato_Placa
  B:0023H.5       PUBLIC        ACCESO_USE_LPR
  X:0124H         PUBLIC        num_data
  X:0125H         PUBLIC        g_cEstadoComSoft
  X:0126H         PUBLIC        Rechazo
  D:008AH         PUBLIC        TL0
  X:0127H         PUBLIC        g_scArrRxComSoft
  X:0163H         PUBLIC        g_scArrTxComSoft
BL51 BANKED LINKER/LOCATER V6.22.2.0                                                  06/11/2021  12:39:41  PAGE 8


  B:0023H.6       PUBLIC        msg_error
  B:0088H.4       PUBLIC        TR0
  X:0195H         PUBLIC        DayIn
  B:0023H.7       PUBLIC        Habilita_Lectura
  X:0196H         PUBLIC        HourIn
  X:0197H         PUBLIC        DayOut
  B:0024H.0       PUBLIC        ErrorTx
  B:0024H.1       PUBLIC        InhabilitaPulsoEvPOut
  X:0198H         PUBLIC        HourOut
  X:0199H         PUBLIC        MSGnegado
  X:01AAH         PUBLIC        Ini_Fecha
  X:01ABH         PUBLIC        Seg_OFF
  B:0090H.6       PUBLIC        lock1
  B:0090H.5       PUBLIC        lock2
  C:4AEAH         PUBLIC        _SendRtaBus
  X:01ACH         PUBLIC        Num_Char_LPR
  B:0024H.2       PUBLIC        FueraLinea
  X:01ADH         PUBLIC        buffer_placa
  X:01B7H         PUBLIC        err_cod
  B:0024H.3       PUBLIC        rx_serie
  X:01C8H         PUBLIC        buffer_ticket
  X:01DCH         PUBLIC        NumDatRetry
  B:0090H.7       PUBLIC        automovil
  B:00B0H.6       PUBLIC        bus_clk
  B:0024H.4       PUBLIC        Flag_Dcto
  X:01DDH         PUBLIC        TimeOut_Send_Acceso
  X:01DFH         PUBLIC        k
  X:01E0H         PUBLIC        Max_Len_Placa
  X:01E1H         PUBLIC        TimeOut_Wiegand
  X:01E3H         PUBLIC        num_chr
  B:0024H.5       PUBLIC        datos_validos
  X:01E4H         PUBLIC        buffer_Cupo
  X:01E9H         PUBLIC        BufferRetry
  X:01FDH         PUBLIC        iTimeEsperaRtaLPR
  X:01FFH         PUBLIC        OpenMensual_Apx
  B:0080H.0       PUBLIC        msg1
  X:0201H         PUBLIC        nbitsW
  B:0080H.1       PUBLIC        msg2
  X:0202H         PUBLIC        g_cEstadoTxSoft
  B:0080H.2       PUBLIC        msg3
  B:0080H.3       PUBLIC        msg4
  -------         PROC          PULSO_BUS
  C:4CADH         LINE#         260
  C:4CADH         LINE#         261
  C:4CADH         LINE#         262
  C:4CAFH         LINE#         263
  C:4CB2H         LINE#         264
  C:4CB5H         LINE#         265
  C:4CB8H         LINE#         266
  C:4CBAH         LINE#         267
  C:4CBDH         LINE#         268
  -------         ENDPROC       PULSO_BUS
  C:452AH         SYMBOL        L?0769
  -------         PROC          L?0768
  -------         ENDPROC       L?0768
  C:452AH         SYMBOL        L?0769
  -------         PROC          _TX_BUS
BL51 BANKED LINKER/LOCATER V6.22.2.0                                                  06/11/2021  12:39:41  PAGE 9


  X:0264H         SYMBOL        num_chr
  -------         DO            
  X:0265H         SYMBOL        j
  X:0266H         SYMBOL        cont
  B:0024H.6       SYMBOL        timeOut
  -------         ENDDO         
  C:4530H         LINE#         272
  C:4535H         LINE#         273
  C:4535H         LINE#         278
  C:4537H         LINE#         279
  C:4539H         LINE#         280
  C:453BH         LINE#         281
  C:4545H         LINE#         283
  C:454BH         LINE#         284
  C:454BH         LINE#         285
  C:456FH         LINE#         286
  C:4583H         LINE#         287
  C:4583H         LINE#         288
  C:4585H         LINE#         289
  C:4587H         LINE#         290
  C:4589H         LINE#         291
  C:458BH         LINE#         292
  C:458BH         LINE#         293
  C:458DH         LINE#         295
  C:4590H         LINE#         296
  C:4590H         LINE#         297
  C:45A1H         LINE#         298
  C:45A1H         LINE#         299
  C:45AEH         LINE#         300
  C:45B1H         LINE#         301
  C:45B9H         LINE#         303
  C:45B9H         LINE#         305
  C:45BBH         LINE#         307
  C:45BDH         LINE#         309
  C:45C0H         LINE#         310
  C:45C0H         LINE#         311
  C:45C3H         LINE#         312
  C:45C6H         LINE#         313
  C:45C9H         LINE#         314
  C:45CCH         LINE#         316
  C:45CCH         LINE#         317
  C:45CEH         LINE#         318
  -------         ENDPROC       _TX_BUS
  C:478DH         SYMBOL        L?0767
  -------         PROC          L?0766
  -------         ENDPROC       L?0766
  C:478DH         SYMBOL        L?0767
  -------         PROC          _SEND_DATACLK
  D:0007H         SYMBOL        fc
  X:0260H         SYMBOL        dir
  -------         DO            
  X:0262H         SYMBOL        valor
  D:0006H         SYMBOL        centena
  D:0005H         SYMBOL        decena
  D:0004H         SYMBOL        unidad
  -------         ENDDO         
  C:479AH         LINE#         324
BL51 BANKED LINKER/LOCATER V6.22.2.0                                                  06/11/2021  12:39:41  PAGE 10


  C:47A2H         LINE#         325
  C:47A2H         LINE#         328
  C:47A7H         LINE#         330
  C:47A8H         LINE#         331
  C:47A9H         LINE#         332
  C:47AAH         LINE#         334
  C:47B4H         LINE#         335
  C:47B4H         LINE#         336
  C:47B8H         LINE#         337
  C:47B9H         LINE#         338
  C:47BBH         LINE#         339
  C:47C5H         LINE#         340
  C:47C5H         LINE#         341
  C:47C9H         LINE#         342
  C:47CAH         LINE#         343
  C:47CCH         LINE#         344
  C:47CEH         LINE#         347
  C:47E5H         LINE#         348
  C:47F5H         LINE#         349
  -------         ENDPROC       _SEND_DATACLK
  -------         PROC          RELEVOS_AUX
  C:4B60H         LINE#         352
  C:4B60H         LINE#         353
  C:4B60H         LINE#         354
  C:4B69H         LINE#         355
  C:4B72H         LINE#         356
  C:4B7BH         LINE#         357
  C:4B83H         LINE#         358
  -------         ENDPROC       RELEVOS_AUX
  -------         PROC          RX_BUS
  -------         DO            
  X:025EH         SYMBOL        count
  X:0262H         SYMBOL        timeOut
  X:0263H         SYMBOL        j
  -------         ENDDO         
  C:4195H         LINE#         361
  C:4195H         LINE#         362
  C:4195H         LINE#         364
  C:419AH         LINE#         368
  C:419CH         LINE#         369
  C:41A0H         LINE#         370
  C:41A6H         LINE#         371
  C:41A6H         LINE#         372
  C:41AAH         LINE#         373
  C:41ACH         LINE#         374
  C:41BEH         LINE#         375
  C:41BEH         LINE#         376
  C:41C8H         LINE#         377
  C:41D4H         LINE#         378
  C:41D4H         LINE#         379
  C:41F8H         LINE#         380
  C:420CH         LINE#         381
  C:420CH         LINE#         382
  C:420FH         LINE#         383
  C:4213H         LINE#         384
  C:4213H         LINE#         385
  C:4215H         LINE#         386
BL51 BANKED LINKER/LOCATER V6.22.2.0                                                  06/11/2021  12:39:41  PAGE 11


  C:4224H         LINE#         387
  C:4224H         LINE#         388
  C:4232H         LINE#         389
  C:4238H         LINE#         390
  C:4242H         LINE#         391
  C:424BH         LINE#         392
  C:424BH         LINE#         393
  C:4259H         LINE#         394
  C:427DH         LINE#         395
  C:4291H         LINE#         396
  C:4291H         LINE#         397
  C:4294H         LINE#         398
  C:4298H         LINE#         399
  C:4298H         LINE#         400
  C:429AH         LINE#         401
  C:429AH         LINE#         402
  C:429DH         LINE#         403
  C:429DH         LINE#         404
  C:42A3H         LINE#         405
  C:42A3H         LINE#         406
  C:42ACH         LINE#         407
  C:42ACH         LINE#         408
  C:42AEH         LINE#         410
  -------         ENDPROC       RX_BUS
  -------         PROC          _VDATA_CLK
  X:025EH         SYMBOL        data_clk
  -------         DO            
  D:0006H         SYMBOL        temp
  -------         ENDDO         
  C:4A18H         LINE#         416
  C:4A1DH         LINE#         417
  C:4A1DH         LINE#         421
  C:4A1FH         LINE#         422
  C:4A22H         LINE#         423
  C:4A2FH         LINE#         424
  C:4A32H         LINE#         425
  C:4A35H         LINE#         427
  C:4A3BH         LINE#         428
  C:4A3DH         LINE#         429
  C:4A40H         LINE#         430
  -------         ENDPROC       _VDATA_CLK
  -------         PROC          _SENDMSG
  D:0007H         SYMBOL        tipo
  -------         DO            
  X:0260H         SYMBOL        i
  -------         ENDDO         
  C:43A2H         LINE#         435
  C:43A2H         LINE#         436
  C:43A2H         LINE#         440
  C:43A8H         LINE#         441
  C:43B0H         LINE#         442
  C:43B0H         LINE#         443
  C:43B0H         LINE#         444
  C:43B6H         LINE#         446
  C:43B8H         LINE#         449
  C:43B8H         LINE#         450
  C:43BEH         LINE#         452
BL51 BANKED LINKER/LOCATER V6.22.2.0                                                  06/11/2021  12:39:41  PAGE 12


  C:43BEH         LINE#         453
  C:43BEH         LINE#         455
  C:43D1H         LINE#         456
  C:43D1H         LINE#         457
  C:43EAH         LINE#         458
  C:43F2H         LINE#         459
  C:43F8H         LINE#         463
  C:43FBH         LINE#         464
  C:43FBH         LINE#         465
  C:4402H         LINE#         466
  C:4405H         LINE#         467
  C:4405H         LINE#         468
  C:4417H         LINE#         469
  C:4417H         LINE#         470
  C:4430H         LINE#         471
  C:4438H         LINE#         477
  C:4438H         LINE#         478
  C:444AH         LINE#         479
  C:444AH         LINE#         480
  C:4463H         LINE#         481
  C:446BH         LINE#         482
  C:4471H         LINE#         483
  C:4477H         LINE#         485
  C:4477H         LINE#         489
  -------         ENDPROC       _SENDMSG
  -------         PROC          _SENDRTABUS
  X:0260H         SYMBOL        Respuesta
  C:4AEAH         LINE#         491
  C:4AEFH         LINE#         492
  C:4AEFH         LINE#         493
  C:4AF2H         LINE#         494
  C:4AF2H         LINE#         495
  C:4AF3H         LINE#         496
  C:4AF8H         LINE#         497
  C:4AFBH         LINE#         498
  C:4AFBH         LINE#         499
  C:4AFBH         LINE#         500
  C:4AFBH         LINE#         501
  C:4AFBH         LINE#         502
  C:4AFBH         LINE#         503
  C:4AFDH         LINE#         505
  C:4AFDH         LINE#         506
  C:4B03H         LINE#         507
  C:4B0BH         LINE#         508
  C:4B11H         LINE#         509
  C:4B11H         LINE#         510
  -------         ENDPROC       _SENDRTABUS
  -------         PROC          ATENCCOMSOFT
  -------         DO            
  X:025EH         SYMBOL        i
  X:025FH         SYMBOL        longTx
  -------         ENDDO         
  C:223BH         LINE#         514
  C:223BH         LINE#         515
  C:223BH         LINE#         518
  C:224DH         LINE#         519
  C:224DH         LINE#         521
BL51 BANKED LINKER/LOCATER V6.22.2.0                                                  06/11/2021  12:39:41  PAGE 13


  C:224DH         LINE#         525
  C:2253H         LINE#         526
  C:2253H         LINE#         527
  C:2258H         LINE#         528
  C:225DH         LINE#         530
  C:2263H         LINE#         531
  C:2263H         LINE#         532
  C:2269H         LINE#         533
  C:226EH         LINE#         534
  C:226EH         LINE#         536
  C:226EH         LINE#         538
  C:227BH         LINE#         539
  C:227BH         LINE#         541
  C:2281H         LINE#         542
  C:2281H         LINE#         543
  C:2285H         LINE#         544
  C:229BH         LINE#         545
  C:22CCH         LINE#         547
  C:22EAH         LINE#         548
  C:22EAH         LINE#         549
  C:2315H         LINE#         550
  C:231DH         LINE#         551
  C:2336H         LINE#         552
  C:2339H         LINE#         553
  C:2339H         LINE#         554
  C:2357H         LINE#         555
  C:2359H         LINE#         557
  C:2359H         LINE#         558
  C:2372H         LINE#         559
  C:2372H         LINE#         562
  C:2378H         LINE#         563
  C:2378H         LINE#         564
  C:2380H         LINE#         565
  C:2380H         LINE#         566
  C:2395H         LINE#         567
  C:2398H         LINE#         568
  C:239CH         LINE#         569
  C:239CH         LINE#         570
  C:23B0H         LINE#         571
  C:23B3H         LINE#         572
  C:23BBH         LINE#         573
  C:23BBH         LINE#         574
  C:23D0H         LINE#         575
  C:23D3H         LINE#         576
  C:23D7H         LINE#         577
  C:23D7H         LINE#         578
  C:23EBH         LINE#         579
  C:23EEH         LINE#         581
  C:23EEH         LINE#         583
  C:23F1H         LINE#         584
  C:23F1H         LINE#         585
  C:23F4H         LINE#         586
  C:23F4H         LINE#         587
  C:23FDH         LINE#         588
  C:23FDH         LINE#         589
  C:240BH         LINE#         590
  C:241CH         LINE#         591
BL51 BANKED LINKER/LOCATER V6.22.2.0                                                  06/11/2021  12:39:41  PAGE 14


  C:241EH         LINE#         593
  C:241EH         LINE#         594
  C:2432H         LINE#         595
  C:2432H         LINE#         596
  C:2434H         LINE#         598
  C:2434H         LINE#         599
  C:2448H         LINE#         600
  C:2448H         LINE#         602
  C:2448H         LINE#         603
  C:244AH         LINE#         605
  C:244AH         LINE#         607
  C:244DH         LINE#         608
  C:244DH         LINE#         609
  C:2450H         LINE#         610
  C:2450H         LINE#         611
  C:2459H         LINE#         612
  C:2459H         LINE#         613
  C:2467H         LINE#         614
  C:2477H         LINE#         615
  C:2479H         LINE#         617
  C:2479H         LINE#         618
  C:2492H         LINE#         619
  C:2492H         LINE#         620
  C:2494H         LINE#         622
  C:2494H         LINE#         623
  C:24ADH         LINE#         624
  C:24ADH         LINE#         625
  C:24ADH         LINE#         628
  C:24C6H         LINE#         630
  C:24CCH         LINE#         631
  C:24CCH         LINE#         632
  C:24CFH         LINE#         633
  C:24D6H         LINE#         634
  C:24DCH         LINE#         635
  C:24E3H         LINE#         636
  C:24E9H         LINE#         637
  C:24F0H         LINE#         638
  C:24F6H         LINE#         639
  C:24FDH         LINE#         642
  C:2503H         LINE#         643
  C:2503H         LINE#         644
  C:2519H         LINE#         645
  C:251CH         LINE#         646
  C:251CH         LINE#         648
  C:2522H         LINE#         649
  C:2529H         LINE#         650
  C:252FH         LINE#         651
  C:2536H         LINE#         652
  C:253CH         LINE#         653
  C:2543H         LINE#         654
  C:2549H         LINE#         655
  C:2550H         LINE#         656
  C:2556H         LINE#         657
  C:255DH         LINE#         658
  C:2573H         LINE#         660
  C:258CH         LINE#         662
  C:258CH         LINE#         663
BL51 BANKED LINKER/LOCATER V6.22.2.0                                                  06/11/2021  12:39:41  PAGE 15


  C:258CH         LINE#         664
  C:258CH         LINE#         666
  C:258FH         LINE#         668
  C:258FH         LINE#         669
  C:25A8H         LINE#         670
  C:25C1H         LINE#         671
  C:25DAH         LINE#         672
  C:25F3H         LINE#         673
  C:260CH         LINE#         674
  C:2625H         LINE#         675
  C:263EH         LINE#         676
  C:2657H         LINE#         677
  C:2670H         LINE#         678
  C:2689H         LINE#         680
  C:26A2H         LINE#         681
  C:26C0H         LINE#         682
  C:26C0H         LINE#         683
  C:26EBH         LINE#         684
  C:26F3H         LINE#         685
  C:270CH         LINE#         686
  C:270CH         LINE#         687
  C:270CH         LINE#         688
  C:270CH         LINE#         690
  C:270EH         LINE#         692
  C:270EH         LINE#         693
  C:2727H         LINE#         694
  C:272BH         LINE#         695
  C:272BH         LINE#         698
  C:272EH         LINE#         700
  C:272EH         LINE#         701
  C:2734H         LINE#         703
  C:273BH         LINE#         704
  C:273BH         LINE#         705
  C:2749H         LINE#         706
  C:274BH         LINE#         708
  C:274BH         LINE#         709
  C:2750H         LINE#         710
  C:2750H         LINE#         713
  C:2758H         LINE#         714
  C:2775H         LINE#         715
  C:2775H         LINE#         716
  C:2793H         LINE#         717
  C:279BH         LINE#         718
  C:27B1H         LINE#         720
  C:27B4H         LINE#         721
  C:27B4H         LINE#         722
  C:27C5H         LINE#         723
  C:27C7H         LINE#         725
  C:27C7H         LINE#         726
  C:27DDH         LINE#         727
  C:27DDH         LINE#         729
  C:27E0H         LINE#         730
  C:27E0H         LINE#         731
  C:27E8H         LINE#         732
  C:27E8H         LINE#         733
  C:27EEH         LINE#         734
  C:27F0H         LINE#         735
BL51 BANKED LINKER/LOCATER V6.22.2.0                                                  06/11/2021  12:39:41  PAGE 16


  C:27F4H         LINE#         736
  C:27F4H         LINE#         737
  C:27FAH         LINE#         738
  C:27FCH         LINE#         739
  C:2800H         LINE#         740
  C:2800H         LINE#         741
  C:2806H         LINE#         742
  C:2808H         LINE#         743
  C:280CH         LINE#         744
  C:280CH         LINE#         745
  C:280CH         LINE#         746
  C:280EH         LINE#         747
  C:2812H         LINE#         748
  C:2812H         LINE#         749
  C:2812H         LINE#         750
  C:2814H         LINE#         752
  C:2814H         LINE#         754
  C:2817H         LINE#         755
  C:2817H         LINE#         756
  C:281AH         LINE#         757
  C:281AH         LINE#         758
  C:281AH         LINE#         759
  C:281CH         LINE#         761
  C:281CH         LINE#         762
  C:2822H         LINE#         763
  C:2822H         LINE#         764
  C:2824H         LINE#         766
  C:2824H         LINE#         767
  C:2829H         LINE#         768
  C:2829H         LINE#         770
  C:2829H         LINE#         771
  C:2845H         LINE#         772
  C:2847H         LINE#         774
  C:2847H         LINE#         775
  C:284AH         LINE#         776
  C:284AH         LINE#         777
  C:2859H         LINE#         778
  C:2859H         LINE#         779
  C:2859H         LINE#         780
  C:285BH         LINE#         782
  C:285BH         LINE#         783
  C:2865H         LINE#         784
  C:2865H         LINE#         785
  C:2867H         LINE#         787
  C:2867H         LINE#         788
  C:287DH         LINE#         789
  C:287DH         LINE#         790
  C:287DH         LINE#         792
  C:2885H         LINE#         793
  C:2885H         LINE#         794
  C:2896H         LINE#         796
  C:289DH         LINE#         797
  C:28A3H         LINE#         798
  C:28A3H         LINE#         799
  C:28A6H         LINE#         800
  C:28ADH         LINE#         801
  C:28B3H         LINE#         802
BL51 BANKED LINKER/LOCATER V6.22.2.0                                                  06/11/2021  12:39:41  PAGE 17


  C:28BAH         LINE#         803
  C:28C0H         LINE#         804
  C:28C7H         LINE#         805
  C:28CDH         LINE#         806
  C:28D4H         LINE#         807
  C:28E8H         LINE#         808
  C:28EAH         LINE#         818
  C:28ECH         LINE#         820
  C:28ECH         LINE#         821
  C:28FEH         LINE#         822
  C:2905H         LINE#         824
  C:2905H         LINE#         825
  C:2905H         LINE#         830
  C:2905H         LINE#         831
  C:2908H         LINE#         833
  C:2915H         LINE#         834
  C:2915H         LINE#         835
  C:2917H         LINE#         836
  C:291DH         LINE#         837
  C:2920H         LINE#         838
  C:2922H         LINE#         839
  C:2924H         LINE#         841
  C:292AH         LINE#         842
  C:292AH         LINE#         843
  C:2930H         LINE#         844
  C:2930H         LINE#         848
  C:2936H         LINE#         849
  C:293AH         LINE#         850
  C:2948H         LINE#         851
  C:294FH         LINE#         852
  C:295DH         LINE#         853
  C:2964H         LINE#         854
  C:2972H         LINE#         855
  C:2979H         LINE#         857
  C:297DH         LINE#         858
  C:2981H         LINE#         861
  C:2984H         LINE#         862
  C:2984H         LINE#         863
  C:298CH         LINE#         864
  C:298CH         LINE#         865
  C:2992H         LINE#         866
  C:2994H         LINE#         867
  C:2998H         LINE#         868
  C:2998H         LINE#         869
  C:299EH         LINE#         870
  C:29A0H         LINE#         871
  C:29A4H         LINE#         872
  C:29A4H         LINE#         873
  C:29AAH         LINE#         874
  C:29ACH         LINE#         875
  C:29B0H         LINE#         876
  C:29B0H         LINE#         877
  C:29B0H         LINE#         878
  C:29B2H         LINE#         879
  C:29B6H         LINE#         880
  C:29B6H         LINE#         881
  C:29B6H         LINE#         882
BL51 BANKED LINKER/LOCATER V6.22.2.0                                                  06/11/2021  12:39:41  PAGE 18


  C:29B8H         LINE#         884
  C:29B8H         LINE#         886
  C:29BBH         LINE#         887
  C:29BBH         LINE#         888
  C:29BEH         LINE#         889
  C:29BEH         LINE#         890
  C:29BEH         LINE#         891
  C:29C0H         LINE#         893
  C:29C0H         LINE#         894
  C:29C6H         LINE#         895
  C:29C6H         LINE#         896
  C:29C8H         LINE#         898
  C:29C8H         LINE#         899
  C:29CDH         LINE#         900
  C:29CDH         LINE#         902
  C:29CDH         LINE#         903
  C:29D7H         LINE#         904
  C:29D9H         LINE#         906
  C:29D9H         LINE#         907
  C:29DCH         LINE#         908
  C:29DCH         LINE#         909
  C:29E2H         LINE#         910
  C:29E2H         LINE#         911
  C:29E2H         LINE#         912
  C:29E4H         LINE#         914
  C:29E4H         LINE#         915
  C:29E7H         LINE#         916
  C:29E7H         LINE#         917
  C:29E9H         LINE#         919
  C:29E9H         LINE#         920
  C:29EFH         LINE#         921
  C:29EFH         LINE#         922
  C:29EFH         LINE#         924
  C:29F5H         LINE#         927
  C:2A03H         LINE#         928
  C:2A11H         LINE#         929
  C:2A1FH         LINE#         930
  C:2A2DH         LINE#         931
  C:2A3BH         LINE#         934
  C:2A41H         LINE#         935
  C:2A4FH         LINE#         936
  C:2A5DH         LINE#         937
  C:2A6BH         LINE#         938
  C:2A79H         LINE#         939
  C:2A87H         LINE#         940
  C:2A8DH         LINE#         941
  C:2A9EH         LINE#         943
  C:2AA1H         LINE#         944
  C:2AA1H         LINE#         947
  C:2AC2H         LINE#         948
  C:2AC2H         LINE#         949
  C:2AE7H         LINE#         950
  C:2AEFH         LINE#         951
  C:2AEFH         LINE#         953
  C:2AEFH         LINE#         954
  C:2B03H         LINE#         955
  C:2B03H         LINE#         956
BL51 BANKED LINKER/LOCATER V6.22.2.0                                                  06/11/2021  12:39:41  PAGE 19


  C:2B03H         LINE#         957
  C:2B03H         LINE#         958
  C:2B03H         LINE#         964
  C:2B06H         LINE#         966
  C:2B06H         LINE#         967
  C:2B0CH         LINE#         968
  C:2B10H         LINE#         969
  C:2B1EH         LINE#         970
  C:2B25H         LINE#         971
  C:2B33H         LINE#         972
  C:2B3AH         LINE#         973
  C:2B48H         LINE#         974
  C:2B4FH         LINE#         976
  C:2B53H         LINE#         977
  C:2B57H         LINE#         979
  C:2B5AH         LINE#         980
  C:2B5AH         LINE#         981
  C:2B5DH         LINE#         982
  C:2B5DH         LINE#         983
  C:2B5FH         LINE#         984
  C:2B61H         LINE#         986
  C:2B61H         LINE#         987
  C:2B67H         LINE#         988
  C:2B67H         LINE#         989
  C:2B69H         LINE#         991
  C:2B69H         LINE#         992
  C:2B6FH         LINE#         993
  C:2B6FH         LINE#         995
  C:2B75H         LINE#         996
  C:2B77H         LINE#         998
  C:2B77H         LINE#         1002
  C:2B7AH         LINE#         1004
  C:2B7AH         LINE#         1006
  C:2B80H         LINE#         1007
  C:2B84H         LINE#         1008
  C:2B92H         LINE#         1009
  C:2B99H         LINE#         1010
  C:2BA7H         LINE#         1011
  C:2BAEH         LINE#         1012
  C:2BBCH         LINE#         1013
  C:2BC3H         LINE#         1015
  C:2BC7H         LINE#         1016
  C:2BCBH         LINE#         1019
  C:2BCEH         LINE#         1020
  C:2BCEH         LINE#         1021
  C:2BD6H         LINE#         1022
  C:2BD6H         LINE#         1023
  C:2BDCH         LINE#         1024
  C:2BDEH         LINE#         1025
  C:2BE2H         LINE#         1026
  C:2BE2H         LINE#         1027
  C:2BE8H         LINE#         1028
  C:2BEAH         LINE#         1029
  C:2BEEH         LINE#         1030
  C:2BEEH         LINE#         1031
  C:2BF4H         LINE#         1032
  C:2BF6H         LINE#         1033
BL51 BANKED LINKER/LOCATER V6.22.2.0                                                  06/11/2021  12:39:41  PAGE 20


  C:2BFAH         LINE#         1034
  C:2BFAH         LINE#         1035
  C:2BFAH         LINE#         1036
  C:2BFCH         LINE#         1037
  C:2C00H         LINE#         1038
  C:2C00H         LINE#         1039
  C:2C00H         LINE#         1040
  C:2C02H         LINE#         1042
  C:2C02H         LINE#         1044
  C:2C05H         LINE#         1045
  C:2C05H         LINE#         1046
  C:2C08H         LINE#         1047
  C:2C08H         LINE#         1048
  C:2C08H         LINE#         1049
  C:2C0AH         LINE#         1051
  C:2C0AH         LINE#         1052
  C:2C10H         LINE#         1053
  C:2C10H         LINE#         1054
  C:2C12H         LINE#         1056
  C:2C12H         LINE#         1057
  C:2C17H         LINE#         1058
  C:2C17H         LINE#         1060
  C:2C17H         LINE#         1061
  C:2C21H         LINE#         1062
  C:2C23H         LINE#         1064
  C:2C23H         LINE#         1065
  C:2C26H         LINE#         1066
  C:2C26H         LINE#         1067
  C:2C2CH         LINE#         1068
  C:2C2CH         LINE#         1069
  C:2C2CH         LINE#         1070
  C:2C2EH         LINE#         1072
  C:2C2EH         LINE#         1073
  C:2C31H         LINE#         1074
  C:2C31H         LINE#         1075
  C:2C33H         LINE#         1077
  C:2C33H         LINE#         1078
  C:2C39H         LINE#         1079
  C:2C39H         LINE#         1080
  C:2C39H         LINE#         1082
  C:2C3FH         LINE#         1085
  C:2C4DH         LINE#         1086
  C:2C5BH         LINE#         1087
  C:2C69H         LINE#         1088
  C:2C77H         LINE#         1089
  C:2C85H         LINE#         1091
  C:2C8BH         LINE#         1092
  C:2C8BH         LINE#         1094
  C:2C91H         LINE#         1095
  C:2C9FH         LINE#         1096
  C:2CADH         LINE#         1097
  C:2CBBH         LINE#         1098
  C:2CC9H         LINE#         1099
  C:2CD7H         LINE#         1100
  C:2CDDH         LINE#         1101
  C:2CEEH         LINE#         1103
  C:2CF1H         LINE#         1104
BL51 BANKED LINKER/LOCATER V6.22.2.0                                                  06/11/2021  12:39:41  PAGE 21


  C:2CF1H         LINE#         1107
  C:2D0FH         LINE#         1108
  C:2D0FH         LINE#         1109
  C:2D34H         LINE#         1110
  C:2D3CH         LINE#         1111
  C:2D50H         LINE#         1112
  C:2D64H         LINE#         1113
  C:2D69H         LINE#         1115
  C:2D6CH         LINE#         1117
  C:2D6CH         LINE#         1118
  C:2D80H         LINE#         1119
  C:2D94H         LINE#         1120
  C:2DA8H         LINE#         1121
  C:2DADH         LINE#         1122
  C:2DADH         LINE#         1126
  C:2DB0H         LINE#         1128
  C:2DB0H         LINE#         1129
  C:2DB6H         LINE#         1130
  C:2DBFH         LINE#         1131
  C:2DC8H         LINE#         1132
  C:2DD1H         LINE#         1133
  C:2DDAH         LINE#         1134
  C:2DE3H         LINE#         1136
  C:2DE9H         LINE#         1137
  C:2DFAH         LINE#         1139
  C:2E00H         LINE#         1140
  C:2E00H         LINE#         1141
  C:2E02H         LINE#         1142
  C:2E29H         LINE#         1143
  C:2E29H         LINE#         1144
  C:2E4EH         LINE#         1145
  C:2E56H         LINE#         1146
  C:2E6AH         LINE#         1147
  C:2E7EH         LINE#         1148
  C:2E83H         LINE#         1149
  C:2E85H         LINE#         1151
  C:2E85H         LINE#         1152
  C:2E99H         LINE#         1153
  C:2EADH         LINE#         1154
  C:2EC1H         LINE#         1155
  C:2EC9H         LINE#         1156
  C:2EC9H         LINE#         1161
  C:2EC9H         LINE#         1163
  C:2EC9H         LINE#         1168
  C:2EC9H         LINE#         1169
  C:2ECCH         LINE#         1171
  C:2EDAH         LINE#         1172
  C:2EDAH         LINE#         1173
  C:2EDEH         LINE#         1174
  C:2EDEH         LINE#         1175
  C:2EDEH         LINE#         1177
  C:2EE1H         LINE#         1180
  C:2EE1H         LINE#         1182
  C:2EF0H         LINE#         1184
  C:2EF3H         LINE#         1185
  C:2EF3H         LINE#         1186
  C:2EF5H         LINE#         1187
BL51 BANKED LINKER/LOCATER V6.22.2.0                                                  06/11/2021  12:39:41  PAGE 22


  C:2F13H         LINE#         1188
  C:2F13H         LINE#         1189
  C:2F31H         LINE#         1190
  C:2F39H         LINE#         1192
  C:2F3CH         LINE#         1193
  C:2F3CH         LINE#         1194
  C:2F3CH         LINE#         1195
  C:2F3FH         LINE#         1198
  C:2F5CH         LINE#         1199
  C:2F5CH         LINE#         1200
  C:2F5FH         LINE#         1201
  C:2F7DH         LINE#         1202
  C:2F7DH         LINE#         1203
  C:2F9BH         LINE#         1204
  C:2FA3H         LINE#         1206
  C:2FA6H         LINE#         1209
  C:2FABH         LINE#         1210
  C:2FB0H         LINE#         1211
  C:2FB5H         LINE#         1212
  C:2FBAH         LINE#         1213
  C:2FBFH         LINE#         1214
  C:2FC1H         LINE#         1215
  C:2FC6H         LINE#         1217
  C:2FC9H         LINE#         1218
  C:2FDCH         LINE#         1219
  C:2FDCH         LINE#         1221
  C:2FE5H         LINE#         1222
  C:2FE5H         LINE#         1223
  C:2FECH         LINE#         1224
  C:2FECH         LINE#         1226
  C:2FEFH         LINE#         1232
  C:2FF1H         LINE#         1233
  C:2FF6H         LINE#         1234
  C:2FF6H         LINE#         1235
  C:2FF6H         LINE#         1237
  C:2FF6H         LINE#         1238
  C:2FF6H         LINE#         1240
  C:2FF6H         LINE#         1241
  C:2FF6H         LINE#         1242
  C:2FF6H         LINE#         1248
  C:2FF6H         LINE#         1249
  C:2FFFH         LINE#         1250
  C:2FFFH         LINE#         1252
  C:2FFFH         LINE#         1253
  C:3004H         LINE#         1254
  C:3004H         LINE#         1255
  C:3007H         LINE#         1256
  C:3007H         LINE#         1257
  C:300AH         LINE#         1258
  C:300AH         LINE#         1259
  C:300DH         LINE#         1260
  C:300DH         LINE#         1261
  C:3010H         LINE#         1262
  C:3010H         LINE#         1263
  C:3010H         LINE#         1264
  C:3010H         LINE#         1265
  C:3010H         LINE#         1266
BL51 BANKED LINKER/LOCATER V6.22.2.0                                                  06/11/2021  12:39:41  PAGE 23


  C:3010H         LINE#         1267
  C:3010H         LINE#         1268
  C:3010H         LINE#         1269
  C:3010H         LINE#         1270
  C:3012H         LINE#         1272
  C:3012H         LINE#         1273
  C:3015H         LINE#         1274
  C:3015H         LINE#         1275
  C:3017H         LINE#         1276
  C:301DH         LINE#         1277
  C:3020H         LINE#         1278
  C:3022H         LINE#         1279
  C:3024H         LINE#         1280
  C:3024H         LINE#         1281
  C:3024H         LINE#         1283
  C:3024H         LINE#         1284
  C:3024H         LINE#         1286
  C:302AH         LINE#         1287
  C:302AH         LINE#         1288
  C:302CH         LINE#         1290
  C:3060H         LINE#         1291
  C:3060H         LINE#         1292
  C:3062H         LINE#         1293
  C:3065H         LINE#         1294
  C:307FH         LINE#         1295
  C:307FH         LINE#         1296
  C:3084H         LINE#         1298
  C:308BH         LINE#         1299
  C:308EH         LINE#         1300
  C:3090H         LINE#         1302
  C:3092H         LINE#         1303
  C:3094H         LINE#         1304
  C:3096H         LINE#         1306
  C:309BH         LINE#         1307
  C:30A1H         LINE#         1308
  C:30A7H         LINE#         1309
  C:30A9H         LINE#         1310
  C:30AFH         LINE#         1312
  C:30B2H         LINE#         1313
  C:30F2H         LINE#         1314
  C:30F2H         LINE#         1315
  C:30F4H         LINE#         1316
  C:30F6H         LINE#         1317
  C:3148H         LINE#         1318
  C:3148H         LINE#         1319
  C:314DH         LINE#         1320
  C:3150H         LINE#         1321
  C:31C0H         LINE#         1322
  C:31C0H         LINE#         1323
  C:31C2H         LINE#         1324
  C:31C5H         LINE#         1326
  C:3235H         LINE#         1327
  C:3235H         LINE#         1328
  C:3237H         LINE#         1329
  C:323AH         LINE#         1330
  C:32B6H         LINE#         1331
  C:32B6H         LINE#         1332
BL51 BANKED LINKER/LOCATER V6.22.2.0                                                  06/11/2021  12:39:41  PAGE 24


  C:32B8H         LINE#         1333
  C:32BBH         LINE#         1334
  C:3337H         LINE#         1335
  C:3337H         LINE#         1336
  C:3339H         LINE#         1337
  C:333CH         LINE#         1338
  C:338EH         LINE#         1339
  C:338EH         LINE#         1340
  C:3390H         LINE#         1342
  C:3393H         LINE#         1343
  C:33E5H         LINE#         1344
  C:33E5H         LINE#         1345
  C:33E7H         LINE#         1347
  C:33EAH         LINE#         1348
  C:343CH         LINE#         1349
  C:343CH         LINE#         1350
  C:343EH         LINE#         1351
  C:3441H         LINE#         1353
  C:34ABH         LINE#         1354
  C:34ABH         LINE#         1355
  C:34ADH         LINE#         1356
  C:34AFH         LINE#         1357
  C:3519H         LINE#         1358
  C:3519H         LINE#         1359
  C:351EH         LINE#         1360
  C:351EH         LINE#         1362
  C:3523H         LINE#         1363
  C:3552H         LINE#         1364
  C:3552H         LINE#         1365
  C:3561H         LINE#         1366
  C:3569H         LINE#         1367
  C:356EH         LINE#         1368
  C:359DH         LINE#         1369
  C:359DH         LINE#         1370
  C:35A0H         LINE#         1371
  C:35A0H         LINE#         1372
  C:35AFH         LINE#         1373
  C:35AFH         LINE#         1374
  C:35B7H         LINE#         1376
  C:35B7H         LINE#         1379
  C:35B7H         LINE#         1381
  C:35BCH         LINE#         1382
  C:35BEH         LINE#         1384
  C:35BFH         LINE#         1386
  C:35BFH         LINE#         1387
  C:35C4H         LINE#         1388
  C:35C4H         LINE#         1390
  C:35C4H         LINE#         1391
  -------         ENDPROC       ATENCCOMSOFT
  -------         PROC          MAIN
  -------         DO            
  X:0203H         SYMBOL        MSGnotify
  X:0214H         SYMBOL        msgdir
  X:0225H         SYMBOL        sin_resp
  X:0236H         SYMBOL        resp_NACK
  X:0247H         SYMBOL        SendCode
  X:0258H         SYMBOL        k
BL51 BANKED LINKER/LOCATER V6.22.2.0                                                  06/11/2021  12:39:41  PAGE 25


  X:0259H         SYMBOL        i
  X:025AH         SYMBOL        NumDatValidar
  X:025BH         SYMBOL        PosComa
  X:025DH         SYMBOL        temp
  -------         ENDDO         
  C:0026H         LINE#         1398
  C:0026H         LINE#         1399
  C:0026H         LINE#         1401
  C:0039H         LINE#         1402
  C:004CH         LINE#         1403
  C:005FH         LINE#         1404
  C:0072H         LINE#         1405
  C:0085H         LINE#         1412
  C:0088H         LINE#         1413
  C:008BH         LINE#         1415
  C:008EH         LINE#         1417
  C:0096H         LINE#         1418
  C:0098H         LINE#         1419
  C:009BH         LINE#         1420
  C:009DH         LINE#         1421
  C:009FH         LINE#         1423
  C:00A1H         LINE#         1424
  C:00A3H         LINE#         1425
  C:00A5H         LINE#         1426
  C:00A7H         LINE#         1432
  C:00A9H         LINE#         1433
  C:00AFH         LINE#         1434
  C:00B5H         LINE#         1435
  C:00BBH         LINE#         1436
  C:00C1H         LINE#         1437
  C:00C3H         LINE#         1439
  C:00C5H         LINE#         1440
  C:00C7H         LINE#         1442
  C:00C9H         LINE#         1443
  C:00CBH         LINE#         1445
  C:00CDH         LINE#         1446
  C:00CFH         LINE#         1448
  C:00D1H         LINE#         1449
  C:00D3H         LINE#         1451
  C:00D5H         LINE#         1452
  C:00DAH         LINE#         1453
  C:00DCH         LINE#         1454
  C:00DEH         LINE#         1455
  C:00E0H         LINE#         1456
  C:00E4H         LINE#         1457
  C:00EAH         LINE#         1458
  C:00ECH         LINE#         1459
  C:00F2H         LINE#         1460
  C:00F4H         LINE#         1464
  C:00F6H         LINE#         1465
  C:00F8H         LINE#         1466
  C:00FAH         LINE#         1467
  C:00FCH         LINE#         1470
  C:00FEH         LINE#         1472
  C:0100H         LINE#         1473
  C:0104H         LINE#         1474
  C:0106H         LINE#         1477
BL51 BANKED LINKER/LOCATER V6.22.2.0                                                  06/11/2021  12:39:41  PAGE 26


  C:0111H         LINE#         1479
  C:0116H         LINE#         1480
  C:011FH         LINE#         1481
  C:0122H         LINE#         1483
  C:0124H         LINE#         1484
  C:0126H         LINE#         1485
  C:0126H         LINE#         1486
  C:0126H         LINE#         1488
  C:0126H         LINE#         1490
  C:0126H         LINE#         1491
  C:0126H         LINE#         1493
  C:0129H         LINE#         1494
  C:012FH         LINE#         1496
  C:0140H         LINE#         1497
  C:0140H         LINE#         1499
  C:0146H         LINE#         1500
  C:0146H         LINE#         1501
  C:014CH         LINE#         1502
  C:014FH         LINE#         1504
  C:0152H         LINE#         1506
  C:0155H         LINE#         1507
  C:0155H         LINE#         1509
  C:015FH         LINE#         1510
  C:015FH         LINE#         1511
  C:0165H         LINE#         1512
  C:0169H         LINE#         1513
  C:0172H         LINE#         1514
  C:017BH         LINE#         1515
  C:0184H         LINE#         1516
  C:0188H         LINE#         1518
  C:018DH         LINE#         1519
  C:0190H         LINE#         1520
  C:0193H         LINE#         1522
  C:0199H         LINE#         1523
  C:019DH         LINE#         1524
  C:01A4H         LINE#         1525
  C:01AEH         LINE#         1526
  C:01B0H         LINE#         1528
  C:01B0H         LINE#         1529
  C:01B0H         LINE#         1530
  C:01B0H         LINE#         1532
  C:01B2H         LINE#         1534
  C:01B2H         LINE#         1535
  C:01B8H         LINE#         1536
  C:01BCH         LINE#         1537
  C:01C4H         LINE#         1538
  C:01CCH         LINE#         1539
  C:01D4H         LINE#         1540
  C:01D8H         LINE#         1541
  C:01DEH         LINE#         1542
  C:01E2H         LINE#         1543
  C:01E8H         LINE#         1544
  C:01EAH         LINE#         1545
  C:01F3H         LINE#         1546
  C:01F9H         LINE#         1547
  C:01FCH         LINE#         1548
  C:01FCH         LINE#         1550
BL51 BANKED LINKER/LOCATER V6.22.2.0                                                  06/11/2021  12:39:41  PAGE 27


  C:01FEH         LINE#         1552
  C:01FEH         LINE#         1553
  C:020BH         LINE#         1554
  C:0212H         LINE#         1555
  C:0212H         LINE#         1558
  C:0218H         LINE#         1559
  C:0218H         LINE#         1560
  C:026CH         LINE#         1561
  C:026CH         LINE#         1562
  C:026CH         LINE#         1563
  C:026CH         LINE#         1564
  C:026CH         LINE#         1565
  C:026CH         LINE#         1566
  C:026CH         LINE#         1567
  C:026CH         LINE#         1568
  C:026FH         LINE#         1569
  C:02BEH         LINE#         1570
  C:02BEH         LINE#         1571
  C:02BEH         LINE#         1572
  C:02BEH         LINE#         1573
  C:02BEH         LINE#         1574
  C:02BEH         LINE#         1575
  C:02BEH         LINE#         1576
  C:02BEH         LINE#         1577
  C:02C1H         LINE#         1578
  C:0314H         LINE#         1579
  C:0314H         LINE#         1580
  C:0314H         LINE#         1581
  C:0314H         LINE#         1582
  C:0314H         LINE#         1583
  C:0314H         LINE#         1584
  C:0314H         LINE#         1585
  C:0314H         LINE#         1586
  C:0317H         LINE#         1587
  C:036DH         LINE#         1588
  C:036DH         LINE#         1589
  C:036DH         LINE#         1590
  C:036DH         LINE#         1591
  C:036DH         LINE#         1592
  C:036DH         LINE#         1593
  C:036DH         LINE#         1594
  C:036DH         LINE#         1595
  C:0370H         LINE#         1596
  C:03AFH         LINE#         1597
  C:03AFH         LINE#         1598
  C:03AFH         LINE#         1599
  C:03AFH         LINE#         1600
  C:03AFH         LINE#         1601
  C:03AFH         LINE#         1602
  C:03AFH         LINE#         1603
  C:03AFH         LINE#         1604
  C:03B1H         LINE#         1605
  C:03D9H         LINE#         1606
  C:03D9H         LINE#         1607
  C:03D9H         LINE#         1608
  C:03D9H         LINE#         1609
  C:03D9H         LINE#         1610
BL51 BANKED LINKER/LOCATER V6.22.2.0                                                  06/11/2021  12:39:41  PAGE 28


  C:03D9H         LINE#         1611
  C:03D9H         LINE#         1612
  C:03D9H         LINE#         1613
  C:03DBH         LINE#         1614
  C:0406H         LINE#         1615
  C:0406H         LINE#         1616
  C:0408H         LINE#         1617
  C:040AH         LINE#         1618
  C:0410H         LINE#         1619
  C:0413H         LINE#         1620
  C:0415H         LINE#         1621
  C:0417H         LINE#         1622
  C:0417H         LINE#         1623
  C:0417H         LINE#         1627
  C:0419H         LINE#         1629
  C:0419H         LINE#         1631
  C:0421H         LINE#         1632
  C:0421H         LINE#         1633
  C:0424H         LINE#         1635
  C:0427H         LINE#         1636
  C:042CH         LINE#         1637
  C:0439H         LINE#         1638
  C:0440H         LINE#         1639
  C:0440H         LINE#         1642
  C:0440H         LINE#         1647
  C:0446H         LINE#         1648
  C:0446H         LINE#         1650
  C:044CH         LINE#         1651
  C:044EH         LINE#         1652
  C:0451H         LINE#         1667
  C:045AH         LINE#         1668
  C:045AH         LINE#         1669
  C:0466H         LINE#         1670
  C:0466H         LINE#         1671
  C:0468H         LINE#         1672
  C:0468H         LINE#         1674
  C:0493H         LINE#         1675
  C:0493H         LINE#         1676
  C:0496H         LINE#         1677
  C:04A9H         LINE#         1678
  C:04A9H         LINE#         1679
  C:04AEH         LINE#         1680
  C:04C4H         LINE#         1681
  C:04C4H         LINE#         1682
  C:04C7H         LINE#         1683
  C:04CFH         LINE#         1684
  C:04D4H         LINE#         1685
  C:04E0H         LINE#         1686
  C:04E3H         LINE#         1688
  C:04EBH         LINE#         1689
  C:04EBH         LINE#         1690
  C:04F0H         LINE#         1691
  C:0509H         LINE#         1692
  C:0509H         LINE#         1693
  C:050CH         LINE#         1694
  C:0514H         LINE#         1696
  C:0514H         LINE#         1697
BL51 BANKED LINKER/LOCATER V6.22.2.0                                                  06/11/2021  12:39:41  PAGE 29


  C:051CH         LINE#         1698
  C:051CH         LINE#         1700
  C:0528H         LINE#         1702
  C:052BH         LINE#         1703
  C:0533H         LINE#         1704
  C:0533H         LINE#         1705
  C:0538H         LINE#         1706
  C:0551H         LINE#         1707
  C:0551H         LINE#         1708
  C:0554H         LINE#         1709
  C:055CH         LINE#         1710
  C:055CH         LINE#         1711
  C:0564H         LINE#         1712
  C:0564H         LINE#         1713
  C:0569H         LINE#         1714
  C:0582H         LINE#         1715
  C:0582H         LINE#         1716
  C:0585H         LINE#         1717
  C:058DH         LINE#         1718
  C:058DH         LINE#         1719
  C:0595H         LINE#         1720
  C:0595H         LINE#         1722
  C:059AH         LINE#         1723
  C:05A3H         LINE#         1726
  C:05AAH         LINE#         1730
  C:05ADH         LINE#         1731
  C:05B5H         LINE#         1732
  C:05B5H         LINE#         1733
  C:05BAH         LINE#         1734
  C:05D3H         LINE#         1735
  C:05D3H         LINE#         1736
  C:05D6H         LINE#         1737
  C:05DEH         LINE#         1738
  C:05DEH         LINE#         1740
  C:05E6H         LINE#         1741
  C:05E6H         LINE#         1742
  C:05EBH         LINE#         1743
  C:0604H         LINE#         1744
  C:0604H         LINE#         1745
  C:0607H         LINE#         1746
  C:060FH         LINE#         1747
  C:060FH         LINE#         1748
  C:0617H         LINE#         1749
  C:0617H         LINE#         1750
  C:061CH         LINE#         1751
  C:0635H         LINE#         1752
  C:0635H         LINE#         1753
  C:0638H         LINE#         1754
  C:0640H         LINE#         1755
  C:0640H         LINE#         1756
  C:0648H         LINE#         1757
  C:0648H         LINE#         1758
  C:064DH         LINE#         1759
  C:0666H         LINE#         1760
  C:0666H         LINE#         1761
  C:0669H         LINE#         1762
  C:0671H         LINE#         1763
BL51 BANKED LINKER/LOCATER V6.22.2.0                                                  06/11/2021  12:39:41  PAGE 30


  C:0671H         LINE#         1764
  C:0679H         LINE#         1765
  C:0679H         LINE#         1766
  C:067EH         LINE#         1767
  C:0697H         LINE#         1768
  C:0697H         LINE#         1769
  C:069AH         LINE#         1770
  C:06A2H         LINE#         1771
  C:06A2H         LINE#         1772
  C:06AAH         LINE#         1773
  C:06AAH         LINE#         1774
  C:06AFH         LINE#         1775
  C:06C8H         LINE#         1776
  C:06C8H         LINE#         1777
  C:06CBH         LINE#         1778
  C:06D3H         LINE#         1779
  C:06D3H         LINE#         1780
  C:06DBH         LINE#         1781
  C:06DBH         LINE#         1782
  C:06E0H         LINE#         1783
  C:06F9H         LINE#         1784
  C:06F9H         LINE#         1785
  C:06FCH         LINE#         1786
  C:0704H         LINE#         1787
  C:0704H         LINE#         1789
  C:070CH         LINE#         1790
  C:070CH         LINE#         1791
  C:0711H         LINE#         1792
  C:0716H         LINE#         1793
  C:071BH         LINE#         1794
  C:0720H         LINE#         1795
  C:0725H         LINE#         1796
  C:072AH         LINE#         1797
  C:072FH         LINE#         1798
  C:0734H         LINE#         1799
  C:0739H         LINE#         1800
  C:073EH         LINE#         1801
  C:0743H         LINE#         1802
  C:0748H         LINE#         1803
  C:074DH         LINE#         1804
  C:0752H         LINE#         1805
  C:0757H         LINE#         1806
  C:075CH         LINE#         1807
  C:0761H         LINE#         1810
  C:0763H         LINE#         1811
  C:0769H         LINE#         1812
  C:076BH         LINE#         1813
  C:0773H         LINE#         1814
  C:0773H         LINE#         1815
  C:0776H         LINE#         1816
  C:077BH         LINE#         1817
  C:0784H         LINE#         1819
  C:0784H         LINE#         1820
  C:0786H         LINE#         1821
  C:078CH         LINE#         1822
  C:078FH         LINE#         1823
  C:0791H         LINE#         1824
BL51 BANKED LINKER/LOCATER V6.22.2.0                                                  06/11/2021  12:39:41  PAGE 31


  C:0793H         LINE#         1825
  C:0796H         LINE#         1826
  C:07A9H         LINE#         1827
  C:07A9H         LINE#         1828
  C:07ABH         LINE#         1829
  C:07ADH         LINE#         1830
  C:07ADH         LINE#         1831
  C:07AFH         LINE#         1832
  C:07BDH         LINE#         1833
  C:07BDH         LINE#         1834
  C:07BFH         LINE#         1835
  C:07C1H         LINE#         1836
  C:07C7H         LINE#         1837
  C:07D3H         LINE#         1838
  C:07D6H         LINE#         1839
  C:07E6H         LINE#         1840
  C:07E6H         LINE#         1841
  C:07E8H         LINE#         1842
  C:07EAH         LINE#         1843
  C:07F0H         LINE#         1844
  C:07F3H         LINE#         1845
  C:0806H         LINE#         1846
  C:0806H         LINE#         1847
  C:0808H         LINE#         1848
  C:080AH         LINE#         1849
  C:0810H         LINE#         1850
  C:0813H         LINE#         1851
  C:0821H         LINE#         1852
  C:0821H         LINE#         1853
  C:0826H         LINE#         1855
  C:082BH         LINE#         1856
  C:0830H         LINE#         1857
  C:0835H         LINE#         1858
  C:083AH         LINE#         1859
  C:083FH         LINE#         1860
  C:0844H         LINE#         1861
  C:0849H         LINE#         1862
  C:084EH         LINE#         1863
  C:0853H         LINE#         1864
  C:0858H         LINE#         1865
  C:085DH         LINE#         1866
  C:0862H         LINE#         1867
  C:0867H         LINE#         1868
  C:086CH         LINE#         1869
  C:086EH         LINE#         1870
  C:086EH         LINE#         1872
  C:0871H         LINE#         1873
  C:0881H         LINE#         1874
  C:0881H         LINE#         1875
  C:0883H         LINE#         1877
  C:0888H         LINE#         1878
  C:089EH         LINE#         1879
  C:089EH         LINE#         1880
  C:08A1H         LINE#         1881
  C:08A9H         LINE#         1882
  C:08AEH         LINE#         1883
  C:08B3H         LINE#         1884
BL51 BANKED LINKER/LOCATER V6.22.2.0                                                  06/11/2021  12:39:41  PAGE 32


  C:08B9H         LINE#         1885
  C:08B9H         LINE#         1886
  C:08B9H         LINE#         1887
  C:08B9H         LINE#         1888
  C:08B9H         LINE#         1890
  C:08BBH         LINE#         1891
  C:08CBH         LINE#         1892
  C:08CBH         LINE#         1893
  C:08CDH         LINE#         1894
  C:08D2H         LINE#         1895
  C:08E8H         LINE#         1896
  C:08E8H         LINE#         1897
  C:08EBH         LINE#         1898
  C:08F3H         LINE#         1899
  C:08F8H         LINE#         1900
  C:08FDH         LINE#         1901
  C:0903H         LINE#         1902
  C:0903H         LINE#         1903
  C:0908H         LINE#         1904
  C:090AH         LINE#         1905
  C:090AH         LINE#         1909
  C:090DH         LINE#         1910
  C:091CH         LINE#         1911
  C:091CH         LINE#         1912
  C:091EH         LINE#         1913
  C:0923H         LINE#         1914
  C:093CH         LINE#         1915
  C:093CH         LINE#         1916
  C:093FH         LINE#         1917
  C:0947H         LINE#         1918
  C:0947H         LINE#         1919
  C:0956H         LINE#         1920
  C:0956H         LINE#         1921
  C:095BH         LINE#         1922
  C:0974H         LINE#         1923
  C:0974H         LINE#         1924
  C:0977H         LINE#         1925
  C:097FH         LINE#         1926
  C:097FH         LINE#         1927
  C:098FH         LINE#         1928
  C:098FH         LINE#         1929
  C:0994H         LINE#         1931
  C:0999H         LINE#         1932
  C:099EH         LINE#         1933
  C:09A3H         LINE#         1934
  C:09A8H         LINE#         1935
  C:09ADH         LINE#         1936
  C:09B2H         LINE#         1937
  C:09B7H         LINE#         1938
  C:09BCH         LINE#         1939
  C:09C1H         LINE#         1940
  C:09C6H         LINE#         1941
  C:09CBH         LINE#         1942
  C:09D0H         LINE#         1943
  C:09D5H         LINE#         1944
  C:09DAH         LINE#         1945
  C:09DFH         LINE#         1946
BL51 BANKED LINKER/LOCATER V6.22.2.0                                                  06/11/2021  12:39:41  PAGE 33


  C:09E1H         LINE#         1950
  C:09E4H         LINE#         1951
  C:09F4H         LINE#         1952
  C:09F4H         LINE#         1953
  C:09F9H         LINE#         1955
  C:09FEH         LINE#         1956
  C:0A03H         LINE#         1957
  C:0A08H         LINE#         1958
  C:0A0DH         LINE#         1959
  C:0A12H         LINE#         1960
  C:0A17H         LINE#         1961
  C:0A1CH         LINE#         1962
  C:0A21H         LINE#         1963
  C:0A26H         LINE#         1964
  C:0A2BH         LINE#         1965
  C:0A30H         LINE#         1966
  C:0A35H         LINE#         1967
  C:0A3AH         LINE#         1968
  C:0A3FH         LINE#         1969
  C:0A44H         LINE#         1970
  C:0A46H         LINE#         1972
  C:0A49H         LINE#         1973
  C:0A59H         LINE#         1974
  C:0A59H         LINE#         1975
  C:0A5EH         LINE#         1977
  C:0A63H         LINE#         1978
  C:0A68H         LINE#         1979
  C:0A6DH         LINE#         1980
  C:0A72H         LINE#         1981
  C:0A77H         LINE#         1982
  C:0A7CH         LINE#         1983
  C:0A81H         LINE#         1984
  C:0A86H         LINE#         1985
  C:0A8BH         LINE#         1986
  C:0A90H         LINE#         1987
  C:0A95H         LINE#         1988
  C:0A9AH         LINE#         1989
  C:0A9FH         LINE#         1990
  C:0AA4H         LINE#         1991
  C:0AA9H         LINE#         1992
  C:0AAEH         LINE#         1993
  C:0AB0H         LINE#         1996
  C:0AB3H         LINE#         1997
  C:0AC3H         LINE#         1998
  C:0AC3H         LINE#         1999
  C:0AC8H         LINE#         2001
  C:0ACDH         LINE#         2002
  C:0AD2H         LINE#         2003
  C:0AD7H         LINE#         2004
  C:0ADCH         LINE#         2005
  C:0AE1H         LINE#         2006
  C:0AE6H         LINE#         2007
  C:0AEBH         LINE#         2008
  C:0AF0H         LINE#         2009
  C:0AF5H         LINE#         2010
  C:0AFAH         LINE#         2011
  C:0AFFH         LINE#         2012
BL51 BANKED LINKER/LOCATER V6.22.2.0                                                  06/11/2021  12:39:41  PAGE 34


  C:0B04H         LINE#         2013
  C:0B09H         LINE#         2014
  C:0B0EH         LINE#         2015
  C:0B13H         LINE#         2016
  C:0B15H         LINE#         2019
  C:0B18H         LINE#         2020
  C:0B28H         LINE#         2021
  C:0B28H         LINE#         2022
  C:0B2DH         LINE#         2024
  C:0B32H         LINE#         2025
  C:0B37H         LINE#         2026
  C:0B3CH         LINE#         2027
  C:0B41H         LINE#         2028
  C:0B46H         LINE#         2029
  C:0B4BH         LINE#         2030
  C:0B50H         LINE#         2031
  C:0B55H         LINE#         2032
  C:0B5AH         LINE#         2033
  C:0B5FH         LINE#         2034
  C:0B64H         LINE#         2035
  C:0B69H         LINE#         2036
  C:0B6EH         LINE#         2037
  C:0B73H         LINE#         2038
  C:0B78H         LINE#         2039
  C:0B7AH         LINE#         2042
  C:0B7DH         LINE#         2043
  C:0B8DH         LINE#         2044
  C:0B8DH         LINE#         2045
  C:0B92H         LINE#         2047
  C:0B97H         LINE#         2048
  C:0B9CH         LINE#         2049
  C:0BA1H         LINE#         2050
  C:0BA6H         LINE#         2051
  C:0BABH         LINE#         2052
  C:0BB0H         LINE#         2053
  C:0BB5H         LINE#         2054
  C:0BBAH         LINE#         2055
  C:0BBFH         LINE#         2056
  C:0BC4H         LINE#         2057
  C:0BC9H         LINE#         2058
  C:0BCEH         LINE#         2059
  C:0BD3H         LINE#         2060
  C:0BD8H         LINE#         2061
  C:0BDDH         LINE#         2062
  C:0BDFH         LINE#         2065
  C:0BE2H         LINE#         2066
  C:0BF8H         LINE#         2067
  C:0BF8H         LINE#         2068
  C:0BFDH         LINE#         2070
  C:0C02H         LINE#         2071
  C:0C07H         LINE#         2072
  C:0C0CH         LINE#         2073
  C:0C11H         LINE#         2074
  C:0C16H         LINE#         2075
  C:0C1BH         LINE#         2076
  C:0C20H         LINE#         2077
  C:0C25H         LINE#         2078
BL51 BANKED LINKER/LOCATER V6.22.2.0                                                  06/11/2021  12:39:41  PAGE 35


  C:0C2AH         LINE#         2079
  C:0C2FH         LINE#         2080
  C:0C34H         LINE#         2081
  C:0C39H         LINE#         2082
  C:0C3EH         LINE#         2083
  C:0C43H         LINE#         2084
  C:0C48H         LINE#         2085
  C:0C4DH         LINE#         2087
  C:0C52H         LINE#         2089
  C:0C57H         LINE#         2090
  C:0C5CH         LINE#         2091
  C:0C61H         LINE#         2092
  C:0C66H         LINE#         2093
  C:0C6BH         LINE#         2094
  C:0C70H         LINE#         2095
  C:0C75H         LINE#         2096
  C:0C7AH         LINE#         2097
  C:0C7FH         LINE#         2098
  C:0C84H         LINE#         2099
  C:0C89H         LINE#         2100
  C:0C8EH         LINE#         2101
  C:0C93H         LINE#         2102
  C:0C98H         LINE#         2103
  C:0C9DH         LINE#         2104
  C:0C9FH         LINE#         2106
  C:0CA2H         LINE#         2107
  C:0CB8H         LINE#         2108
  C:0CB8H         LINE#         2109
  C:0CBDH         LINE#         2111
  C:0CC2H         LINE#         2112
  C:0CC7H         LINE#         2113
  C:0CCCH         LINE#         2114
  C:0CD1H         LINE#         2115
  C:0CD6H         LINE#         2116
  C:0CDBH         LINE#         2117
  C:0CE0H         LINE#         2118
  C:0CE5H         LINE#         2119
  C:0CEAH         LINE#         2120
  C:0CEFH         LINE#         2121
[...]
  C:3895H         LINE#         388
  C:38A0H         LINE#         389
  C:38A0H         LINE#         390
  C:38B2H         LINE#         391
  C:38B2H         LINE#         393
  C:38CAH         LINE#         395
  C:38D2H         LINE#         409
  C:38DDH         LINE#         410
  C:38DDH         LINE#         411
  C:38EFH         LINE#         412
  C:38EFH         LINE#         413
  C:3907H         LINE#         414
  C:390FH         LINE#         415
  C:3915H         LINE#         417
  C:3918H         LINE#         418
  C:3926H         LINE#         419
  C:3926H         LINE#         421
  C:392EH         LINE#         422
  C:392EH         LINE#         425
  C:3938H         LINE#         426
  C:3938H         LINE#         427
  C:393FH         LINE#         428
  C:3946H         LINE#         429
  C:3948H         LINE#         431
  C:3950H         LINE#         432
  C:3952H         LINE#         434
  C:3952H         LINE#         435
  C:395CH         LINE#         436
  C:395CH         LINE#         437
  C:395EH         LINE#         438
  C:3964H         LINE#         439
  C:3967H         LINE#         440
  C:396AH         LINE#         441
  C:396CH         LINE#         442
  C:396CH         LINE#         443
  C:396CH         LINE#         444
  C:396CH         LINE#         445
  C:3977H         LINE#         446
  C:3977H         LINE#         449
  C:3979H         LINE#         450
  C:397CH         LINE#         451
BL51 BANKED LINKER/LOCATER V6.22.2.0                                                  06/11/2021  12:39:41  PAGE 59


  C:397CH         LINE#         453
  C:397FH         LINE#         454
  C:397FH         LINE#         456
  C:3982H         LINE#         457
  C:3982H         LINE#         458
  C:3984H         LINE#         459
  C:398BH         LINE#         462
  C:3995H         LINE#         463
  C:3995H         LINE#         464
  C:3997H         LINE#         465
  C:399EH         LINE#         466
  C:39A0H         LINE#         467
  C:39A7H         LINE#         468
  C:39B0H         LINE#         469
  C:39B2H         LINE#         471
  C:39B2H         LINE#         472
  C:39BCH         LINE#         473
  C:39BCH         LINE#         474
  C:39BEH         LINE#         475
  C:39C3H         LINE#         476
  C:39C3H         LINE#         477
  C:39C3H         LINE#         478
  C:39C3H         LINE#         479
  C:39C3H         LINE#         480
  C:39C3H         LINE#         487
  C:39C3H         LINE#         488
  C:39C5H         LINE#         490
  C:39C5H         LINE#         491
  C:39C8H         LINE#         492
  C:39C8H         LINE#         493
  C:39CAH         LINE#         494
  C:39D1H         LINE#         495
  C:39D1H         LINE#         497
  C:39D3H         LINE#         498
  C:39D8H         LINE#         499
  C:39D8H         LINE#         500
  C:39D8H         LINE#         501
  C:39D8H         LINE#         502
  C:39D8H         LINE#         503
  C:39DAH         LINE#         505
  C:39DAH         LINE#         506
  C:39DDH         LINE#         507
  C:39DDH         LINE#         508
  C:39DFH         LINE#         509
  C:39E6H         LINE#         510
  C:39E8H         LINE#         511
  C:39EEH         LINE#         512
  C:39F1H         LINE#         513
  C:39F4H         LINE#         514
  C:39F6H         LINE#         515
  C:39F6H         LINE#         519
  C:39F6H         LINE#         520
  C:39F6H         LINE#         522
  C:3A08H         LINE#         523
  C:3A08H         LINE#         524
  C:3A21H         LINE#         525
  C:3A29H         LINE#         526
BL51 BANKED LINKER/LOCATER V6.22.2.0                                                  06/11/2021  12:39:41  PAGE 60


  C:3A2FH         LINE#         527
  C:3A31H         LINE#         528
  C:3A31H         LINE#         529
  C:3A33H         LINE#         530
  C:3A40H         LINE#         531
  C:3A40H         LINE#         532
  C:3A45H         LINE#         533
  C:3A4AH         LINE#         534
  C:3A4AH         LINE#         536
  C:3A4CH         LINE#         538
  C:3A4CH         LINE#         539
  C:3A51H         LINE#         540
  C:3A51H         LINE#         541
  C:3A51H         LINE#         542
  C:3A51H         LINE#         546
  C:3A54H         LINE#         547
  C:3A54H         LINE#         548
  C:3A56H         LINE#         549
  C:3A58H         LINE#         550
  C:3A58H         LINE#         551
  -------         ENDPROC       COM_ISR
  -------         PROC          _ESCRIBIRCADENASOFT
  D:0006H         SYMBOL        tamano_cadena
  -------         DO            
  D:0005H         SYMBOL        i
  -------         ENDDO         
  C:4BBEH         LINE#         614
  C:4BC0H         LINE#         615
  C:4BC0H         LINE#         618
  C:4BC7H         LINE#         619
  C:4BC7H         LINE#         620
  C:4BD6H         LINE#         621
  C:4BD9H         LINE#         623
  -------         ENDPROC       _ESCRIBIRCADENASOFT
  -------         PROC          CALCULO_BCC
  -------         DO            
  D:0007H         SYMBOL        bcc
  D:0006H         SYMBOL        j
  -------         ENDDO         
  C:4B84H         LINE#         624
  C:4B84H         LINE#         625
  C:4B84H         LINE#         626
  C:4B86H         LINE#         629
  C:4B91H         LINE#         630
  C:4B91H         LINE#         631
  C:4B9EH         LINE#         632
  C:4BA1H         LINE#         634
  C:4BA1H         LINE#         635
  -------         ENDPROC       CALCULO_BCC
  -------         PROC          BACKUP_CLK
  -------         DO            
  D:0007H         SYMBOL        i
  -------         ENDDO         
  C:485EH         LINE#         636
  C:485EH         LINE#         637
  C:485EH         LINE#         640
  C:4874H         LINE#         641
BL51 BANKED LINKER/LOCATER V6.22.2.0                                                  06/11/2021  12:39:41  PAGE 61


  C:4880H         LINE#         642
  C:4880H         LINE#         643
  C:4898H         LINE#         645
  C:489BH         LINE#         646
  C:48ABH         LINE#         647
  C:48B7H         LINE#         657
  C:48BCH         LINE#         658
  C:48BFH         LINE#         659
  -------         ENDPROC       BACKUP_CLK
  -------         PROC          RETRANSMITIR_TRAMA_HORA
  -------         DO            
  D:0006H         SYMBOL        i
  -------         ENDDO         
  C:4A43H         LINE#         661
  C:4A43H         LINE#         662
  C:4A43H         LINE#         664
  C:4A4FH         LINE#         665
  C:4A4FH         LINE#         666
  C:4A67H         LINE#         668
  C:4A6AH         LINE#         670
  -------         ENDPROC       RETRANSMITIR_TRAMA_HORA
  -------         PROC          CMD_EXCLUSIVO
  -------         DO            
  X:0260H         SYMBOL        reelectura
  D:0007H         SYMBOL        dato
  -------         ENDDO         
  C:46F9H         LINE#         673
  C:46F9H         LINE#         674
  C:46F9H         LINE#         678
  C:4717H         LINE#         679
  C:471CH         LINE#         683
  C:472CH         LINE#         685
  C:4735H         LINE#         686
  C:4735H         LINE#         687
  C:4753H         LINE#         688
  C:4758H         LINE#         692
  C:4767H         LINE#         694
  C:4770H         LINE#         695
  C:4770H         LINE#         696
  C:4776H         LINE#         697
  C:477AH         LINE#         698
  C:477EH         LINE#         699
  C:4782H         LINE#         701
  C:4782H         LINE#         703
  C:4782H         LINE#         704
  -------         ENDPROC       CMD_EXCLUSIVO
  -------         ENDMOD        UART

  -------         MODULE        DISPLAY
  C:0000H         SYMBOL        _ICE_DUMMY_
  D:0080H         PUBLIC        P0
  D:0090H         PUBLIC        P1
  C:4CDAH         PUBLIC        Borra_all
  C:4C40H         PUBLIC        borra
  C:4C27H         PUBLIC        _vdato
  C:4CC0H         PUBLIC        wait_ancho
  B:0090H.0       PUBLIC        RS
BL51 BANKED LINKER/LOCATER V6.22.2.0                                                  06/11/2021  12:39:41  PAGE 62


  C:4BDAH         PUBLIC        BorraLCD_L1
  C:4BF4H         PUBLIC        BorraLCD_L2
  C:4C6DH         PUBLIC        _cont
  C:4C65H         PUBLIC        pulso
  C:0012H         PUBLIC        wait
  C:49EAH         PUBLIC        relayIO
  C:4B12H         PUBLIC        _lcd_gotoxy
  B:0090H.1       PUBLIC        E
  C:4C9BH         PUBLIC        wait_long
  C:0016H         PUBLIC        _lcd_text
  C:48C2H         PUBLIC        prg_disp
  C:4A6DH         PUBLIC        _lcd_puts
  B:0090H.2       PUBLIC        sw_1
  C:4C83H         PUBLIC        _wait_long1
  B:0090H.3       PUBLIC        sw_2
  C:4A97H         PUBLIC        ve_dir
  -------         PROC          WAIT
  C:0012H         LINE#         25
  C:0012H         LINE#         27
  -------         ENDPROC       WAIT
  -------         PROC          RELAYIO
  C:49EAH         LINE#         30
  C:49EAH         LINE#         31
  C:49EAH         LINE#         32
  C:49EFH         LINE#         34
  C:49F2H         LINE#         35
  C:49F2H         LINE#         36
  C:49F6H         LINE#         37
  C:49F7H         LINE#         38
  C:49FAH         LINE#         39
  C:49FAH         LINE#         40
  C:4A01H         LINE#         41
  C:4A02H         LINE#         43
  C:4A05H         LINE#         44
  C:4A05H         LINE#         45
  C:4A0CH         LINE#         46
  C:4A0DH         LINE#         47
  C:4A10H         LINE#         48
  C:4A10H         LINE#         49
  C:4A17H         LINE#         50
  C:4A17H         LINE#         51
  -------         ENDPROC       RELAYIO
  -------         PROC          _WAIT_LONG1
  D:0006H         SYMBOL        t
  -------         DO            
  D:0004H         SYMBOL        j
  -------         ENDDO         
  C:4C83H         LINE#         52
  C:4C83H         LINE#         54
  C:4C8DH         LINE#         55
  C:4C8DH         LINE#         56
  C:4C90H         LINE#         57
  C:4C97H         LINE#         58
  -------         ENDPROC       _WAIT_LONG1
  -------         PROC          L?0061
  -------         ENDPROC       L?0061
  -------         PROC          WAIT_LONG
BL51 BANKED LINKER/LOCATER V6.22.2.0                                                  06/11/2021  12:39:41  PAGE 63


  -------         DO            
  D:0006H         SYMBOL        j
  -------         ENDDO         
  C:4C9BH         LINE#         60
  C:4C9BH         LINE#         62
  C:4C9EH         LINE#         63
  C:4C9EH         LINE#         64
  C:4CA1H         LINE#         65
  C:4CACH         LINE#         66
  -------         ENDPROC       WAIT_LONG
  -------         PROC          WAIT_ANCHO
  -------         DO            
  D:0006H         SYMBOL        j
  -------         ENDDO         
  C:4CC0H         LINE#         68
  C:4CC0H         LINE#         70
  C:4CC3H         LINE#         71
  C:4CC3H         LINE#         72
  C:4CC6H         LINE#         73
  C:4CD1H         LINE#         74
  -------         ENDPROC       WAIT_ANCHO
  -------         PROC          L?0060
  -------         ENDPROC       L?0060
  -------         PROC          PULSO
  C:4C65H         LINE#         76
  C:4C65H         LINE#         77
  C:4C65H         LINE#         80
  C:4C67H         LINE#         81
  C:4C6AH         LINE#         82
  C:4C6CH         LINE#         84
  -------         ENDPROC       PULSO
  -------         PROC          _CONT
  D:0005H         SYMBOL        caracter
  C:4C6DH         LINE#         86
  C:4C6FH         LINE#         87
  C:4C6FH         LINE#         88
  C:4C71H         LINE#         89
  C:4C71H         LINE#         90
  C:4C71H         LINE#         91
  C:4C74H         LINE#         92
  C:4C79H         LINE#         93
  C:4C80H         LINE#         94
  -------         ENDPROC       _CONT
  -------         PROC          BORRA
  -------         DO            
  D:0006H         SYMBOL        i
  -------         ENDDO         
  C:4C40H         LINE#         97
  C:4C40H         LINE#         98
  C:4C40H         LINE#         100
  C:4C45H         LINE#         101
  C:4C48H         LINE#         102
  C:4C48H         LINE#         103
  C:4C4BH         LINE#         104
  C:4C56H         LINE#         105
  -------         ENDPROC       BORRA
  -------         PROC          PRG_DISP
BL51 BANKED LINKER/LOCATER V6.22.2.0                                                  06/11/2021  12:39:41  PAGE 64


  C:48C2H         LINE#         109
  C:48C2H         LINE#         110
  C:48C2H         LINE#         111
  C:48C4H         LINE#         112
  C:48C7H         LINE#         113
  C:48C9H         LINE#         114
  C:48CCH         LINE#         116
  C:48CFH         LINE#         117
  C:48CFH         LINE#         118
  C:48D2H         LINE#         119
  C:48D2H         LINE#         120
  C:48D5H         LINE#         121
  C:48D8H         LINE#         122
  C:48DBH         LINE#         124
  C:48DEH         LINE#         125
  C:48E1H         LINE#         126
  C:48E4H         LINE#         127
  C:48E9H         LINE#         129
  C:48ECH         LINE#         130
  C:48EFH         LINE#         131
  C:48F4H         LINE#         132
  C:48F7H         LINE#         133
  C:48FCH         LINE#         134
  C:48FFH         LINE#         137
  C:4902H         LINE#         138
  C:4908H         LINE#         139
  -------         ENDPROC       PRG_DISP
  -------         PROC          _VDATO
  D:0005H         SYMBOL        caracter
  C:4C27H         LINE#         141
  C:4C29H         LINE#         142
  C:4C29H         LINE#         143
  C:4C2BH         LINE#         144
  C:4C2EH         LINE#         145
  C:4C2EH         LINE#         147
  C:4C2EH         LINE#         148
  C:4C31H         LINE#         149
  C:4C36H         LINE#         150
  C:4C3DH         LINE#         151
  -------         ENDPROC       _VDATO
  -------         PROC          _LCD_GOTOXY
  D:0006H         SYMBOL        x
  D:0005H         SYMBOL        y
  C:4B12H         LINE#         155
  C:4B14H         LINE#         156
  C:4B14H         LINE#         157
  C:4B22H         LINE#         158
  C:4B22H         LINE#         159
  C:4B27H         LINE#         160
  C:4B2CH         LINE#         161
  C:4B31H         LINE#         162
  C:4B38H         LINE#         163
  C:4B38H         LINE#         164
  -------         ENDPROC       _LCD_GOTOXY
  -------         PROC          _LCD_PUTS
  X:027BH         SYMBOL        str
  -------         DO            
BL51 BANKED LINKER/LOCATER V6.22.2.0                                                  06/11/2021  12:39:41  PAGE 65


  D:0004H         SYMBOL        i
  -------         ENDDO         
  C:4A6DH         LINE#         168
  C:4A78H         LINE#         169
  C:4A78H         LINE#         171
  C:4A90H         LINE#         172
  C:4A90H         LINE#         174
  C:4A93H         LINE#         176
  C:4A96H         LINE#         178
  -------         ENDPROC       _LCD_PUTS
  -------         PROC          _LCD_TEXT
  D:0006H         SYMBOL        row
  D:0005H         SYMBOL        offset
  D:0001H         SYMBOL        lcd
  C:0016H         LINE#         179
  C:0018H         LINE#         180
  C:0018H         LINE#         181
  C:001FH         LINE#         182
  -------         ENDPROC       _LCD_TEXT
  -------         PROC          VE_DIR
  C:4A97H         LINE#         185
  C:4A97H         LINE#         186
  C:4A97H         LINE#         187
  C:4A99H         LINE#         188
  C:4A9BH         LINE#         190
  C:4A9EH         LINE#         191
  C:4AA4H         LINE#         193
  C:4AA7H         LINE#         194
  C:4AA7H         LINE#         195
  C:4AAAH         LINE#         196
  C:4AAAH         LINE#         197
  C:4AADH         LINE#         198
  C:4AADH         LINE#         199
  C:4AB4H         LINE#         200
  C:4AB4H         LINE#         201
  C:4AB9H         LINE#         202
  -------         ENDPROC       VE_DIR
  -------         PROC          BORRALCD_L1
  -------         DO            
  D:0004H         SYMBOL        k
  -------         ENDDO         
  C:4BDAH         LINE#         206
  C:4BDAH         LINE#         207
  C:4BDAH         LINE#         210
  C:4BDFH         LINE#         211
  C:4BEBH         LINE#         212
  C:4BEBH         LINE#         213
  C:4BF0H         LINE#         214
  C:4BF3H         LINE#         215
  -------         ENDPROC       BORRALCD_L1
  -------         PROC          BORRALCD_L2
  -------         DO            
  D:0004H         SYMBOL        k
  -------         ENDDO         
  C:4BF4H         LINE#         217
  C:4BF4H         LINE#         218
  C:4BF4H         LINE#         221
BL51 BANKED LINKER/LOCATER V6.22.2.0                                                  06/11/2021  12:39:41  PAGE 66


  C:4BF9H         LINE#         222
  C:4C05H         LINE#         223
  C:4C05H         LINE#         224
  C:4C0AH         LINE#         225
  C:4C0DH         LINE#         226
  -------         ENDPROC       BORRALCD_L2
  -------         PROC          BORRA_ALL
  C:4CDAH         LINE#         227
  C:4CDAH         LINE#         228
  C:4CDAH         LINE#         229
  C:4CDDH         LINE#         230
  -------         ENDPROC       BORRA_ALL
  -------         ENDMOD        DISPLAY

  -------         MODULE        ?C?COPY
  C:3E96H         PUBLIC        ?C?COPY
  -------         ENDMOD        ?C?COPY

  -------         MODULE        ?C?CLDOPTR
  C:3EBCH         PUBLIC        ?C?CLDOPTR
  -------         ENDMOD        ?C?CLDOPTR

  -------         MODULE        ?C?LSTXDATA
  C:3EE9H         PUBLIC        ?C?LSTXDATA
  -------         ENDMOD        ?C?LSTXDATA

  -------         MODULE        ?C?LSTKXDATA
  C:3EF5H         PUBLIC        ?C?LSTKXDATA
  -------         ENDMOD        ?C?LSTKXDATA

  -------         MODULE        PRINTF
  X:0276H         PUBLIC        ?_PRINTF517?BYTE
  X:0276H         PUBLIC        ?_PRINTF?BYTE
  X:0276H         PUBLIC        ?_SPRINTF517?BYTE
  X:0276H         PUBLIC        ?_SPRINTF?BYTE
  C:3ACCH         PUBLIC        _PRINTF
  C:3ACCH         PUBLIC        _PRINTF517
  C:3AC6H         PUBLIC        _SPRINTF
  C:3AC6H         PUBLIC        _SPRINTF517
  -------         ENDMOD        PRINTF

  -------         MODULE        STRNCPY
  X:0264H         PUBLIC        ?_strncpy?BYTE
  C:47F6H         PUBLIC        _strncpy
  -------         ENDMOD        STRNCPY

  -------         MODULE        ?C?CLDPTR
  C:3F26H         PUBLIC        ?C?CLDPTR
  -------         ENDMOD        ?C?CLDPTR

  -------         MODULE        ?C?CSTPTR
  C:3F3FH         PUBLIC        ?C?CSTPTR
  -------         ENDMOD        ?C?CSTPTR

  -------         MODULE        ?C?CSTOPTR
  C:3F51H         PUBLIC        ?C?CSTOPTR
  -------         ENDMOD        ?C?CSTOPTR
BL51 BANKED LINKER/LOCATER V6.22.2.0                                                  06/11/2021  12:39:41  PAGE 67



  -------         MODULE        ?C?IILDX
  C:3F73H         PUBLIC        ?C?IILDX
  -------         ENDMOD        ?C?IILDX

  -------         MODULE        ?C?ILDIX
  C:3F89H         PUBLIC        ?C?ILDIX
  -------         ENDMOD        ?C?ILDIX

  -------         MODULE        ?C?PLDIXDATA
  C:3F9FH         PUBLIC        ?C?PLDIXDATA
  -------         ENDMOD        ?C?PLDIXDATA

  -------         MODULE        ?C?PSTXDATA
  C:3FB6H         PUBLIC        ?C?PSTXDATA
  -------         ENDMOD        ?C?PSTXDATA

  -------         MODULE        ?C?CCASE
  C:3FBFH         PUBLIC        ?C?CCASE
  -------         ENDMOD        ?C?CCASE

  -------         MODULE        PUTCHAR
  C:4B39H         PUBLIC        _PUTCHAR
  -------         ENDMOD        PUTCHAR

Program Size: data=27.7 xdata=745 code=19692
LINK/LOCATE RUN COMPLETE.  0 WARNING(S),  0 ERROR(S)
